ARM Linker, 5.03 [Build 76] [MDK-ARM Standard]

==============================================================================

Section Cross References

    stm32f10x_vector.o(STACK) refers (Special) to heapauxi.o(.text) for __use_two_region_memory
    stm32f10x_vector.o(HEAP) refers (Special) to heapauxi.o(.text) for __use_two_region_memory
    stm32f10x_vector.o(RESET) refers (Special) to heapauxi.o(.text) for __use_two_region_memory
    stm32f10x_vector.o(RESET) refers to stm32f10x_vector.o(STACK) for __initial_sp
    stm32f10x_vector.o(RESET) refers to stm32f10x_vector.o(.text) for Reset_Handler
    stm32f10x_vector.o(RESET) refers to stm32f10x_it.o(.text) for NMIException
    stm32f10x_vector.o(.text) refers (Special) to heapauxi.o(.text) for __use_two_region_memory
    stm32f10x_vector.o(.text) refers to __main.o(!!!main) for __main
    stm32f10x_vector.o(.text) refers to stm32f10x_vector.o(HEAP) for Heap_Mem
    stm32f10x_vector.o(.text) refers to stm32f10x_vector.o(STACK) for Stack_Mem
    stm32f10x_rcc.o(.text) refers to stm32f10x_rcc.o(.constdata) for APBAHBPrescTable
    stm32f10x_tim.o(.text) refers to stm32f10x_rcc.o(.text) for RCC_APB2PeriphResetCmd
    stm32f10x_gpio.o(.text) refers to stm32f10x_rcc.o(.text) for RCC_APB2PeriphResetCmd
    stm32f10x_adc.o(.text) refers to stm32f10x_rcc.o(.text) for RCC_APB2PeriphResetCmd
    stm32f10x_nvic.o(.text) refers to cortexm3_macro.o(.text) for __SETPRIMASK
    test.o(.text) refers to user.o(.text) for Sys_Init
    test.o(.text) refers to track_jg.o(.text) for main_test
    stm32f10x_it.o(.text) refers to colour.o(.data) for Colour_num
    delay.o(.text) refers to delay.o(.data) for fac_us
    user.o(.text) refers to sys.o(.text) for Stm32_Clock_Init
    user.o(.text) refers to delay.o(.text) for delay_init
    user.o(.text) refers to lcd5110.o(.text) for N5110_Init
    user.o(.text) refers to getsensor.o(.text) for Sensor_Init
    user.o(.text) refers to driver.o(.text) for servo_Configuration
    user.o(.text) refers to beep.o(.text) for Beep_Init
    user.o(.text) refers to key.o(.text) for Key_Init
    user.o(.text) refers to iic.o(.text) for IIC_Init
    user.o(.text) refers to colour.o(.text) for TCS230_Init
    driver.o(.text) refers to stm32f10x_rcc.o(.text) for RCC_APB1PeriphClockCmd
    driver.o(.text) refers to stm32f10x_gpio.o(.text) for GPIO_PinRemapConfig
    driver.o(.text) refers to stm32f10x_tim.o(.text) for TIM_TimeBaseInit
    getsensor.o(.text) refers to stm32f10x_dma.o(.text) for DMA_DeInit
    getsensor.o(.text) refers to stm32f10x_adc.o(.text) for ADC_DeInit
    getsensor.o(.text) refers to stm32f10x_gpio.o(.text) for GPIO_Init
    getsensor.o(.text) refers to stm32f10x_rcc.o(.text) for RCC_APB2PeriphClockCmd
    getsensor.o(.text) refers to getsensor.o(.bss) for AD_Value
    iic.o(.text) refers to delay.o(.text) for delay_us
    distance.o(.text) refers to getsensor.o(.text) for analog
    compass.o(.text) refers to delay.o(.text) for delay_us
    colour.o(.text) refers to stm32f10x_rcc.o(.text) for RCC_APB1PeriphClockCmd
    colour.o(.text) refers to sys.o(.text) for MY_NVIC_Init
    colour.o(.text) refers to delay.o(.text) for delay_ms
    colour.o(.text) refers to fflt_clz.o(x$fpl$ffltu) for __aeabi_ui2f
    colour.o(.text) refers to faddsub_clz.o(x$fpl$fadd) for __aeabi_fadd
    colour.o(.text) refers to fdiv.o(x$fpl$fdiv) for __aeabi_fdiv
    colour.o(.text) refers to f2d.o(x$fpl$f2d) for __aeabi_f2d
    colour.o(.text) refers to dmul.o(x$fpl$dmul) for __aeabi_dmul
    colour.o(.text) refers to drleqf.o(x$fpl$drleqf) for __aeabi_cdrcmple
    colour.o(.text) refers to fmul.o(x$fpl$fmul) for __aeabi_fmul
    colour.o(.text) refers to fleqf.o(x$fpl$fleqf) for __aeabi_cfcmple
    colour.o(.text) refers to lcd5110.o(.text) for show_string
    colour.o(.text) refers to colour.o(.data) for Colour_num
    lcd5110.o(.text) refers to lcd5110.o(.data) for ascii_dot
    track_jg.o(.text) refers to stm32f10x_gpio.o(.text) for GPIO_ReadInputDataBit
    track_jg.o(.text) refers to driver.o(.text) for DMotor_Control_Par
    track_jg.o(.text) refers to delay.o(.text) for delay_ms
    track_jg.o(.text) refers to track_jg.o(.data) for flag_1
    track_jg.o(.text) refers to colour.o(.text) for TCS230_Read_Colour
    __main.o(!!!main) refers to rtentry.o(.ARM.Collect$$rtentry$$00000000) for __rt_entry
    dmul.o(x$fpl$dmul) refers (Special) to usenofp.o(x$fpl$usenofp) for __I$use$fp
    dmul.o(x$fpl$dmul) refers to dretinf.o(x$fpl$dretinf) for __fpl_dretinf
    dmul.o(x$fpl$dmul) refers to dnaninf.o(x$fpl$dnaninf) for __fpl_dnaninf
    drleqf.o(x$fpl$drleqf) refers (Special) to usenofp.o(x$fpl$usenofp) for __I$use$fp
    drleqf.o(x$fpl$drleqf) refers to dleqf.o(x$fpl$dleqf) for __fpl_dcmple_InfNaN
    f2d.o(x$fpl$f2d) refers (Special) to usenofp.o(x$fpl$usenofp) for __I$use$fp
    f2d.o(x$fpl$f2d) refers to fnaninf.o(x$fpl$fnaninf) for __fpl_fnaninf
[...]
    libinit.o(.ARM.Collect$$libinit$$00000000) refers (Special) to libinit2.o(.ARM.Collect$$libinit$$00000021) for __rt_lib_init_getenv_1
    libinit.o(.ARM.Collect$$libinit$$00000000) refers (Special) to libinit2.o(.ARM.Collect$$libinit$$00000008) for __rt_lib_init_heap_1
    libinit.o(.ARM.Collect$$libinit$$00000000) refers (Special) to libinit2.o(.ARM.Collect$$libinit$$0000000F) for __rt_lib_init_lc_collate_1
    libinit.o(.ARM.Collect$$libinit$$00000000) refers (Special) to libinit2.o(.ARM.Collect$$libinit$$00000011) for __rt_lib_init_lc_ctype_1
    libinit.o(.ARM.Collect$$libinit$$00000000) refers (Special) to libinit2.o(.ARM.Collect$$libinit$$00000013) for __rt_lib_init_lc_monetary_1
    libinit.o(.ARM.Collect$$libinit$$00000000) refers (Special) to libinit2.o(.ARM.Collect$$libinit$$00000015) for __rt_lib_init_lc_numeric_1
    libinit.o(.ARM.Collect$$libinit$$00000000) refers (Special) to libinit2.o(.ARM.Collect$$libinit$$00000017) for __rt_lib_init_lc_time_1
    libinit.o(.ARM.Collect$$libinit$$00000000) refers (Special) to libinit2.o(.ARM.Collect$$libinit$$0000000C) for __rt_lib_init_rand_1
    libinit.o(.ARM.Collect$$libinit$$00000000) refers (Special) to libinit2.o(.ARM.Collect$$libinit$$00000031) for __rt_lib_init_return
    libinit.o(.ARM.Collect$$libinit$$00000000) refers (Special) to libinit2.o(.ARM.Collect$$libinit$$0000001B) for __rt_lib_init_signal_1
    libinit.o(.ARM.Collect$$libinit$$00000000) refers (Special) to libinit2.o(.ARM.Collect$$libinit$$00000023) for __rt_lib_init_stdio_1
    libinit.o(.ARM.Collect$$libinit$$00000000) refers (Special) to libinit2.o(.ARM.Collect$$libinit$$0000000A) for __rt_lib_init_user_alloc_1
    libspace.o(.text) refers to libspace.o(.bss) for __libspace_start
    rtexit.o(.ARM.Collect$$rtexit$$00000000) refers (Special) to rtexit2.o(.ARM.Collect$$rtexit$$00000004) for __rt_exit_exit
    rtexit.o(.ARM.Collect$$rtexit$$00000000) refers (Special) to rtexit2.o(.ARM.Collect$$rtexit$$00000003) for __rt_exit_ls
    rtexit.o(.ARM.Collect$$rtexit$$00000000) refers (Special) to rtexit2.o(.ARM.Collect$$rtexit$$00000002) for __rt_exit_prels_1
    rtexit.o(.ARM.exidx) refers (Special) to rtexit2.o(.ARM.Collect$$rtexit$$00000004) for __rt_exit_exit
    rtexit.o(.ARM.exidx) refers (Special) to rtexit2.o(.ARM.Collect$$rtexit$$00000003) for __rt_exit_ls
    rtexit.o(.ARM.exidx) refers (Special) to rtexit2.o(.ARM.Collect$$rtexit$$00000002) for __rt_exit_prels_1
    rtexit.o(.ARM.exidx) refers to rtexit.o(.ARM.Collect$$rtexit$$00000000) for .ARM.Collect$$rtexit$$00000000
    libinit2.o(.ARM.Collect$$libinit$$0000000E) refers to libinit2.o(.ARM.Collect$$libinit$$0000000D) for .ARM.Collect$$libinit$$0000000D
    libinit2.o(.ARM.Collect$$libinit$$00000010) refers to libinit2.o(.ARM.Collect$$libinit$$0000000D) for .ARM.Collect$$libinit$$0000000D
    libinit2.o(.ARM.Collect$$libinit$$00000012) refers to libinit2.o(.ARM.Collect$$libinit$$0000000D) for .ARM.Collect$$libinit$$0000000D
    libinit2.o(.ARM.Collect$$libinit$$00000014) refers to libinit2.o(.ARM.Collect$$libinit$$0000000D) for .ARM.Collect$$libinit$$0000000D
    libinit2.o(.ARM.Collect$$libinit$$00000016) refers to libinit2.o(.ARM.Collect$$libinit$$0000000D) for .ARM.Collect$$libinit$$0000000D
    libinit2.o(.ARM.Collect$$libinit$$00000024) refers to argv_veneer.o(.emb_text) for __ARM_argv_veneer
    libinit2.o(.ARM.Collect$$libinit$$00000025) refers to argv_veneer.o(.emb_text) for __ARM_argv_veneer
    rtexit2.o(.ARM.Collect$$rtexit$$00000003) refers to libshutdown.o(.ARM.Collect$$libshutdown$$00000000) for __rt_lib_shutdown
    rtexit2.o(.ARM.Collect$$rtexit$$00000004) refers to sys_exit.o(.text) for _sys_exit
    rtexit2.o(.ARM.exidx) refers to rtexit2.o(.ARM.Collect$$rtexit$$00000001) for .ARM.Collect$$rtexit$$00000001
    rtexit2.o(.ARM.exidx) refers to rtexit2.o(.ARM.Collect$$rtexit$$00000003) for .ARM.Collect$$rtexit$$00000003
    rtexit2.o(.ARM.exidx) refers to rtexit2.o(.ARM.Collect$$rtexit$$00000004) for .ARM.Collect$$rtexit$$00000004
    argv_veneer.o(.emb_text) refers to no_argv.o(.text) for __ARM_get_argv
    sys_exit.o(.text) refers (Special) to use_no_semi.o(.text) for __I$use$semihosting
    sys_exit.o(.text) refers (Special) to indicate_semi.o(.text) for __semihosting_library_function
    _get_argv_nomalloc.o(.text) refers (Special) to hrguard.o(.text) for __heap_region$guard
    _get_argv_nomalloc.o(.text) refers to defsig_rtmem_outer.o(.text) for __rt_SIGRTMEM
    _get_argv_nomalloc.o(.text) refers to sys_command.o(.text) for _sys_command_string
    libshutdown.o(.ARM.Collect$$libshutdown$$00000000) refers (Special) to libshutdown2.o(.ARM.Collect$$libshutdown$$00000006) for __rt_lib_shutdown_fp_trap_1
    libshutdown.o(.ARM.Collect$$libshutdown$$00000000) refers (Special) to libshutdown2.o(.ARM.Collect$$libshutdown$$0000000E) for __rt_lib_shutdown_heap_1
    libshutdown.o(.ARM.Collect$$libshutdown$$00000000) refers (Special) to libshutdown2.o(.ARM.Collect$$libshutdown$$0000000F) for __rt_lib_shutdown_return
    libshutdown.o(.ARM.Collect$$libshutdown$$00000000) refers (Special) to libshutdown2.o(.ARM.Collect$$libshutdown$$00000009) for __rt_lib_shutdown_signal_1
    libshutdown.o(.ARM.Collect$$libshutdown$$00000000) refers (Special) to libshutdown2.o(.ARM.Collect$$libshutdown$$00000003) for __rt_lib_shutdown_stdio_1
    libshutdown.o(.ARM.Collect$$libshutdown$$00000000) refers (Special) to libshutdown2.o(.ARM.Collect$$libshutdown$$0000000B) for __rt_lib_shutdown_user_alloc_1
    sys_command.o(.text) refers (Special) to use_no_semi.o(.text) for __I$use$semihosting
    sys_command.o(.text) refers (Special) to indicate_semi.o(.text) for __semihosting_library_function
    defsig_rtmem_outer.o(.text) refers to defsig_rtmem_inner.o(.text) for __rt_SIGRTMEM_inner
    defsig_rtmem_outer.o(.text) refers to defsig_exit.o(.text) for __sig_exit
    defsig_rtmem_formal.o(.text) refers to rt_raise.o(.text) for __rt_raise
    rt_raise.o(.text) refers to __raise.o(.text) for __raise
    rt_raise.o(.text) refers to sys_exit.o(.text) for _sys_exit
    defsig_exit.o(.text) refers to sys_exit.o(.text) for _sys_exit
    defsig_rtmem_inner.o(.text) refers to defsig_general.o(.text) for __default_signal_display
    __raise.o(.text) refers to defsig.o(CL$$defsig) for __default_signal_handler
    defsig_general.o(.text) refers to sys_wrch.o(.text) for _ttywrch
    sys_wrch.o(.text) refers (Special) to use_no_semi.o(.text) for __I$use$semihosting
    sys_wrch.o(.text) refers (Special) to indicate_semi.o(.text) for __semihosting_library_function
    defsig.o(CL$$defsig) refers to defsig_rtmem_inner.o(.text) for __rt_SIGRTMEM_inner
    defsig_abrt_inner.o(.text) refers to defsig_general.o(.text) for __default_signal_display
    defsig_fpe_inner.o(.text) refers to defsig_general.o(.text) for __default_signal_display
    defsig_rtred_inner.o(.text) refers to defsig_general.o(.text) for __default_signal_display
    defsig_stak_inner.o(.text) refers to defsig_general.o(.text) for __default_signal_display
    defsig_pvfn_inner.o(.text) refers to defsig_general.o(.text) for __default_signal_display
    defsig_cppl_inner.o(.text) refers to defsig_general.o(.text) for __default_signal_display
    defsig_segv_inner.o(.text) refers to defsig_general.o(.text) for __default_signal_display
    defsig_other.o(.text) refers to defsig_general.o(.text) for __default_signal_display


==============================================================================

Removing Unused input sections from the image.

    Removing cortexm3_macro.o(.text), (122 bytes).
    Removing stm32f10x_nvic.o(.text), (984 bytes).
    Removing sys.o(.emb_text), (2 bytes).
    Removing led.o(.text), (84 bytes).
    Removing distance.o(.text), (22 bytes).
    Removing compass.o(.text), (932 bytes).

6 unused section(s) (total 2146 bytes) removed from the image.

==============================================================================

Image Symbol Table

    Local Symbols

    Symbol Name                              Value     Ov Type        Size  Object(Section)

    ../clib/angel/boardlib.s                 0x00000000   Number         0  boardinit2.o ABSOLUTE
    ../clib/angel/boardlib.s                 0x00000000   Number         0  boardinit1.o ABSOLUTE
    ../clib/angel/boardlib.s                 0x00000000   Number         0  boardshut.o ABSOLUTE
    ../clib/angel/boardlib.s                 0x00000000   Number         0  boardinit3.o ABSOLUTE
    ../clib/angel/dclz77c.s                  0x00000000   Number         0  __dclz77c.o ABSOLUTE
    ../clib/angel/handlers.s                 0x00000000   Number         0  __scatter_zi.o ABSOLUTE
    ../clib/angel/kernel.s                   0x00000000   Number         0  rtexit2.o ABSOLUTE
    ../clib/angel/kernel.s                   0x00000000   Number         0  rtexit.o ABSOLUTE
    ../clib/angel/kernel.s                   0x00000000   Number         0  rtentry2.o ABSOLUTE
    ../clib/angel/kernel.s                   0x00000000   Number         0  rtentry4.o ABSOLUTE
    ../clib/angel/kernel.s                   0x00000000   Number         0  rtentry.o ABSOLUTE
    ../clib/angel/rt.s                       0x00000000   Number         0  rt_raise.o ABSOLUTE
    ../clib/angel/scatter.s                  0x00000000   Number         0  __scatter.o ABSOLUTE
    ../clib/angel/startup.s                  0x00000000   Number         0  __main.o ABSOLUTE
    ../clib/angel/sys.s                      0x00000000   Number         0  sys_stackheap_outer.o ABSOLUTE
    ../clib/angel/sys.s                      0x00000000   Number         0  indicate_semi.o ABSOLUTE
    ../clib/angel/sys.s                      0x00000000   Number         0  use_no_semi.o ABSOLUTE
    ../clib/angel/sys.s                      0x00000000   Number         0  libspace.o ABSOLUTE
    ../clib/angel/sysapp.c                   0x00000000   Number         0  sys_exit.o ABSOLUTE
    ../clib/angel/sysapp.c                   0x00000000   Number         0  sys_wrch.o ABSOLUTE
    ../clib/angel/sysapp.c                   0x00000000   Number         0  sys_command.o ABSOLUTE
    ../clib/armsys.c                         0x00000000   Number         0  argv_veneer.o ABSOLUTE
    ../clib/armsys.c                         0x00000000   Number         0  argv_veneer.o ABSOLUTE
    ../clib/armsys.c                         0x00000000   Number         0  no_argv.o ABSOLUTE
    ../clib/armsys.c                         0x00000000   Number         0  _get_argv_nomalloc.o ABSOLUTE
    ../clib/heapalloc.c                      0x00000000   Number         0  hrguard.o ABSOLUTE
    ../clib/heapaux.c                        0x00000000   Number         0  heapauxi.o ABSOLUTE
    ../clib/libinit.s                        0x00000000   Number         0  libshutdown2.o ABSOLUTE
    ../clib/libinit.s                        0x00000000   Number         0  libinit2.o ABSOLUTE
    ../clib/libinit.s                        0x00000000   Number         0  libshutdown.o ABSOLUTE
    ../clib/libinit.s                        0x00000000   Number         0  libinit.o ABSOLUTE
    ../clib/signal.c                         0x00000000   Number         0  defsig_pvfn_inner.o ABSOLUTE
    ../clib/signal.c                         0x00000000   Number         0  defsig_general.o ABSOLUTE
    ../clib/signal.c                         0x00000000   Number         0  __raise.o ABSOLUTE
    ../clib/signal.c                         0x00000000   Number         0  defsig_rtmem_inner.o ABSOLUTE
    ../clib/signal.c                         0x00000000   Number         0  defsig_exit.o ABSOLUTE
    ../clib/signal.c                         0x00000000   Number         0  defsig_cppl_inner.o ABSOLUTE
    ../clib/signal.c                         0x00000000   Number         0  defsig_rtmem_formal.o ABSOLUTE
    ../clib/signal.c                         0x00000000   Number         0  defsig_rtmem_outer.o ABSOLUTE
    ../clib/signal.c                         0x00000000   Number         0  defsig_segv_inner.o ABSOLUTE
    ../clib/signal.c                         0x00000000   Number         0  defsig_other.o ABSOLUTE
    ../clib/signal.c                         0x00000000   Number         0  defsig_abrt_inner.o ABSOLUTE
    ../clib/signal.c                         0x00000000   Number         0  defsig_fpe_inner.o ABSOLUTE
    ../clib/signal.c                         0x00000000   Number         0  defsig_rtred_inner.o ABSOLUTE
    ../clib/signal.c                         0x00000000   Number         0  defsig_stak_inner.o ABSOLUTE
    ../clib/signal.s                         0x00000000   Number         0  defsig.o ABSOLUTE
    ../clib/stdlib.c                         0x00000000   Number         0  exit.o ABSOLUTE
    ../fplib/dcmpi.s                         0x00000000   Number         0  dcmpi.o ABSOLUTE
    ../fplib/dleqf.s                         0x00000000   Number         0  dleqf.o ABSOLUTE
    ../fplib/dmul.s                          0x00000000   Number         0  dmul.o ABSOLUTE
    ../fplib/dnaninf.s                       0x00000000   Number         0  dnaninf.o ABSOLUTE
    ../fplib/dretinf.s                       0x00000000   Number         0  dretinf.o ABSOLUTE
    ../fplib/drleqf.s                        0x00000000   Number         0  drleqf.o ABSOLUTE
    ../fplib/f2d.s                           0x00000000   Number         0  f2d.o ABSOLUTE
    ../fplib/faddsub.s                       0x00000000   Number         0  faddsub_clz.o ABSOLUTE
    ../fplib/fcmpi.s                         0x00000000   Number         0  fcmpi.o ABSOLUTE
    ../fplib/fdiv.s                          0x00000000   Number         0  fdiv.o ABSOLUTE
    ../fplib/fflt.s                          0x00000000   Number         0  fflt_clz.o ABSOLUTE
    ../fplib/fleqf.s                         0x00000000   Number         0  fleqf.o ABSOLUTE
    ../fplib/fmul.s                          0x00000000   Number         0  fmul.o ABSOLUTE
    ../fplib/fnaninf.s                       0x00000000   Number         0  fnaninf.o ABSOLUTE
    ../fplib/fpinit.s                        0x00000000   Number         0  fpinit.o ABSOLUTE
    ../fplib/fretinf.s                       0x00000000   Number         0  fretinf.o ABSOLUTE
    ../fplib/usenofp.s                       0x00000000   Number         0  usenofp.o ABSOLUTE
    ..\HARDWARE\BEEP\beep.c                  0x00000000   Number         0  beep.o ABSOLUTE
    ..\HARDWARE\COLOUR\colour.c              0x00000000   Number         0  colour.o ABSOLUTE
    ..\HARDWARE\COMPASS\compass.c            0x00000000   Number         0  compass.o ABSOLUTE
    ..\HARDWARE\DISTANCE\distance.c          0x00000000   Number         0  distance.o ABSOLUTE
    ..\HARDWARE\DRIVER\driver.c              0x00000000   Number         0  driver.o ABSOLUTE
    ..\HARDWARE\GETSENSOR\getsensor.c        0x00000000   Number         0  getsensor.o ABSOLUTE
    ..\HARDWARE\IIC\iic.c                    0x00000000   Number         0  iic.o ABSOLUTE
    ..\HARDWARE\KEY\key.c                    0x00000000   Number         0  key.o ABSOLUTE
    ..\HARDWARE\LED\led.c                    0x00000000   Number         0  led.o ABSOLUTE
    ..\LCD5110\lcd5110.c                     0x00000000   Number         0  lcd5110.o ABSOLUTE
    ..\SYSTEM\delay\delay.c                  0x00000000   Number         0  delay.o ABSOLUTE
    ..\SYSTEM\sys\sys.c                      0x00000000   Number         0  sys.o ABSOLUTE
    ..\SYSTEM\user\user.c                    0x00000000   Number         0  user.o ABSOLUTE
    ..\\SYSTEM\\sys\\sys.c                   0x00000000   Number         0  sys.o ABSOLUTE
    ..\lib\src\stm32f10x_adc.c               0x00000000   Number         0  stm32f10x_adc.o ABSOLUTE
    ..\lib\src\stm32f10x_dma.c               0x00000000   Number         0  stm32f10x_dma.o ABSOLUTE
    ..\lib\src\stm32f10x_gpio.c              0x00000000   Number         0  stm32f10x_gpio.o ABSOLUTE
    ..\lib\src\stm32f10x_nvic.c              0x00000000   Number         0  stm32f10x_nvic.o ABSOLUTE
    ..\lib\src\stm32f10x_rcc.c               0x00000000   Number         0  stm32f10x_rcc.o ABSOLUTE
    ..\lib\src\stm32f10x_tim.c               0x00000000   Number         0  stm32f10x_tim.o ABSOLUTE
    ..\start\cortexm3_macro.s                0x00000000   Number         0  cortexm3_macro.o ABSOLUTE
    ..\start\stm32f10x_vector.s              0x00000000   Number         0  stm32f10x_vector.o ABSOLUTE
    ..\track_jg\track_jg.c                   0x00000000   Number         0  track_jg.o ABSOLUTE
    dc.s                                     0x00000000   Number         0  dc.o ABSOLUTE
    stm32f10x_it.c                           0x00000000   Number         0  stm32f10x_it.o ABSOLUTE
    test.c                                   0x00000000   Number         0  test.o ABSOLUTE
    RESET                                    0x08000000   Section      304  stm32f10x_vector.o(RESET)
    !!!main                                  0x08000130   Section        8  __main.o(!!!main)
    !!!scatter                               0x08000138   Section       52  __scatter.o(!!!scatter)
    !!dclz77c                                0x0800016c   Section      100  __dclz77c.o(!!dclz77c)
    !!handler_zi                             0x080001d0   Section       28  __scatter_zi.o(!!handler_zi)
    .ARM.Collect$$libinit$$00000000          0x080001ec   Section        2  libinit.o(.ARM.Collect$$libinit$$00000000)
    .ARM.Collect$$libinit$$00000002          0x080001ee   Section        0  libinit2.o(.ARM.Collect$$libinit$$00000002)
    .ARM.Collect$$libinit$$00000008          0x080001ee   Section        0  libinit2.o(.ARM.Collect$$libinit$$00000008)
    .ARM.Collect$$libinit$$0000000A          0x080001ee   Section        0  libinit2.o(.ARM.Collect$$libinit$$0000000A)
    .ARM.Collect$$libinit$$0000000C          0x080001ee   Section        0  libinit2.o(.ARM.Collect$$libinit$$0000000C)
    .ARM.Collect$$libinit$$0000000F          0x080001ee   Section        0  libinit2.o(.ARM.Collect$$libinit$$0000000F)
    .ARM.Collect$$libinit$$00000011          0x080001ee   Section        0  libinit2.o(.ARM.Collect$$libinit$$00000011)
    .ARM.Collect$$libinit$$00000013          0x080001ee   Section        0  libinit2.o(.ARM.Collect$$libinit$$00000013)
    .ARM.Collect$$libinit$$00000015          0x080001ee   Section        0  libinit2.o(.ARM.Collect$$libinit$$00000015)
    .ARM.Collect$$libinit$$00000017          0x080001ee   Section        0  libinit2.o(.ARM.Collect$$libinit$$00000017)
    .ARM.Collect$$libinit$$00000019          0x080001ee   Section        0  libinit2.o(.ARM.Collect$$libinit$$00000019)
    .ARM.Collect$$libinit$$0000001B          0x080001ee   Section        0  libinit2.o(.ARM.Collect$$libinit$$0000001B)
    .ARM.Collect$$libinit$$0000001D          0x080001ee   Section        0  libinit2.o(.ARM.Collect$$libinit$$0000001D)
    .ARM.Collect$$libinit$$0000001F          0x080001ee   Section        0  libinit2.o(.ARM.Collect$$libinit$$0000001F)
    .ARM.Collect$$libinit$$00000021          0x080001ee   Section        0  libinit2.o(.ARM.Collect$$libinit$$00000021)
    .ARM.Collect$$libinit$$00000023          0x080001ee   Section        0  libinit2.o(.ARM.Collect$$libinit$$00000023)
    .ARM.Collect$$libinit$$0000002A          0x080001ee   Section        0  libinit2.o(.ARM.Collect$$libinit$$0000002A)
    .ARM.Collect$$libinit$$0000002C          0x080001ee   Section        0  libinit2.o(.ARM.Collect$$libinit$$0000002C)
    .ARM.Collect$$libinit$$0000002E          0x080001ee   Section        0  libinit2.o(.ARM.Collect$$libinit$$0000002E)
    .ARM.Collect$$libinit$$00000030          0x080001ee   Section        0  libinit2.o(.ARM.Collect$$libinit$$00000030)
    .ARM.Collect$$libinit$$00000031          0x080001ee   Section        2  libinit2.o(.ARM.Collect$$libinit$$00000031)
    .ARM.Collect$$libshutdown$$00000000      0x080001f0   Section        2  libshutdown.o(.ARM.Collect$$libshutdown$$00000000)
    .ARM.Collect$$libshutdown$$00000003      0x080001f2   Section        0  libshutdown2.o(.ARM.Collect$$libshutdown$$00000003)
    .ARM.Collect$$libshutdown$$00000006      0x080001f2   Section        0  libshutdown2.o(.ARM.Collect$$libshutdown$$00000006)
    .ARM.Collect$$libshutdown$$00000009      0x080001f2   Section        0  libshutdown2.o(.ARM.Collect$$libshutdown$$00000009)
    .ARM.Collect$$libshutdown$$0000000B      0x080001f2   Section        0  libshutdown2.o(.ARM.Collect$$libshutdown$$0000000B)
    .ARM.Collect$$libshutdown$$0000000E      0x080001f2   Section        0  libshutdown2.o(.ARM.Collect$$libshutdown$$0000000E)
    .ARM.Collect$$libshutdown$$0000000F      0x080001f2   Section        2  libshutdown2.o(.ARM.Collect$$libshutdown$$0000000F)
    .ARM.Collect$$rtentry$$00000000          0x080001f4   Section        0  rtentry.o(.ARM.Collect$$rtentry$$00000000)
    .ARM.Collect$$rtentry$$00000002          0x080001f4   Section        0  rtentry2.o(.ARM.Collect$$rtentry$$00000002)
    .ARM.Collect$$rtentry$$00000004          0x080001f4   Section        6  rtentry4.o(.ARM.Collect$$rtentry$$00000004)
    .ARM.Collect$$rtentry$$00000009          0x080001fa   Section        0  rtentry2.o(.ARM.Collect$$rtentry$$00000009)
    .ARM.Collect$$rtentry$$0000000A          0x080001fa   Section        4  rtentry2.o(.ARM.Collect$$rtentry$$0000000A)
    .ARM.Collect$$rtentry$$0000000C          0x080001fe   Section        0  rtentry2.o(.ARM.Collect$$rtentry$$0000000C)
    .ARM.Collect$$rtentry$$0000000D          0x080001fe   Section        8  rtentry2.o(.ARM.Collect$$rtentry$$0000000D)
    .ARM.Collect$$rtexit$$00000000           0x08000206   Section        2  rtexit.o(.ARM.Collect$$rtexit$$00000000)
    .ARM.Collect$$rtexit$$00000002           0x08000208   Section        0  rtexit2.o(.ARM.Collect$$rtexit$$00000002)
    .ARM.Collect$$rtexit$$00000003           0x08000208   Section        4  rtexit2.o(.ARM.Collect$$rtexit$$00000003)
    .ARM.Collect$$rtexit$$00000004           0x0800020c   Section        6  rtexit2.o(.ARM.Collect$$rtexit$$00000004)
    .text                                    0x08000214   Section       36  stm32f10x_vector.o(.text)
    .text                                    0x08000238   Section        0  stm32f10x_rcc.o(.text)
    .text                                    0x080005d8   Section        0  stm32f10x_tim.o(.text)
    TI4_Config                               0x080008f7   Thumb Code    82  stm32f10x_tim.o(.text)
    TI3_Config                               0x0800095b   Thumb Code    72  stm32f10x_tim.o(.text)
    TI2_Config                               0x080009cd   Thumb Code    80  stm32f10x_tim.o(.text)
    TI1_Config                               0x08000a2f   Thumb Code    56  stm32f10x_tim.o(.text)
    .text                                    0x080011a0   Section        0  stm32f10x_gpio.o(.text)
    .text                                    0x080014d0   Section        0  stm32f10x_adc.o(.text)
    .text                                    0x08001900   Section        0  stm32f10x_dma.o(.text)
    .text                                    0x08001b40   Section        0  test.o(.text)
    .text                                    0x08001b5c   Section        0  stm32f10x_it.o(.text)
    .text                                    0x08001c68   Section        0  delay.o(.text)
    .text                                    0x08001d18   Section        0  sys.o(.text)
    .text                                    0x08001fe8   Section        0  user.o(.text)
    .text                                    0x08002018   Section        0  driver.o(.text)
    .text                                    0x080024b8   Section        0  getsensor.o(.text)
    .text                                    0x08002978   Section        0  beep.o(.text)
    .text                                    0x080029a4   Section        0  iic.o(.text)
    .text                                    0x08002cf0   Section        0  key.o(.text)
    .text                                    0x08002d68   Section        0  colour.o(.text)
    .text                                    0x080031b8   Section        0  lcd5110.o(.text)
    .text                                    0x080036f4   Section        0  track_jg.o(.text)
    .text                                    0x08007804   Section        0  heapauxi.o(.text)
    .text                                    0x0800780a   Section       74  sys_stackheap_outer.o(.text)
    .text                                    0x08007854   Section        0  exit.o(.text)
    .text                                    0x08007860   Section        8  libspace.o(.text)
    .text                                    0x08007868   Section        0  sys_exit.o(.text)
    .text                                    0x08007874   Section        2  use_no_semi.o(.text)
    .text                                    0x08007876   Section        0  indicate_semi.o(.text)
    x$fpl$dcmpinf                            0x08007876   Section       24  dcmpi.o(x$fpl$dcmpinf)
    x$fpl$dleqf                              0x08007890   Section      120  dleqf.o(x$fpl$dleqf)
    x$fpl$dmul                               0x08007908   Section      340  dmul.o(x$fpl$dmul)
    x$fpl$dnaninf                            0x08007a5c   Section      156  dnaninf.o(x$fpl$dnaninf)
    x$fpl$dretinf                            0x08007af8   Section       12  dretinf.o(x$fpl$dretinf)
    x$fpl$drleqf                             0x08007b04   Section      108  drleqf.o(x$fpl$drleqf)
    x$fpl$f2d                                0x08007b70   Section       86  f2d.o(x$fpl$f2d)
    x$fpl$fadd                               0x08007bc8   Section      196  faddsub_clz.o(x$fpl$fadd)
    _fadd1                                   0x08007bd7   Thumb Code     0  faddsub_clz.o(x$fpl$fadd)
    x$fpl$fcmpinf                            0x08007c8c   Section       24  fcmpi.o(x$fpl$fcmpinf)
    x$fpl$fdiv                               0x08007ca4   Section      388  fdiv.o(x$fpl$fdiv)
    _fdiv1                                   0x08007ca5   Thumb Code     0  fdiv.o(x$fpl$fdiv)
    x$fpl$ffltu                              0x08007e28   Section       38  fflt_clz.o(x$fpl$ffltu)
    x$fpl$fleqf                              0x08007e50   Section      104  fleqf.o(x$fpl$fleqf)
    x$fpl$fmul                               0x08007eb8   Section      258  fmul.o(x$fpl$fmul)
    x$fpl$fnaninf                            0x08007fba   Section      140  fnaninf.o(x$fpl$fnaninf)
    x$fpl$fretinf                            0x08008046   Section       10  fretinf.o(x$fpl$fretinf)
    x$fpl$fsub                               0x08008050   Section      234  faddsub_clz.o(x$fpl$fsub)
    _fsub1                                   0x0800805f   Thumb Code     0  faddsub_clz.o(x$fpl$fsub)
    .constdata                               0x0800813a   Section       20  stm32f10x_rcc.o(.constdata)
    x$fpl$usenofp                            0x0800813a   Section        0  usenofp.o(x$fpl$usenofp)
    APBAHBPrescTable                         0x0800813a   Data          16  stm32f10x_rcc.o(.constdata)
    ADCPrescTable                            0x0800814a   Data           4  stm32f10x_rcc.o(.constdata)
    .data                                    0x20000000   Section        4  delay.o(.data)
    fac_us                                   0x20000000   Data           1  delay.o(.data)
    fac_ms                                   0x20000002   Data           2  delay.o(.data)
    .data                                    0x20000004   Section        5  colour.o(.data)
    .data                                    0x20000009   Section      567  lcd5110.o(.data)
    .data                                    0x20000240   Section       28  track_jg.o(.data)
    flag_1                                   0x20000248   Data           4  track_jg.o(.data)
    flag_3                                   0x2000024c   Data           4  track_jg.o(.data)
    .bss                                     0x2000025c   Section      132  getsensor.o(.bss)
    .bss                                     0x200002e0   Section       96  libspace.o(.bss)
    HEAP                                     0x20000340   Section     1024  stm32f10x_vector.o(HEAP)
    Heap_Mem                                 0x20000340   Data        1024  stm32f10x_vector.o(HEAP)
    STACK                                    0x20000740   Section     1024  stm32f10x_vector.o(STACK)
    Stack_Mem                                0x20000740   Data        1024  stm32f10x_vector.o(STACK)
    __initial_sp                             0x20000b40   Data           0  stm32f10x_vector.o(STACK)

    Global Symbols

    Symbol Name                              Value     Ov Type        Size  Object(Section)

    BuildAttributes$$THM_ISAv4$P$D$K$B$S$PE$A:L22UL41UL21$X:L11$S22US41US21$IEEE1$IW$USESV6$~STKCKD$USESV7$~SHL$OSPACE$ROPI$EBA8$UX$STANDARDLIB$REQ8$PRES8$EABIv2 0x00000000   Number         0  anon$$obj.o ABSOLUTE
    __ARM_use_no_argv                        0x00000000   Number         0  test.o ABSOLUTE
    __ARM_exceptions_init                     - Undefined Weak Reference
    __alloca_initialize                       - Undefined Weak Reference
    __cpp_initialize__aeabi_                  - Undefined Weak Reference
    __cxa_finalize                            - Undefined Weak Reference
    __rt_locale                               - Undefined Weak Reference
    __sigvec_lookup                           - Undefined Weak Reference
    _atexit_init                              - Undefined Weak Reference
    _call_atexit_fns                          - Undefined Weak Reference
    _clock_init                               - Undefined Weak Reference
    _fp_trap_init                             - Undefined Weak Reference
    _fp_trap_shutdown                         - Undefined Weak Reference
    _get_lc_collate                           - Undefined Weak Reference
    _get_lc_ctype                             - Undefined Weak Reference
    _get_lc_monetary                          - Undefined Weak Reference
    _get_lc_numeric                           - Undefined Weak Reference
    _get_lc_time                              - Undefined Weak Reference
    _getenv_init                              - Undefined Weak Reference
    _handle_redirection                       - Undefined Weak Reference
    _init_alloc                               - Undefined Weak Reference
    _init_user_alloc                          - Undefined Weak Reference
    _initio                                   - Undefined Weak Reference
    _rand_init                                - Undefined Weak Reference
    _signal_finish                            - Undefined Weak Reference
    _signal_init                              - Undefined Weak Reference
    _terminate_alloc                          - Undefined Weak Reference
    _terminate_user_alloc                     - Undefined Weak Reference
    _terminateio                              - Undefined Weak Reference
    __Vectors                                0x08000000   Data           4  stm32f10x_vector.o(RESET)
    __main                                   0x08000131   Thumb Code     8  __main.o(!!!main)
    __scatterload                            0x08000139   Thumb Code     0  __scatter.o(!!!scatter)
    __scatterload_rt2                        0x08000139   Thumb Code    44  __scatter.o(!!!scatter)
    __scatterload_rt2_thumb_only             0x08000139   Thumb Code     0  __scatter.o(!!!scatter)
    __scatterload_null                       0x08000147   Thumb Code     0  __scatter.o(!!!scatter)
    __decompress                             0x0800016d   Thumb Code   100  __dclz77c.o(!!dclz77c)
    __decompress2                            0x0800016d   Thumb Code     0  __dclz77c.o(!!dclz77c)
    __scatterload_zeroinit                   0x080001d1   Thumb Code    28  __scatter_zi.o(!!handler_zi)
    __rt_lib_init                            0x080001ed   Thumb Code     0  libinit.o(.ARM.Collect$$libinit$$00000000)
    __rt_lib_init_alloca_1                   0x080001ef   Thumb Code     0  libinit2.o(.ARM.Collect$$libinit$$0000002C)
    __rt_lib_init_argv_1                     0x080001ef   Thumb Code     0  libinit2.o(.ARM.Collect$$libinit$$0000002A)
    __rt_lib_init_atexit_1                   0x080001ef   Thumb Code     0  libinit2.o(.ARM.Collect$$libinit$$00000019)
    __rt_lib_init_clock_1                    0x080001ef   Thumb Code     0  libinit2.o(.ARM.Collect$$libinit$$0000001F)
    __rt_lib_init_cpp_1                      0x080001ef   Thumb Code     0  libinit2.o(.ARM.Collect$$libinit$$00000030)
    __rt_lib_init_exceptions_1               0x080001ef   Thumb Code     0  libinit2.o(.ARM.Collect$$libinit$$0000002E)
    __rt_lib_init_fp_1                       0x080001ef   Thumb Code     0  libinit2.o(.ARM.Collect$$libinit$$00000002)
    __rt_lib_init_fp_trap_1                  0x080001ef   Thumb Code     0  libinit2.o(.ARM.Collect$$libinit$$0000001D)
    __rt_lib_init_getenv_1                   0x080001ef   Thumb Code     0  libinit2.o(.ARM.Collect$$libinit$$00000021)
    __rt_lib_init_heap_1                     0x080001ef   Thumb Code     0  libinit2.o(.ARM.Collect$$libinit$$00000008)
    __rt_lib_init_lc_collate_1               0x080001ef   Thumb Code     0  libinit2.o(.ARM.Collect$$libinit$$0000000F)
    __rt_lib_init_lc_ctype_1                 0x080001ef   Thumb Code     0  libinit2.o(.ARM.Collect$$libinit$$00000011)
    __rt_lib_init_lc_monetary_1              0x080001ef   Thumb Code     0  libinit2.o(.ARM.Collect$$libinit$$00000013)
    __rt_lib_init_lc_numeric_1               0x080001ef   Thumb Code     0  libinit2.o(.ARM.Collect$$libinit$$00000015)
    __rt_lib_init_lc_time_1                  0x080001ef   Thumb Code     0  libinit2.o(.ARM.Collect$$libinit$$00000017)
    __rt_lib_init_rand_1                     0x080001ef   Thumb Code     0  libinit2.o(.ARM.Collect$$libinit$$0000000C)
    __rt_lib_init_return                     0x080001ef   Thumb Code     0  libinit2.o(.ARM.Collect$$libinit$$00000031)
    __rt_lib_init_signal_1                   0x080001ef   Thumb Code     0  libinit2.o(.ARM.Collect$$libinit$$0000001B)
    __rt_lib_init_stdio_1                    0x080001ef   Thumb Code     0  libinit2.o(.ARM.Collect$$libinit$$00000023)
    __rt_lib_init_user_alloc_1               0x080001ef   Thumb Code     0  libinit2.o(.ARM.Collect$$libinit$$0000000A)
    __rt_lib_shutdown                        0x080001f1   Thumb Code     0  libshutdown.o(.ARM.Collect$$libshutdown$$00000000)
    __rt_lib_shutdown_fp_trap_1              0x080001f3   Thumb Code     0  libshutdown2.o(.ARM.Collect$$libshutdown$$00000006)
    __rt_lib_shutdown_heap_1                 0x080001f3   Thumb Code     0  libshutdown2.o(.ARM.Collect$$libshutdown$$0000000E)
    __rt_lib_shutdown_return                 0x080001f3   Thumb Code     0  libshutdown2.o(.ARM.Collect$$libshutdown$$0000000F)
    __rt_lib_shutdown_signal_1               0x080001f3   Thumb Code     0  libshutdown2.o(.ARM.Collect$$libshutdown$$00000009)
    __rt_lib_shutdown_stdio_1                0x080001f3   Thumb Code     0  libshutdown2.o(.ARM.Collect$$libshutdown$$00000003)
    __rt_lib_shutdown_user_alloc_1           0x080001f3   Thumb Code     0  libshutdown2.o(.ARM.Collect$$libshutdown$$0000000B)
    __rt_entry                               0x080001f5   Thumb Code     0  rtentry.o(.ARM.Collect$$rtentry$$00000000)
    __rt_entry_presh_1                       0x080001f5   Thumb Code     0  rtentry2.o(.ARM.Collect$$rtentry$$00000002)
    __rt_entry_sh                            0x080001f5   Thumb Code     0  rtentry4.o(.ARM.Collect$$rtentry$$00000004)
    __rt_entry_li                            0x080001fb   Thumb Code     0  rtentry2.o(.ARM.Collect$$rtentry$$0000000A)
    __rt_entry_postsh_1                      0x080001fb   Thumb Code     0  rtentry2.o(.ARM.Collect$$rtentry$$00000009)
    __rt_entry_main                          0x080001ff   Thumb Code     0  rtentry2.o(.ARM.Collect$$rtentry$$0000000D)
    __rt_entry_postli_1                      0x080001ff   Thumb Code     0  rtentry2.o(.ARM.Collect$$rtentry$$0000000C)
    __rt_exit                                0x08000207   Thumb Code     0  rtexit.o(.ARM.Collect$$rtexit$$00000000)
    __rt_exit_ls                             0x08000209   Thumb Code     0  rtexit2.o(.ARM.Collect$$rtexit$$00000003)
    __rt_exit_prels_1                        0x08000209   Thumb Code     0  rtexit2.o(.ARM.Collect$$rtexit$$00000002)
    __rt_exit_exit                           0x0800020d   Thumb Code     0  rtexit2.o(.ARM.Collect$$rtexit$$00000004)
    Reset_Handler                            0x08000215   Thumb Code     4  stm32f10x_vector.o(.text)
    __user_initial_stackheap                 0x08000219   Thumb Code     0  stm32f10x_vector.o(.text)
    RCC_DeInit                               0x08000239   Thumb Code    62  stm32f10x_rcc.o(.text)
    RCC_HSEConfig                            0x08000277   Thumb Code    70  stm32f10x_rcc.o(.text)
    RCC_GetFlagStatus                        0x080002bd   Thumb Code    56  stm32f10x_rcc.o(.text)
    RCC_WaitForHSEStartUp                    0x080002f5   Thumb Code    54  stm32f10x_rcc.o(.text)
    RCC_AdjustHSICalibrationValue            0x0800032b   Thumb Code    20  stm32f10x_rcc.o(.text)
    RCC_HSICmd                               0x0800033f   Thumb Code     6  stm32f10x_rcc.o(.text)
    RCC_PLLConfig                            0x08000345   Thumb Code    24  stm32f10x_rcc.o(.text)
    RCC_PLLCmd                               0x0800035d   Thumb Code     6  stm32f10x_rcc.o(.text)
    RCC_SYSCLKConfig                         0x08000363   Thumb Code    18  stm32f10x_rcc.o(.text)
    RCC_GetSYSCLKSource                      0x08000375   Thumb Code    10  stm32f10x_rcc.o(.text)
    RCC_HCLKConfig                           0x0800037f   Thumb Code    18  stm32f10x_rcc.o(.text)
    RCC_PCLK1Config                          0x08000391   Thumb Code    18  stm32f10x_rcc.o(.text)
    RCC_PCLK2Config                          0x080003a3   Thumb Code    20  stm32f10x_rcc.o(.text)
    RCC_ITConfig                             0x080003b7   Thumb Code    26  stm32f10x_rcc.o(.text)
    RCC_USBCLKConfig                         0x080003d1   Thumb Code     8  stm32f10x_rcc.o(.text)
    RCC_ADCCLKConfig                         0x080003d9   Thumb Code    18  stm32f10x_rcc.o(.text)
    RCC_LSEConfig                            0x080003eb   Thumb Code    50  stm32f10x_rcc.o(.text)
    RCC_LSICmd                               0x0800041d   Thumb Code     6  stm32f10x_rcc.o(.text)
    RCC_RTCCLKConfig                         0x08000423   Thumb Code    12  stm32f10x_rcc.o(.text)
    RCC_RTCCLKCmd                            0x0800042f   Thumb Code     8  stm32f10x_rcc.o(.text)
    RCC_GetClocksFreq                        0x08000437   Thumb Code   192  stm32f10x_rcc.o(.text)
    RCC_AHBPeriphClockCmd                    0x080004f7   Thumb Code    26  stm32f10x_rcc.o(.text)
    RCC_APB2PeriphClockCmd                   0x08000511   Thumb Code    26  stm32f10x_rcc.o(.text)
    RCC_APB1PeriphClockCmd                   0x0800052b   Thumb Code    26  stm32f10x_rcc.o(.text)
    RCC_APB2PeriphResetCmd                   0x08000545   Thumb Code    26  stm32f10x_rcc.o(.text)
    RCC_APB1PeriphResetCmd                   0x0800055f   Thumb Code    26  stm32f10x_rcc.o(.text)
    RCC_BackupResetCmd                       0x08000579   Thumb Code     8  stm32f10x_rcc.o(.text)
    RCC_ClockSecuritySystemCmd               0x08000581   Thumb Code     6  stm32f10x_rcc.o(.text)
    RCC_MCOConfig                            0x08000587   Thumb Code     6  stm32f10x_rcc.o(.text)
    RCC_ClearFlag                            0x0800058d   Thumb Code    14  stm32f10x_rcc.o(.text)
    RCC_GetITStatus                          0x0800059b   Thumb Code    20  stm32f10x_rcc.o(.text)
    RCC_ClearITPendingBit                    0x080005af   Thumb Code     6  stm32f10x_rcc.o(.text)
    TIM_DeInit                               0x080005d9   Thumb Code   214  stm32f10x_tim.o(.text)
    TIM_TimeBaseInit                         0x080006af   Thumb Code    50  stm32f10x_tim.o(.text)
    TIM_OC1Init                              0x080006e1   Thumb Code   110  stm32f10x_tim.o(.text)
    TIM_OC2Init                              0x0800074f   Thumb Code   148  stm32f10x_tim.o(.text)
    TIM_OC3Init                              0x080007e3   Thumb Code   144  stm32f10x_tim.o(.text)
    TIM_OC4Init                              0x08000873   Thumb Code   106  stm32f10x_tim.o(.text)
    TIM_SetIC4Prescaler                      0x080008dd   Thumb Code    26  stm32f10x_tim.o(.text)
    TIM_SetIC3Prescaler                      0x08000949   Thumb Code    18  stm32f10x_tim.o(.text)
    TIM_SetIC2Prescaler                      0x080009a3   Thumb Code    42  stm32f10x_tim.o(.text)
    TIM_SetIC1Prescaler                      0x08000a1d   Thumb Code    18  stm32f10x_tim.o(.text)
    TIM_ICInit                               0x08000a67   Thumb Code   110  stm32f10x_tim.o(.text)
    TIM_PWMIConfig                           0x08000ad5   Thumb Code   124  stm32f10x_tim.o(.text)
    TIM_BDTRConfig                           0x08000b51   Thumb Code    32  stm32f10x_tim.o(.text)
    TIM_TimeBaseStructInit                   0x08000b71   Thumb Code    18  stm32f10x_tim.o(.text)
    TIM_OCStructInit                         0x08000b83   Thumb Code    20  stm32f10x_tim.o(.text)
    TIM_ICStructInit                         0x08000b97   Thumb Code    18  stm32f10x_tim.o(.text)
    TIM_BDTRStructInit                       0x08000ba9   Thumb Code    18  stm32f10x_tim.o(.text)
    TIM_Cmd                                  0x08000bbb   Thumb Code    24  stm32f10x_tim.o(.text)
    TIM_CtrlPWMOutputs                       0x08000bd3   Thumb Code    30  stm32f10x_tim.o(.text)
    TIM_ITConfig                             0x08000bf1   Thumb Code    18  stm32f10x_tim.o(.text)
    TIM_GenerateEvent                        0x08000c03   Thumb Code     4  stm32f10x_tim.o(.text)
    TIM_DMAConfig                            0x08000c07   Thumb Code    10  stm32f10x_tim.o(.text)
    TIM_DMACmd                               0x08000c11   Thumb Code    18  stm32f10x_tim.o(.text)
    TIM_InternalClockConfig                  0x08000c23   Thumb Code    12  stm32f10x_tim.o(.text)
    TIM_SelectInputTrigger                   0x08000c2f   Thumb Code    18  stm32f10x_tim.o(.text)
    TIM_ITRxExternalClockConfig              0x08000c41   Thumb Code    24  stm32f10x_tim.o(.text)
    TIM_TIxExternalClockConfig               0x08000c59   Thumb Code    62  stm32f10x_tim.o(.text)
    TIM_ETRConfig                            0x08000c97   Thumb Code    30  stm32f10x_tim.o(.text)
    TIM_ETRClockMode1Config                  0x08000cb5   Thumb Code    54  stm32f10x_tim.o(.text)
    TIM_ETRClockMode2Config                  0x08000ceb   Thumb Code    32  stm32f10x_tim.o(.text)
    TIM_PrescalerConfig                      0x08000d0b   Thumb Code     6  stm32f10x_tim.o(.text)
    TIM_CounterModeConfig                    0x08000d11   Thumb Code    18  stm32f10x_tim.o(.text)
    TIM_EncoderInterfaceConfig               0x08000d23   Thumb Code    66  stm32f10x_tim.o(.text)
    TIM_ForcedOC1Config                      0x08000d65   Thumb Code    18  stm32f10x_tim.o(.text)
    TIM_ForcedOC2Config                      0x08000d77   Thumb Code    26  stm32f10x_tim.o(.text)
    TIM_ForcedOC3Config                      0x08000d91   Thumb Code    18  stm32f10x_tim.o(.text)
    TIM_ForcedOC4Config                      0x08000da3   Thumb Code    26  stm32f10x_tim.o(.text)
    TIM_ARRPreloadConfig                     0x08000dbd   Thumb Code    24  stm32f10x_tim.o(.text)
    TIM_SelectCOM                            0x08000dd5   Thumb Code    24  stm32f10x_tim.o(.text)
    TIM_SelectCCDMA                          0x08000ded   Thumb Code    24  stm32f10x_tim.o(.text)
    TIM_CCPreloadControl                     0x08000e05   Thumb Code    24  stm32f10x_tim.o(.text)
    TIM_OC1PreloadConfig                     0x08000e1d   Thumb Code    18  stm32f10x_tim.o(.text)
    TIM_OC2PreloadConfig                     0x08000e2f   Thumb Code    26  stm32f10x_tim.o(.text)
    TIM_OC3PreloadConfig                     0x08000e49   Thumb Code    18  stm32f10x_tim.o(.text)
    TIM_OC4PreloadConfig                     0x08000e5b   Thumb Code    26  stm32f10x_tim.o(.text)
    TIM_OC1FastConfig                        0x08000e75   Thumb Code    18  stm32f10x_tim.o(.text)
    TIM_OC2FastConfig                        0x08000e87   Thumb Code    26  stm32f10x_tim.o(.text)
    TIM_OC3FastConfig                        0x08000ea1   Thumb Code    18  stm32f10x_tim.o(.text)
    TIM_OC4FastConfig                        0x08000eb3   Thumb Code    26  stm32f10x_tim.o(.text)
    TIM_ClearOC1Ref                          0x08000ecd   Thumb Code    18  stm32f10x_tim.o(.text)
    TIM_ClearOC2Ref                          0x08000edf   Thumb Code    24  stm32f10x_tim.o(.text)
    TIM_ClearOC3Ref                          0x08000ef7   Thumb Code    18  stm32f10x_tim.o(.text)
    TIM_ClearOC4Ref                          0x08000f09   Thumb Code    24  stm32f10x_tim.o(.text)
    TIM_OC1PolarityConfig                    0x08000f21   Thumb Code    18  stm32f10x_tim.o(.text)
    TIM_OC1NPolarityConfig                   0x08000f33   Thumb Code    18  stm32f10x_tim.o(.text)
    TIM_OC2PolarityConfig                    0x08000f45   Thumb Code    26  stm32f10x_tim.o(.text)
    TIM_OC2NPolarityConfig                   0x08000f5f   Thumb Code    26  stm32f10x_tim.o(.text)
    TIM_OC3PolarityConfig                    0x08000f79   Thumb Code    26  stm32f10x_tim.o(.text)
    TIM_OC3NPolarityConfig                   0x08000f93   Thumb Code    26  stm32f10x_tim.o(.text)
    TIM_OC4PolarityConfig                    0x08000fad   Thumb Code    26  stm32f10x_tim.o(.text)
    TIM_CCxCmd                               0x08000fc7   Thumb Code    26  stm32f10x_tim.o(.text)
    TIM_CCxNCmd                              0x08000fe1   Thumb Code    26  stm32f10x_tim.o(.text)
    TIM_SelectOCxM                           0x08000ffb   Thumb Code   134  stm32f10x_tim.o(.text)
    TIM_UpdateDisableConfig                  0x08001081   Thumb Code    24  stm32f10x_tim.o(.text)
    TIM_UpdateRequestConfig                  0x08001099   Thumb Code    24  stm32f10x_tim.o(.text)
    TIM_SelectHallSensor                     0x080010b1   Thumb Code    24  stm32f10x_tim.o(.text)
    TIM_SelectOnePulseMode                   0x080010c9   Thumb Code    18  stm32f10x_tim.o(.text)
    TIM_SelectOutputTrigger                  0x080010db   Thumb Code    18  stm32f10x_tim.o(.text)
    TIM_SelectSlaveMode                      0x080010ed   Thumb Code    18  stm32f10x_tim.o(.text)
    TIM_SelectMasterSlaveMode                0x080010ff   Thumb Code    18  stm32f10x_tim.o(.text)
    TIM_SetCounter                           0x08001111   Thumb Code     4  stm32f10x_tim.o(.text)
    TIM_SetAutoreload                        0x08001115   Thumb Code     4  stm32f10x_tim.o(.text)
    TIM_SetCompare1                          0x08001119   Thumb Code     4  stm32f10x_tim.o(.text)
    TIM_SetCompare2                          0x0800111d   Thumb Code     4  stm32f10x_tim.o(.text)
    TIM_SetCompare3                          0x08001121   Thumb Code     4  stm32f10x_tim.o(.text)
    TIM_SetCompare4                          0x08001125   Thumb Code     6  stm32f10x_tim.o(.text)
    TIM_SetClockDivision                     0x0800112b   Thumb Code    14  stm32f10x_tim.o(.text)
    TIM_GetCapture1                          0x08001139   Thumb Code     6  stm32f10x_tim.o(.text)
    TIM_GetCapture2                          0x0800113f   Thumb Code     6  stm32f10x_tim.o(.text)
    TIM_GetCapture3                          0x08001145   Thumb Code     6  stm32f10x_tim.o(.text)
    TIM_GetCapture4                          0x0800114b   Thumb Code     8  stm32f10x_tim.o(.text)
    TIM_GetCounter                           0x08001153   Thumb Code     6  stm32f10x_tim.o(.text)
    TIM_GetPrescaler                         0x08001159   Thumb Code     6  stm32f10x_tim.o(.text)
    TIM_GetFlagStatus                        0x0800115f   Thumb Code    18  stm32f10x_tim.o(.text)
    TIM_ClearFlag                            0x08001171   Thumb Code     6  stm32f10x_tim.o(.text)
    TIM_GetITStatus                          0x08001177   Thumb Code    34  stm32f10x_tim.o(.text)
    TIM_ClearITPendingBit                    0x08001199   Thumb Code     6  stm32f10x_tim.o(.text)
    GPIO_DeInit                              0x080011a1   Thumb Code   188  stm32f10x_gpio.o(.text)
    GPIO_AFIODeInit                          0x0800125d   Thumb Code    20  stm32f10x_gpio.o(.text)
    GPIO_Init                                0x08001271   Thumb Code   278  stm32f10x_gpio.o(.text)
    GPIO_StructInit                          0x08001387   Thumb Code    16  stm32f10x_gpio.o(.text)
    GPIO_ReadInputDataBit                    0x08001397   Thumb Code    18  stm32f10x_gpio.o(.text)
    GPIO_ReadInputData                       0x080013a9   Thumb Code     8  stm32f10x_gpio.o(.text)
    GPIO_ReadOutputDataBit                   0x080013b1   Thumb Code    18  stm32f10x_gpio.o(.text)
    GPIO_ReadOutputData                      0x080013c3   Thumb Code     8  stm32f10x_gpio.o(.text)
    GPIO_SetBits                             0x080013cb   Thumb Code     4  stm32f10x_gpio.o(.text)
    GPIO_ResetBits                           0x080013cf   Thumb Code     4  stm32f10x_gpio.o(.text)
    GPIO_WriteBit                            0x080013d3   Thumb Code    10  stm32f10x_gpio.o(.text)
    GPIO_Write                               0x080013dd   Thumb Code     4  stm32f10x_gpio.o(.text)
    GPIO_PinLockConfig                       0x080013e1   Thumb Code    18  stm32f10x_gpio.o(.text)
    GPIO_EventOutputConfig                   0x080013f3   Thumb Code    26  stm32f10x_gpio.o(.text)
    GPIO_EventOutputCmd                      0x0800140d   Thumb Code     6  stm32f10x_gpio.o(.text)
    GPIO_PinRemapConfig                      0x08001413   Thumb Code   106  stm32f10x_gpio.o(.text)
    GPIO_EXTILineConfig                      0x0800147d   Thumb Code    66  stm32f10x_gpio.o(.text)
    ADC_DeInit                               0x080014d1   Thumb Code    90  stm32f10x_adc.o(.text)
    ADC_Init                                 0x0800152b   Thumb Code    70  stm32f10x_adc.o(.text)
    ADC_StructInit                           0x08001571   Thumb Code    18  stm32f10x_adc.o(.text)
    ADC_Cmd                                  0x08001583   Thumb Code    22  stm32f10x_adc.o(.text)
    ADC_DMACmd                               0x08001599   Thumb Code    22  stm32f10x_adc.o(.text)
    ADC_ITConfig                             0x080015af   Thumb Code    24  stm32f10x_adc.o(.text)
    ADC_ResetCalibration                     0x080015c7   Thumb Code    10  stm32f10x_adc.o(.text)
    ADC_GetResetCalibrationStatus            0x080015d1   Thumb Code    20  stm32f10x_adc.o(.text)
    ADC_StartCalibration                     0x080015e5   Thumb Code    10  stm32f10x_adc.o(.text)
    ADC_GetCalibrationStatus                 0x080015ef   Thumb Code    20  stm32f10x_adc.o(.text)
    ADC_SoftwareStartConvCmd                 0x08001603   Thumb Code    22  stm32f10x_adc.o(.text)
    ADC_GetSoftwareStartConvStatus           0x08001619   Thumb Code    20  stm32f10x_adc.o(.text)
    ADC_DiscModeChannelCountConfig           0x0800162d   Thumb Code    24  stm32f10x_adc.o(.text)
    ADC_DiscModeCmd                          0x08001645   Thumb Code    22  stm32f10x_adc.o(.text)
    ADC_RegularChannelConfig                 0x0800165b   Thumb Code   184  stm32f10x_adc.o(.text)
    ADC_ExternalTrigConvCmd                  0x08001713   Thumb Code    22  stm32f10x_adc.o(.text)
    ADC_GetConversionValue                   0x08001729   Thumb Code     8  stm32f10x_adc.o(.text)
    ADC_GetDualModeConversionValue           0x08001731   Thumb Code     6  stm32f10x_adc.o(.text)
    ADC_AutoInjectedConvCmd                  0x08001737   Thumb Code    22  stm32f10x_adc.o(.text)
    ADC_InjectedDiscModeCmd                  0x0800174d   Thumb Code    22  stm32f10x_adc.o(.text)
    ADC_ExternalTrigInjectedConvConfig       0x08001763   Thumb Code    16  stm32f10x_adc.o(.text)
    ADC_ExternalTrigInjectedConvCmd          0x08001773   Thumb Code    22  stm32f10x_adc.o(.text)
    ADC_SoftwareStartInjectedConvCmd         0x08001789   Thumb Code    22  stm32f10x_adc.o(.text)
    ADC_GetSoftwareStartInjectedConvCmdStatus 0x0800179f   Thumb Code    20  stm32f10x_adc.o(.text)
    ADC_InjectedChannelConfig                0x080017b3   Thumb Code   130  stm32f10x_adc.o(.text)
    ADC_InjectedSequencerLengthConfig        0x08001835   Thumb Code    24  stm32f10x_adc.o(.text)
    ADC_SetInjectedOffset                    0x0800184d   Thumb Code     4  stm32f10x_adc.o(.text)
    ADC_GetInjectedConversionValue           0x08001851   Thumb Code    10  stm32f10x_adc.o(.text)
    ADC_AnalogWatchdogCmd                    0x0800185b   Thumb Code    16  stm32f10x_adc.o(.text)
    ADC_AnalogWatchdogThresholdsConfig       0x0800186b   Thumb Code     6  stm32f10x_adc.o(.text)
    ADC_AnalogWatchdogSingleChannelConfig    0x08001871   Thumb Code    16  stm32f10x_adc.o(.text)
    ADC_TempSensorVrefintCmd                 0x08001881   Thumb Code    38  stm32f10x_adc.o(.text)
    ADC_GetFlagStatus                        0x080018a7   Thumb Code    38  stm32f10x_adc.o(.text)
    ADC_ClearFlag                            0x080018cd   Thumb Code     6  stm32f10x_adc.o(.text)
    ADC_GetITStatus                          0x080018d3   Thumb Code    36  stm32f10x_adc.o(.text)
    ADC_ClearITPendingBit                    0x080018f7   Thumb Code    10  stm32f10x_adc.o(.text)
    DMA_DeInit                               0x08001901   Thumb Code   306  stm32f10x_dma.o(.text)
    DMA_Init                                 0x08001a33   Thumb Code    60  stm32f10x_dma.o(.text)
    DMA_StructInit                           0x08001a6f   Thumb Code    26  stm32f10x_dma.o(.text)
    DMA_Cmd                                  0x08001a89   Thumb Code    22  stm32f10x_dma.o(.text)
    DMA_ITConfig                             0x08001a9f   Thumb Code    18  stm32f10x_dma.o(.text)
    DMA_GetCurrDataCounter                   0x08001ab1   Thumb Code     8  stm32f10x_dma.o(.text)
    DMA_GetFlagStatus                        0x08001ab9   Thumb Code    40  stm32f10x_dma.o(.text)
    DMA_ClearFlag                            0x08001ae1   Thumb Code    20  stm32f10x_dma.o(.text)
    DMA_GetITStatus                          0x08001af5   Thumb Code    40  stm32f10x_dma.o(.text)
    DMA_ClearITPendingBit                    0x08001b1d   Thumb Code    20  stm32f10x_dma.o(.text)
    main                                     0x08001b41   Thumb Code    24  test.o(.text)
    NMIException                             0x08001b5d   Thumb Code     2  stm32f10x_it.o(.text)
    HardFaultException                       0x08001b5f   Thumb Code     4  stm32f10x_it.o(.text)
    MemManageException                       0x08001b63   Thumb Code     4  stm32f10x_it.o(.text)
    BusFaultException                        0x08001b67   Thumb Code     4  stm32f10x_it.o(.text)
    UsageFaultException                      0x08001b6b   Thumb Code     4  stm32f10x_it.o(.text)
    DebugMonitor                             0x08001b6f   Thumb Code     2  stm32f10x_it.o(.text)
    SVCHandler                               0x08001b71   Thumb Code     2  stm32f10x_it.o(.text)
    PendSVC                                  0x08001b73   Thumb Code     2  stm32f10x_it.o(.text)
    SysTickHandler                           0x08001b75   Thumb Code     2  stm32f10x_it.o(.text)
    WWDG_IRQHandler                          0x08001b77   Thumb Code     2  stm32f10x_it.o(.text)
    PVD_IRQHandler                           0x08001b79   Thumb Code     2  stm32f10x_it.o(.text)
    TAMPER_IRQHandler                        0x08001b7b   Thumb Code     2  stm32f10x_it.o(.text)
    RTC_IRQHandler                           0x08001b7d   Thumb Code     2  stm32f10x_it.o(.text)
    FLASH_IRQHandler                         0x08001b7f   Thumb Code     2  stm32f10x_it.o(.text)
    RCC_IRQHandler                           0x08001b81   Thumb Code     2  stm32f10x_it.o(.text)
    EXTI0_IRQHandler                         0x08001b83   Thumb Code     2  stm32f10x_it.o(.text)
    EXTI1_IRQHandler                         0x08001b85   Thumb Code     2  stm32f10x_it.o(.text)
    EXTI2_IRQHandler                         0x08001b87   Thumb Code     2  stm32f10x_it.o(.text)
    EXTI3_IRQHandler                         0x08001b89   Thumb Code     2  stm32f10x_it.o(.text)
    EXTI4_IRQHandler                         0x08001b8b   Thumb Code     2  stm32f10x_it.o(.text)
    DMA1_Channel1_IRQHandler                 0x08001b8d   Thumb Code     2  stm32f10x_it.o(.text)
    DMA1_Channel2_IRQHandler                 0x08001b8f   Thumb Code     2  stm32f10x_it.o(.text)
    DMA1_Channel3_IRQHandler                 0x08001b91   Thumb Code     2  stm32f10x_it.o(.text)
    DMA1_Channel4_IRQHandler                 0x08001b93   Thumb Code     2  stm32f10x_it.o(.text)
    DMA1_Channel5_IRQHandler                 0x08001b95   Thumb Code     2  stm32f10x_it.o(.text)
    DMA1_Channel6_IRQHandler                 0x08001b97   Thumb Code     2  stm32f10x_it.o(.text)
    DMA1_Channel7_IRQHandler                 0x08001b99   Thumb Code     2  stm32f10x_it.o(.text)
    ADC1_2_IRQHandler                        0x08001b9b   Thumb Code     2  stm32f10x_it.o(.text)
    USB_HP_CAN_TX_IRQHandler                 0x08001b9d   Thumb Code     2  stm32f10x_it.o(.text)
    USB_LP_CAN_RX0_IRQHandler                0x08001b9f   Thumb Code     2  stm32f10x_it.o(.text)
    CAN_RX1_IRQHandler                       0x08001ba1   Thumb Code     2  stm32f10x_it.o(.text)
    CAN_SCE_IRQHandler                       0x08001ba3   Thumb Code     2  stm32f10x_it.o(.text)
    EXTI9_5_IRQHandler                       0x08001ba5   Thumb Code    40  stm32f10x_it.o(.text)
    TIM1_BRK_IRQHandler                      0x08001bcd   Thumb Code     2  stm32f10x_it.o(.text)
    TIM1_UP_IRQHandler                       0x08001bcf   Thumb Code     2  stm32f10x_it.o(.text)
    TIM1_TRG_COM_IRQHandler                  0x08001bd1   Thumb Code     2  stm32f10x_it.o(.text)
    TIM1_CC_IRQHandler                       0x08001bd3   Thumb Code     2  stm32f10x_it.o(.text)
    TIM2_IRQHandler                          0x08001bd5   Thumb Code    56  stm32f10x_it.o(.text)
    TIM3_IRQHandler                          0x08001c0d   Thumb Code     2  stm32f10x_it.o(.text)
    TIM4_IRQHandler                          0x08001c0f   Thumb Code     2  stm32f10x_it.o(.text)
    I2C1_EV_IRQHandler                       0x08001c11   Thumb Code     2  stm32f10x_it.o(.text)
    I2C1_ER_IRQHandler                       0x08001c13   Thumb Code     2  stm32f10x_it.o(.text)
    I2C2_EV_IRQHandler                       0x08001c15   Thumb Code     2  stm32f10x_it.o(.text)
    I2C2_ER_IRQHandler                       0x08001c17   Thumb Code     2  stm32f10x_it.o(.text)
    SPI1_IRQHandler                          0x08001c19   Thumb Code     2  stm32f10x_it.o(.text)
    SPI2_IRQHandler                          0x08001c1b   Thumb Code     2  stm32f10x_it.o(.text)
    USART1_IRQHandler                        0x08001c1d   Thumb Code     2  stm32f10x_it.o(.text)
    USART2_IRQHandler                        0x08001c1f   Thumb Code     2  stm32f10x_it.o(.text)
    USART3_IRQHandler                        0x08001c21   Thumb Code     2  stm32f10x_it.o(.text)
    EXTI15_10_IRQHandler                     0x08001c23   Thumb Code    20  stm32f10x_it.o(.text)
    RTCAlarm_IRQHandler                      0x08001c37   Thumb Code     2  stm32f10x_it.o(.text)
    USBWakeUp_IRQHandler                     0x08001c39   Thumb Code     2  stm32f10x_it.o(.text)
    TIM8_BRK_IRQHandler                      0x08001c3b   Thumb Code     2  stm32f10x_it.o(.text)
    TIM8_UP_IRQHandler                       0x08001c3d   Thumb Code     2  stm32f10x_it.o(.text)
    TIM8_TRG_COM_IRQHandler                  0x08001c3f   Thumb Code     2  stm32f10x_it.o(.text)
    TIM8_CC_IRQHandler                       0x08001c41   Thumb Code     2  stm32f10x_it.o(.text)
    ADC3_IRQHandler                          0x08001c43   Thumb Code     2  stm32f10x_it.o(.text)
    FSMC_IRQHandler                          0x08001c45   Thumb Code     2  stm32f10x_it.o(.text)
    SDIO_IRQHandler                          0x08001c47   Thumb Code     2  stm32f10x_it.o(.text)
    TIM5_IRQHandler                          0x08001c49   Thumb Code     2  stm32f10x_it.o(.text)
    SPI3_IRQHandler                          0x08001c4b   Thumb Code     2  stm32f10x_it.o(.text)
    UART4_IRQHandler                         0x08001c4d   Thumb Code     2  stm32f10x_it.o(.text)
    UART5_IRQHandler                         0x08001c4f   Thumb Code     2  stm32f10x_it.o(.text)
    TIM6_IRQHandler                          0x08001c51   Thumb Code     2  stm32f10x_it.o(.text)
    TIM7_IRQHandler                          0x08001c53   Thumb Code     2  stm32f10x_it.o(.text)
    DMA2_Channel1_IRQHandler                 0x08001c55   Thumb Code     2  stm32f10x_it.o(.text)
    DMA2_Channel2_IRQHandler                 0x08001c57   Thumb Code     2  stm32f10x_it.o(.text)
    DMA2_Channel3_IRQHandler                 0x08001c59   Thumb Code     2  stm32f10x_it.o(.text)
    DMA2_Channel4_5_IRQHandler               0x08001c5b   Thumb Code     2  stm32f10x_it.o(.text)
    delay_init                               0x08001c69   Thumb Code    56  delay.o(.text)
    delay_ms                                 0x08001ca1   Thumb Code    56  delay.o(.text)
    delay_us                                 0x08001cd9   Thumb Code    56  delay.o(.text)
    MY_NVIC_SetVectorTable                   0x08001d19   Thumb Code    12  sys.o(.text)
    MY_NVIC_PriorityGroupConfig              0x08001d25   Thumb Code    36  sys.o(.text)
    MY_NVIC_Init                             0x08001d49   Thumb Code   144  sys.o(.text)
    Ex_NVIC_Config                           0x08001dd9   Thumb Code   146  sys.o(.text)
    MYRCC_DeInit                             0x08001e6b   Thumb Code    90  sys.o(.text)
    Sys_Soft_Reset                           0x08001ec5   Thumb Code    12  sys.o(.text)
    JTAG_Set                                 0x08001ed1   Thumb Code    42  sys.o(.text)
    Stm32_Clock_Init                         0x08001efb   Thumb Code   192  sys.o(.text)
    Sys_Init                                 0x08001fe9   Thumb Code    48  user.o(.text)
    servo_Configuration                      0x08002019   Thumb Code   204  driver.o(.text)
    speed_Configuration                      0x080020e5   Thumb Code   348  driver.o(.text)
    speed_24                                 0x08002241   Thumb Code   180  driver.o(.text)
    speed                                    0x080022f5   Thumb Code   122  driver.o(.text)
    servo1                                   0x0800236f   Thumb Code    56  driver.o(.text)
    servo2                                   0x080023a7   Thumb Code    66  driver.o(.text)
    servo3                                   0x080023e9   Thumb Code   100  driver.o(.text)
    servo4                                   0x0800244d   Thumb Code    62  driver.o(.text)
    DMotor_Control_Par                       0x0800248b   Thumb Code    20  driver.o(.text)
    SMotor_Control_Par                       0x0800249f   Thumb Code    20  driver.o(.text)
    DMA_Configuration                        0x080024b9   Thumb Code    68  getsensor.o(.text)
    ADC1_Configuration                       0x080024fd   Thumb Code   344  getsensor.o(.text)
    GPIO_Configuration                       0x08002655   Thumb Code   192  getsensor.o(.text)
    RCC_Configuration                        0x08002715   Thumb Code    28  getsensor.o(.text)
    Sensor_Init                              0x08002731   Thumb Code    38  getsensor.o(.text)
    filter                                   0x08002757   Thumb Code    40  getsensor.o(.text)
    analog                                   0x0800277f   Thumb Code    22  getsensor.o(.text)
    digtal                                   0x08002795   Thumb Code   472  getsensor.o(.text)
    Beep_Init                                0x08002979   Thumb Code    40  beep.o(.text)
    IIC_Init                                 0x080029a5   Thumb Code    50  iic.o(.text)
    IIC_Start                                0x080029d7   Thumb Code    64  iic.o(.text)
    IIC_Stop                                 0x08002a17   Thumb Code    66  iic.o(.text)
    IIC_Wait_Ack                             0x08002a59   Thumb Code    86  iic.o(.text)
    IIC_Ack                                  0x08002aaf   Thumb Code    70  iic.o(.text)
    IIC_NAck                                 0x08002af5   Thumb Code    70  iic.o(.text)
    IIC_Send_Byte                            0x08002b3b   Thumb Code    92  iic.o(.text)
    IIC_Read_Byte                            0x08002b97   Thumb Code   100  iic.o(.text)
    EEPROM_Read                              0x08002bfb   Thumb Code   126  iic.o(.text)
    EEPROM_Write                             0x08002c79   Thumb Code   108  iic.o(.text)
    Key_Init                                 0x08002cf1   Thumb Code   104  key.o(.text)
    Timer2_Init                              0x08002d69   Thumb Code    68  colour.o(.text)
    EXTI5_Init                               0x08002dad   Thumb Code    60  colour.o(.text)
    TCS230_Init                              0x08002de9   Thumb Code    68  colour.o(.text)
    Colour_Init                              0x08002e2d   Thumb Code    64  colour.o(.text)
    TCS230_Start                             0x08002e6d   Thumb Code    40  colour.o(.text)
    TCS230_Read_Colour                       0x08002e95   Thumb Code    36  colour.o(.text)
    TCS230_Distinguish                       0x08002eb9   Thumb Code   422  colour.o(.text)
    showRGB                                  0x0800305f   Thumb Code   230  colour.o(.text)
    gp_Init                                  0x080031b9   Thumb Code   166  lcd5110.o(.text)
    Write_Data                               0x0800325f   Thumb Code   156  lcd5110.o(.text)
    write_zuobiao                            0x080032fb   Thumb Code    28  lcd5110.o(.text)
    Clean_Screen                             0x08003317   Thumb Code    32  lcd5110.o(.text)
    write_char                               0x08003337   Thumb Code    40  lcd5110.o(.text)
    write_string                             0x0800335f   Thumb Code    22  lcd5110.o(.text)
    delay_5110                               0x08003375   Thumb Code    28  lcd5110.o(.text)
    N5110_Init                               0x08003391   Thumb Code   106  lcd5110.o(.text)
    display_word                             0x080033fb   Thumb Code    70  lcd5110.o(.text)
    display_num_v                            0x08003441   Thumb Code   192  lcd5110.o(.text)
    display_num_add                          0x08003501   Thumb Code   282  lcd5110.o(.text)
    display_num_ad                           0x0800361b   Thumb Code   124  lcd5110.o(.text)
    display_num_a                            0x08003697   Thumb Code    66  lcd5110.o(.text)
    show_string                              0x080036d9   Thumb Code    24  lcd5110.o(.text)
    forward_steep                            0x080036f5   Thumb Code  2130  track_jg.o(.text)
    is_southern_crossroad                    0x08003f47   Thumb Code   298  track_jg.o(.text)
    turn_degree                              0x08004071   Thumb Code  2478  track_jg.o(.text)
    is_right_northern_crossroad              0x08004a1f   Thumb Code   336  track_jg.o(.text)
    is_northern_crossroad                    0x08004b6f   Thumb Code   322  track_jg.o(.text)
    is_left_northern_crossroad               0x08004cb1   Thumb Code   322  track_jg.o(.text)
    delay_level0                             0x08004df3   Thumb Code    22  track_jg.o(.text)
    backward_moderate                        0x08004e09   Thumb Code    22  track_jg.o(.text)
    catch_obj                                0x08004e1f   Thumb Code    18  track_jg.o(.text)
    is_edge                                  0x08004e31   Thumb Code   244  track_jg.o(.text)
    internal_push_back                       0x08004f25   Thumb Code    94  track_jg.o(.text)
    turn_catch_degree                        0x08004f83   Thumb Code  2680  track_jg.o(.text)
    TCS_Power_On                             0x080059fb   Thumb Code    78  track_jg.o(.text)
    test_colour                              0x08005a49   Thumb Code   166  track_jg.o(.text)
    catch_storage_1_obj                      0x08005aef   Thumb Code    18  track_jg.o(.text)
    catch_storage_2_obj                      0x08005b01   Thumb Code    18  track_jg.o(.text)
    catch_storage_3_obj                      0x08005b13   Thumb Code    18  track_jg.o(.text)
    catch_storage_4_obj                      0x08005b25   Thumb Code    18  track_jg.o(.text)
    catch_storage_5_obj                      0x08005b37   Thumb Code    18  track_jg.o(.text)
    drag_obj                                 0x08005b49   Thumb Code   600  track_jg.o(.text)
    forward_slow                             0x08005da1   Thumb Code  1208  track_jg.o(.text)
    is_storage                               0x08006259   Thumb Code  1008  track_jg.o(.text)
    track_routine1                           0x08006649   Thumb Code   782  track_jg.o(.text)
    right_storage_filter                     0x08006957   Thumb Code    22  track_jg.o(.text)
    track_routine0                           0x0800696d   Thumb Code   606  track_jg.o(.text)
    left_storage_filter                      0x08006bcb   Thumb Code    22  track_jg.o(.text)
    face_to_left_storage                     0x08006be1   Thumb Code   504  track_jg.o(.text)
    step1                                    0x08006dd9   Thumb Code    44  track_jg.o(.text)
    is_pre_center                            0x08006e05   Thumb Code   756  track_jg.o(.text)
    procedure3_latter                        0x080070f9   Thumb Code   600  track_jg.o(.text)
    procedure2_former                        0x08007351   Thumb Code   132  track_jg.o(.text)
    procedure1_former                        0x080073d5   Thumb Code   362  track_jg.o(.text)
    pass_center                              0x0800753f   Thumb Code   272  track_jg.o(.text)
    place_obj                                0x0800764f   Thumb Code    26  track_jg.o(.text)
    procedure0_former                        0x08007669   Thumb Code   364  track_jg.o(.text)
    step0                                    0x080077d5   Thumb Code    20  track_jg.o(.text)
    main_test                                0x080077e9   Thumb Code    12  track_jg.o(.text)
    delay_level1                             0x080077f5   Thumb Code    12  track_jg.o(.text)
    __use_two_region_memory                  0x08007805   Thumb Code     2  heapauxi.o(.text)
    __rt_heap_escrow$2region                 0x08007807   Thumb Code     2  heapauxi.o(.text)
    __rt_heap_expand$2region                 0x08007809   Thumb Code     2  heapauxi.o(.text)
    __user_setup_stackheap                   0x0800780b   Thumb Code    74  sys_stackheap_outer.o(.text)
    exit                                     0x08007855   Thumb Code    12  exit.o(.text)
    __user_libspace                          0x08007861   Thumb Code     8  libspace.o(.text)
    __user_perproc_libspace                  0x08007861   Thumb Code     0  libspace.o(.text)
    __user_perthread_libspace                0x08007861   Thumb Code     0  libspace.o(.text)
    _sys_exit                                0x08007869   Thumb Code     8  sys_exit.o(.text)
    __I$use$semihosting                      0x08007875   Thumb Code     0  use_no_semi.o(.text)
    __use_no_semihosting_swi                 0x08007875   Thumb Code     2  use_no_semi.o(.text)
    __fpl_dcmp_Inf                           0x08007877   Thumb Code    24  dcmpi.o(x$fpl$dcmpinf)
    __semihosting_library_function           0x08007877   Thumb Code     0  indicate_semi.o(.text)
    __aeabi_cdcmple                          0x08007891   Thumb Code     0  dleqf.o(x$fpl$dleqf)
    _dcmple                                  0x08007891   Thumb Code   120  dleqf.o(x$fpl$dleqf)
    __fpl_dcmple_InfNaN                      0x080078f3   Thumb Code     0  dleqf.o(x$fpl$dleqf)
    __aeabi_dmul                             0x08007909   Thumb Code     0  dmul.o(x$fpl$dmul)
    _dmul                                    0x08007909   Thumb Code   332  dmul.o(x$fpl$dmul)
    __fpl_dnaninf                            0x08007a5d   Thumb Code   156  dnaninf.o(x$fpl$dnaninf)
    __fpl_dretinf                            0x08007af9   Thumb Code    12  dretinf.o(x$fpl$dretinf)
    __aeabi_cdrcmple                         0x08007b05   Thumb Code     0  drleqf.o(x$fpl$drleqf)
    _drcmple                                 0x08007b05   Thumb Code   108  drleqf.o(x$fpl$drleqf)
    __aeabi_f2d                              0x08007b71   Thumb Code     0  f2d.o(x$fpl$f2d)
    _f2d                                     0x08007b71   Thumb Code    86  f2d.o(x$fpl$f2d)
    __aeabi_fadd                             0x08007bc9   Thumb Code     0  faddsub_clz.o(x$fpl$fadd)
    _fadd                                    0x08007bc9   Thumb Code   196  faddsub_clz.o(x$fpl$fadd)
    __fpl_fcmp_Inf                           0x08007c8d   Thumb Code    24  fcmpi.o(x$fpl$fcmpinf)
    __aeabi_fdiv                             0x08007ca5   Thumb Code     0  fdiv.o(x$fpl$fdiv)
    _fdiv                                    0x08007ca5   Thumb Code   384  fdiv.o(x$fpl$fdiv)
    __aeabi_ui2f                             0x08007e29   Thumb Code     0  fflt_clz.o(x$fpl$ffltu)
    _ffltu                                   0x08007e29   Thumb Code    38  fflt_clz.o(x$fpl$ffltu)
    __aeabi_cfcmple                          0x08007e51   Thumb Code     0  fleqf.o(x$fpl$fleqf)
    _fcmple                                  0x08007e51   Thumb Code   104  fleqf.o(x$fpl$fleqf)
    __fpl_fcmple_InfNaN                      0x08007ea3   Thumb Code     0  fleqf.o(x$fpl$fleqf)
    __aeabi_fmul                             0x08007eb9   Thumb Code     0  fmul.o(x$fpl$fmul)
    _fmul                                    0x08007eb9   Thumb Code   258  fmul.o(x$fpl$fmul)
    __fpl_fnaninf                            0x08007fbb   Thumb Code   140  fnaninf.o(x$fpl$fnaninf)
    __fpl_fretinf                            0x08008047   Thumb Code    10  fretinf.o(x$fpl$fretinf)
    __aeabi_fsub                             0x08008051   Thumb Code     0  faddsub_clz.o(x$fpl$fsub)
    _fsub                                    0x08008051   Thumb Code   234  faddsub_clz.o(x$fpl$fsub)
    __I$use$fp                               0x0800813a   Number         0  usenofp.o(x$fpl$usenofp)
    Region$$Table$$Base                      0x08008150   Number         0  anon$$obj.o(Region$$Table)
    Region$$Table$$Limit                     0x08008170   Number         0  anon$$obj.o(Region$$Table)
    Colour_num                               0x20000004   Data           4  colour.o(.data)
    Time2_flag                               0x20000008   Data           1  colour.o(.data)
    ap                                       0x20000009   Data          32  lcd5110.o(.data)
    ascii_dot                                0x20000029   Data         485  lcd5110.o(.data)
    add                                      0x2000020e   Data          50  lcd5110.o(.data)
    ret0                                     0x20000240   Data           1  track_jg.o(.data)
    ret1                                     0x20000241   Data           1  track_jg.o(.data)
    ret2                                     0x20000242   Data           1  track_jg.o(.data)
    res0                                     0x20000243   Data           1  track_jg.o(.data)
    res1                                     0x20000244   Data           1  track_jg.o(.data)
    a                                        0x20000250   Data           6  track_jg.o(.data)
    b                                        0x20000256   Data           6  track_jg.o(.data)
    AD_Value                                 0x2000025c   Data         100  getsensor.o(.bss)
    After_filter                             0x200002c0   Data          32  getsensor.o(.bss)
    __libspace_start                         0x200002e0   Data          96  libspace.o(.bss)
    __temporary_stack_top$libspace           0x20000340   Data           0  libspace.o(.bss)



==============================================================================

Memory Map of the image

  Image Entry point : 0x08000131

  Load Region LR_IROM1 (Base: 0x08000000, Size: 0x000083cc, Max: 0x00080000, ABSOLUTE, COMPRESSED[0x0000835c])

    Execution Region ER_IROM1 (Base: 0x08000000, Size: 0x00008170, Max: 0x00080000, ABSOLUTE)

    Base Addr    Size         Type   Attr      Idx    E Section Name        Object

    0x08000000   0x00000130   Data   RO            8    RESET               stm32f10x_vector.o
    0x08000130   0x00000008   Code   RO          432  * !!!main             c_w.l(__main.o)
    0x08000138   0x00000034   Code   RO          629    !!!scatter          c_w.l(__scatter.o)
    0x0800016c   0x00000064   Code   RO          627    !!dclz77c           c_w.l(__dclz77c.o)
    0x080001d0   0x0000001c   Code   RO          631    !!handler_zi        c_w.l(__scatter_zi.o)
    0x080001ec   0x00000002   Code   RO          500    .ARM.Collect$$libinit$$00000000  c_w.l(libinit.o)
    0x080001ee   0x00000000   Code   RO          507    .ARM.Collect$$libinit$$00000002  c_w.l(libinit2.o)
    0x080001ee   0x00000000   Code   RO          510    .ARM.Collect$$libinit$$00000008  c_w.l(libinit2.o)
    0x080001ee   0x00000000   Code   RO          512    .ARM.Collect$$libinit$$0000000A  c_w.l(libinit2.o)
    0x080001ee   0x00000000   Code   RO          514    .ARM.Collect$$libinit$$0000000C  c_w.l(libinit2.o)
    0x080001ee   0x00000000   Code   RO          517    .ARM.Collect$$libinit$$0000000F  c_w.l(libinit2.o)
    0x080001ee   0x00000000   Code   RO          519    .ARM.Collect$$libinit$$00000011  c_w.l(libinit2.o)
    0x080001ee   0x00000000   Code   RO          521    .ARM.Collect$$libinit$$00000013  c_w.l(libinit2.o)
    0x080001ee   0x00000000   Code   RO          523    .ARM.Collect$$libinit$$00000015  c_w.l(libinit2.o)
    0x080001ee   0x00000000   Code   RO          525    .ARM.Collect$$libinit$$00000017  c_w.l(libinit2.o)
    0x080001ee   0x00000000   Code   RO          527    .ARM.Collect$$libinit$$00000019  c_w.l(libinit2.o)
    0x080001ee   0x00000000   Code   RO          529    .ARM.Collect$$libinit$$0000001B  c_w.l(libinit2.o)
    0x080001ee   0x00000000   Code   RO          531    .ARM.Collect$$libinit$$0000001D  c_w.l(libinit2.o)
    0x080001ee   0x00000000   Code   RO          533    .ARM.Collect$$libinit$$0000001F  c_w.l(libinit2.o)
    0x080001ee   0x00000000   Code   RO          535    .ARM.Collect$$libinit$$00000021  c_w.l(libinit2.o)
    0x080001ee   0x00000000   Code   RO          537    .ARM.Collect$$libinit$$00000023  c_w.l(libinit2.o)
    0x080001ee   0x00000000   Code   RO          541    .ARM.Collect$$libinit$$0000002A  c_w.l(libinit2.o)
    0x080001ee   0x00000000   Code   RO          543    .ARM.Collect$$libinit$$0000002C  c_w.l(libinit2.o)
    0x080001ee   0x00000000   Code   RO          545    .ARM.Collect$$libinit$$0000002E  c_w.l(libinit2.o)
    0x080001ee   0x00000000   Code   RO          547    .ARM.Collect$$libinit$$00000030  c_w.l(libinit2.o)
    0x080001ee   0x00000002   Code   RO          548    .ARM.Collect$$libinit$$00000031  c_w.l(libinit2.o)
    0x080001f0   0x00000002   Code   RO          568    .ARM.Collect$$libshutdown$$00000000  c_w.l(libshutdown.o)
    0x080001f2   0x00000000   Code   RO          582    .ARM.Collect$$libshutdown$$00000003  c_w.l(libshutdown2.o)
    0x080001f2   0x00000000   Code   RO          585    .ARM.Collect$$libshutdown$$00000006  c_w.l(libshutdown2.o)
    0x080001f2   0x00000000   Code   RO          588    .ARM.Collect$$libshutdown$$00000009  c_w.l(libshutdown2.o)
    0x080001f2   0x00000000   Code   RO          590    .ARM.Collect$$libshutdown$$0000000B  c_w.l(libshutdown2.o)
    0x080001f2   0x00000000   Code   RO          593    .ARM.Collect$$libshutdown$$0000000E  c_w.l(libshutdown2.o)
    0x080001f2   0x00000002   Code   RO          594    .ARM.Collect$$libshutdown$$0000000F  c_w.l(libshutdown2.o)
    0x080001f4   0x00000000   Code   RO          460    .ARM.Collect$$rtentry$$00000000  c_w.l(rtentry.o)
    0x080001f4   0x00000000   Code   RO          475    .ARM.Collect$$rtentry$$00000002  c_w.l(rtentry2.o)
    0x080001f4   0x00000006   Code   RO          487    .ARM.Collect$$rtentry$$00000004  c_w.l(rtentry4.o)
    0x080001fa   0x00000000   Code   RO          477    .ARM.Collect$$rtentry$$00000009  c_w.l(rtentry2.o)
    0x080001fa   0x00000004   Code   RO          478    .ARM.Collect$$rtentry$$0000000A  c_w.l(rtentry2.o)
    0x080001fe   0x00000000   Code   RO          480    .ARM.Collect$$rtentry$$0000000C  c_w.l(rtentry2.o)
    0x080001fe   0x00000008   Code   RO          481    .ARM.Collect$$rtentry$$0000000D  c_w.l(rtentry2.o)
    0x08000206   0x00000002   Code   RO          504    .ARM.Collect$$rtexit$$00000000  c_w.l(rtexit.o)
    0x08000208   0x00000000   Code   RO          550    .ARM.Collect$$rtexit$$00000002  c_w.l(rtexit2.o)
    0x08000208   0x00000004   Code   RO          551    .ARM.Collect$$rtexit$$00000003  c_w.l(rtexit2.o)
    0x0800020c   0x00000006   Code   RO          552    .ARM.Collect$$rtexit$$00000004  c_w.l(rtexit2.o)
    0x08000212   0x00000002   PAD
    0x08000214   0x00000024   Code   RO            9    .text               stm32f10x_vector.o
    0x08000238   0x000003a0   Code   RO           13    .text               stm32f10x_rcc.o
    0x080005d8   0x00000bc6   Code   RO           43    .text               stm32f10x_tim.o
    0x0800119e   0x00000002   PAD
    0x080011a0   0x00000330   Code   RO           58    .text               stm32f10x_gpio.o
    0x080014d0   0x00000430   Code   RO           73    .text               stm32f10x_adc.o
    0x08001900   0x00000240   Code   RO           88    .text               stm32f10x_dma.o
    0x08001b40   0x0000001c   Code   RO          118    .text               test.o
    0x08001b5c   0x0000010c   Code   RO          226    .text               stm32f10x_it.o
    0x08001c68   0x000000b0   Code   RO          242    .text               delay.o
    0x08001d18   0x000002d0   Code   RO          257    .text               sys.o
    0x08001fe8   0x00000030   Code   RO          272    .text               user.o
    0x08002018   0x000004a0   Code   RO          296    .text               driver.o
    0x080024b8   0x000004c0   Code   RO          308    .text               getsensor.o
    0x08002978   0x0000002c   Code   RO          323    .text               beep.o
    0x080029a4   0x0000034c   Code   RO          335    .text               iic.o
    0x08002cf0   0x00000078   Code   RO          347    .text               key.o
    0x08002d68   0x00000450   Code   RO          383    .text               colour.o
    0x080031b8   0x0000053c   Code   RO          398    .text               lcd5110.o
    0x080036f4   0x00004110   Code   RO          413    .text               track_jg.o
    0x08007804   0x00000006   Code   RO          430    .text               c_w.l(heapauxi.o)
    0x0800780a   0x0000004a   Code   RO          491    .text               c_w.l(sys_stackheap_outer.o)
    0x08007854   0x0000000c   Code   RO          493    .text               c_w.l(exit.o)
    0x08007860   0x00000008   Code   RO          501    .text               c_w.l(libspace.o)
    0x08007868   0x0000000c   Code   RO          560    .text               c_w.l(sys_exit.o)
    0x08007874   0x00000002   Code   RO          571    .text               c_w.l(use_no_semi.o)
    0x08007876   0x00000000   Code   RO          573    .text               c_w.l(indicate_semi.o)
    0x08007876   0x00000018   Code   RO          489    x$fpl$dcmpinf       fz_ws.l(dcmpi.o)
    0x0800788e   0x00000002   PAD
    0x08007890   0x00000078   Code   RO          461    x$fpl$dleqf         fz_ws.l(dleqf.o)
    0x08007908   0x00000154   Code   RO          434    x$fpl$dmul          fz_ws.l(dmul.o)
    0x08007a5c   0x0000009c   Code   RO          463    x$fpl$dnaninf       fz_ws.l(dnaninf.o)
    0x08007af8   0x0000000c   Code   RO          465    x$fpl$dretinf       fz_ws.l(dretinf.o)
    0x08007b04   0x0000006c   Code   RO          436    x$fpl$drleqf        fz_ws.l(drleqf.o)
    0x08007b70   0x00000056   Code   RO          438    x$fpl$f2d           fz_ws.l(f2d.o)
    0x08007bc6   0x00000002   PAD
    0x08007bc8   0x000000c4   Code   RO          440    x$fpl$fadd          fz_ws.l(faddsub_clz.o)
    0x08007c8c   0x00000018   Code   RO          467    x$fpl$fcmpinf       fz_ws.l(fcmpi.o)
    0x08007ca4   0x00000184   Code   RO          447    x$fpl$fdiv          fz_ws.l(fdiv.o)
    0x08007e28   0x00000026   Code   RO          450    x$fpl$ffltu         fz_ws.l(fflt_clz.o)
    0x08007e4e   0x00000002   PAD
    0x08007e50   0x00000068   Code   RO          456    x$fpl$fleqf         fz_ws.l(fleqf.o)
    0x08007eb8   0x00000102   Code   RO          458    x$fpl$fmul          fz_ws.l(fmul.o)
    0x08007fba   0x0000008c   Code   RO          469    x$fpl$fnaninf       fz_ws.l(fnaninf.o)
    0x08008046   0x0000000a   Code   RO          471    x$fpl$fretinf       fz_ws.l(fretinf.o)
    0x08008050   0x000000ea   Code   RO          442    x$fpl$fsub          fz_ws.l(faddsub_clz.o)
    0x0800813a   0x00000000   Code   RO          473    x$fpl$usenofp       fz_ws.l(usenofp.o)
    0x0800813a   0x00000014   Data   RO           14    .constdata          stm32f10x_rcc.o
    0x0800814e   0x00000002   PAD
    0x08008150   0x00000020   Data   RO          625    Region$$Table       anon$$obj.o


    Execution Region RW_IRAM1 (Base: 0x20000000, Size: 0x00000b40, Max: 0x00010000, ABSOLUTE, COMPRESSED[0x000001ec])

    Base Addr    Size         Type   Attr      Idx    E Section Name        Object

    0x20000000   0x00000004   Data   RW          243    .data               delay.o
    0x20000004   0x00000005   Data   RW          384    .data               colour.o
    0x20000009   0x00000237   Data   RW          399    .data               lcd5110.o
    0x20000240   0x0000001c   Data   RW          414    .data               track_jg.o
    0x2000025c   0x00000084   Zero   RW          309    .bss                getsensor.o
    0x200002e0   0x00000060   Zero   RW          502    .bss                c_w.l(libspace.o)
    0x20000340   0x00000400   Zero   RW            7    HEAP                stm32f10x_vector.o
    0x20000740   0x00000400   Zero   RW            6    STACK               stm32f10x_vector.o


==============================================================================

Image component sizes


      Code (inc. data)   RO Data    RW Data    ZI Data      Debug   Object Name

        44          4          0          0          0        444   beep.o
      1104        116          0          5          0       2584   colour.o
         0          0          0          0          0         32   cortexm3_macro.o
       176          8          0          4          0       1051   delay.o
      1184         48          0          0          0       2675   driver.o
      1216         84          0          0        132       3141   getsensor.o
       844         12          0          0          0       2465   iic.o
       120         16          0          0          0        467   key.o
      1340         38          0        567          0       4357   lcd5110.o
      1072         20          0          0          0      19069   stm32f10x_adc.o
       576         16          0          0          0      12791   stm32f10x_dma.o
       816         18          0          0          0      11475   stm32f10x_gpio.o
       268         12          0          0          0       7476   stm32f10x_it.o
       928         36         20          0          0     195192   stm32f10x_rcc.o
      3014         16          0          0          0      45588   stm32f10x_tim.o
        36         22        304          0       2048        364   stm32f10x_vector.o
       720         46          0          0          0       2271   sys.o
        28          4          0          0          0        455   test.o
     16656        216          0         28          0      17073   track_jg.o
        48          0          0          0          0        487   user.o

    ----------------------------------------------------------------------
     30192        732        358        604       2180     329457   Object Totals
         0          0         32          0          0          0   (incl. Generated)
         2          0          2          0          0          0   (incl. Padding)

    ----------------------------------------------------------------------

      Code (inc. data)   RO Data    RW Data    ZI Data      Debug   Library Member Name

       100          0          0          0          0          0   __dclz77c.o
         8          0          0          0          0         68   __main.o
        52          8          0          0          0          0   __scatter.o
        28          0          0          0          0          0   __scatter_zi.o
        12          0          0          0          0         72   exit.o
         6          0          0          0          0        152   heapauxi.o
         0          0          0          0          0          0   indicate_semi.o
         2          0          0          0          0          0   libinit.o
         2          0          0          0          0          0   libinit2.o
         2          0          0          0          0          0   libshutdown.o
         2          0          0          0          0          0   libshutdown2.o
         8          4          0          0         96         68   libspace.o
         0          0          0          0          0          0   rtentry.o
        12          0          0          0          0          0   rtentry2.o
         6          0          0          0          0          0   rtentry4.o
         2          0          0          0          0          0   rtexit.o
        10          0          0          0          0          0   rtexit2.o
        12          4          0          0          0         68   sys_exit.o
        74          0          0          0          0         80   sys_stackheap_outer.o
         2          0          0          0          0         68   use_no_semi.o
        24          0          0          0          0         68   dcmpi.o
       120          4          0          0          0         92   dleqf.o
       340         12          0          0          0        104   dmul.o
       156          4          0          0          0         92   dnaninf.o
        12          0          0          0          0         68   dretinf.o
       108          0          0          0          0         80   drleqf.o
        86          4          0          0          0         84   f2d.o
       430          8          0          0          0        168   faddsub_clz.o
        24          0          0          0          0         68   fcmpi.o
       388         76          0          0          0         96   fdiv.o
        38          0          0          0          0         68   fflt_clz.o
       104          4          0          0          0         84   fleqf.o
       258          4          0          0          0         84   fmul.o
       140          4          0          0          0         84   fnaninf.o
        10          0          0          0          0         68   fretinf.o
         0          0          0          0          0          0   usenofp.o

    ----------------------------------------------------------------------
      2586        136          0          0         96       1884   Library Totals
         8          0          0          0          0          0   (incl. Padding)

    ----------------------------------------------------------------------

      Code (inc. data)   RO Data    RW Data    ZI Data      Debug   Library Name

       340         16          0          0         96        576   c_w.l
      2238        120          0          0          0       1308   fz_ws.l

    ----------------------------------------------------------------------
      2586        136          0          0         96       1884   Library Totals

    ----------------------------------------------------------------------

==============================================================================


      Code (inc. data)   RO Data    RW Data    ZI Data      Debug   

     32778        868        358        604       2276     328377   Grand Totals
     32778        868        358        492       2276     328377   ELF Image Totals (compressed)
     32778        868        358        492          0          0   ROM Totals

==============================================================================

    Total RO  Size (Code + RO Data)                33136 (  32.36kB)
    Total RW  Size (RW Data + ZI Data)              2880 (   2.81kB)
    Total ROM Size (Code + RO Data + RW Data)      33628 (  32.84kB)

==============================================================================

