<!doctype html public "-//w3c//dtd html 4.0 transitional//en">
<html><head>
<title>Static Call Graph - [..\OUTPUT\SuperSharkV1.0.axf]</title></head>
<body><HR>
<H1>Static Call Graph for image ..\OUTPUT\SuperSharkV1.0.axf</H1><HR>
<BR><P>#&#060CALLGRAPH&#062# ARM Linker, 4.1 [Build 481]: Last Updated: Wed Aug 06 21:46:12 2014
<BR><P>
<H3>Maximum Stack Usage =          0 bytes + Unknown(Untraceable Function Pointers)</H3><H3>
Call chain for Maximum Stack Depth:</H3>

<P>
<H3>
Function Pointers
</H3><UL>
 <LI><a href="#[4a]">Reset_Handler</a> from stm32f10x_vector.o(.text) referenced from stm32f10x_vector.o(RESET)
 <LI><a href="#[4]">NMIException</a> from stm32f10x_it.o(.text) referenced from stm32f10x_vector.o(RESET)
 <LI><a href="#[5]">HardFaultException</a> from stm32f10x_it.o(.text) referenced from stm32f10x_vector.o(RESET)
 <LI><a href="#[6]">MemManageException</a> from stm32f10x_it.o(.text) referenced from stm32f10x_vector.o(RESET)
 <LI><a href="#[7]">BusFaultException</a> from stm32f10x_it.o(.text) referenced from stm32f10x_vector.o(RESET)
 <LI><a href="#[8]">UsageFaultException</a> from stm32f10x_it.o(.text) referenced from stm32f10x_vector.o(RESET)
 <LI><a href="#[9]">SVCHandler</a> from stm32f10x_it.o(.text) referenced from stm32f10x_vector.o(RESET)
 <LI><a href="#[a]">DebugMonitor</a> from stm32f10x_it.o(.text) referenced from stm32f10x_vector.o(RESET)
 <LI><a href="#[b]">PendSVC</a> from stm32f10x_it.o(.text) referenced from stm32f10x_vector.o(RESET)
 <LI><a href="#[c]">SysTickHandler</a> from stm32f10x_it.o(.text) referenced from stm32f10x_vector.o(RESET)
 <LI><a href="#[d]">WWDG_IRQHandler</a> from stm32f10x_it.o(.text) referenced from stm32f10x_vector.o(RESET)
 <LI><a href="#[e]">PVD_IRQHandler</a> from stm32f10x_it.o(.text) referenced from stm32f10x_vector.o(RESET)
 <LI><a href="#[f]">TAMPER_IRQHandler</a> from stm32f10x_it.o(.text) referenced from stm32f10x_vector.o(RESET)
 <LI><a href="#[10]">RTC_IRQHandler</a> from stm32f10x_it.o(.text) referenced from stm32f10x_vector.o(RESET)
 <LI><a href="#[11]">FLASH_IRQHandler</a> from stm32f10x_it.o(.text) referenced from stm32f10x_vector.o(RESET)
 <LI><a href="#[12]">RCC_IRQHandler</a> from stm32f10x_it.o(.text) referenced from stm32f10x_vector.o(RESET)
 <LI><a href="#[13]">EXTI0_IRQHandler</a> from stm32f10x_it.o(.text) referenced from stm32f10x_vector.o(RESET)
 <LI><a href="#[14]">EXTI1_IRQHandler</a> from stm32f10x_it.o(.text) referenced from stm32f10x_vector.o(RESET)
 <LI><a href="#[15]">EXTI2_IRQHandler</a> from stm32f10x_it.o(.text) referenced from stm32f10x_vector.o(RESET)
 <LI><a href="#[16]">EXTI3_IRQHandler</a> from stm32f10x_it.o(.text) referenced from stm32f10x_vector.o(RESET)
 <LI><a href="#[17]">EXTI4_IRQHandler</a> from stm32f10x_it.o(.text) referenced from stm32f10x_vector.o(RESET)
 <LI><a href="#[18]">DMA1_Channel1_IRQHandler</a> from stm32f10x_it.o(.text) referenced from stm32f10x_vector.o(RESET)
 <LI><a href="#[19]">DMA1_Channel2_IRQHandler</a> from stm32f10x_it.o(.text) referenced from stm32f10x_vector.o(RESET)
 <LI><a href="#[1a]">DMA1_Channel3_IRQHandler</a> from stm32f10x_it.o(.text) referenced from stm32f10x_vector.o(RESET)
 <LI><a href="#[1b]">DMA1_Channel4_IRQHandler</a> from stm32f10x_it.o(.text) referenced from stm32f10x_vector.o(RESET)
 <LI><a href="#[1c]">DMA1_Channel5_IRQHandler</a> from stm32f10x_it.o(.text) referenced from stm32f10x_vector.o(RESET)
 <LI><a href="#[1d]">DMA1_Channel6_IRQHandler</a> from stm32f10x_it.o(.text) referenced from stm32f10x_vector.o(RESET)
 <LI><a href="#[1e]">DMA1_Channel7_IRQHandler</a> from stm32f10x_it.o(.text) referenced from stm32f10x_vector.o(RESET)
 <LI><a href="#[1f]">ADC1_2_IRQHandler</a> from stm32f10x_it.o(.text) referenced from stm32f10x_vector.o(RESET)
 <LI><a href="#[20]">USB_HP_CAN_TX_IRQHandler</a> from stm32f10x_it.o(.text) referenced from stm32f10x_vector.o(RESET)
 <LI><a href="#[21]">USB_LP_CAN_RX0_IRQHandler</a> from stm32f10x_it.o(.text) referenced from stm32f10x_vector.o(RESET)
 <LI><a href="#[22]">CAN_RX1_IRQHandler</a> from stm32f10x_it.o(.text) referenced from stm32f10x_vector.o(RESET)
 <LI><a href="#[23]">CAN_SCE_IRQHandler</a> from stm32f10x_it.o(.text) referenced from stm32f10x_vector.o(RESET)
 <LI><a href="#[24]">EXTI9_5_IRQHandler</a> from stm32f10x_it.o(.text) referenced from stm32f10x_vector.o(RESET)
 <LI><a href="#[25]">TIM1_BRK_IRQHandler</a> from stm32f10x_it.o(.text) referenced from stm32f10x_vector.o(RESET)
 <LI><a href="#[26]">TIM1_UP_IRQHandler</a> from stm32f10x_it.o(.text) referenced from stm32f10x_vector.o(RESET)
 <LI><a href="#[27]">TIM1_TRG_COM_IRQHandler</a> from stm32f10x_it.o(.text) referenced from stm32f10x_vector.o(RESET)
 <LI><a href="#[28]">TIM1_CC_IRQHandler</a> from stm32f10x_it.o(.text) referenced from stm32f10x_vector.o(RESET)
 <LI><a href="#[29]">TIM2_IRQHandler</a> from stm32f10x_it.o(.text) referenced from stm32f10x_vector.o(RESET)
 <LI><a href="#[2a]">TIM3_IRQHandler</a> from stm32f10x_it.o(.text) referenced from stm32f10x_vector.o(RESET)
 <LI><a href="#[2b]">TIM4_IRQHandler</a> from stm32f10x_it.o(.text) referenced from stm32f10x_vector.o(RESET)
 <LI><a href="#[2c]">I2C1_EV_IRQHandler</a> from stm32f10x_it.o(.text) referenced from stm32f10x_vector.o(RESET)
 <LI><a href="#[2d]">I2C1_ER_IRQHandler</a> from stm32f10x_it.o(.text) referenced from stm32f10x_vector.o(RESET)
 <LI><a href="#[2e]">I2C2_EV_IRQHandler</a> from stm32f10x_it.o(.text) referenced from stm32f10x_vector.o(RESET)
 <LI><a href="#[2f]">I2C2_ER_IRQHandler</a> from stm32f10x_it.o(.text) referenced from stm32f10x_vector.o(RESET)
 <LI><a href="#[30]">SPI1_IRQHandler</a> from stm32f10x_it.o(.text) referenced from stm32f10x_vector.o(RESET)
 <LI><a href="#[31]">SPI2_IRQHandler</a> from stm32f10x_it.o(.text) referenced from stm32f10x_vector.o(RESET)
 <LI><a href="#[32]">USART1_IRQHandler</a> from stm32f10x_it.o(.text) referenced from stm32f10x_vector.o(RESET)
 <LI><a href="#[33]">USART2_IRQHandler</a> from stm32f10x_it.o(.text) referenced from stm32f10x_vector.o(RESET)
 <LI><a href="#[34]">USART3_IRQHandler</a> from stm32f10x_it.o(.text) referenced from stm32f10x_vector.o(RESET)
 <LI><a href="#[35]">EXTI15_10_IRQHandler</a> from stm32f10x_it.o(.text) referenced from stm32f10x_vector.o(RESET)
 <LI><a href="#[36]">RTCAlarm_IRQHandler</a> from stm32f10x_it.o(.text) referenced from stm32f10x_vector.o(RESET)
 <LI><a href="#[37]">USBWakeUp_IRQHandler</a> from stm32f10x_it.o(.text) referenced from stm32f10x_vector.o(RESET)
 <LI><a href="#[38]">TIM8_BRK_IRQHandler</a> from stm32f10x_it.o(.text) referenced from stm32f10x_vector.o(RESET)
 <LI><a href="#[39]">TIM8_UP_IRQHandler</a> from stm32f10x_it.o(.text) referenced from stm32f10x_vector.o(RESET)
 <LI><a href="#[3a]">TIM8_TRG_COM_IRQHandler</a> from stm32f10x_it.o(.text) referenced from stm32f10x_vector.o(RESET)
 <LI><a href="#[3b]">TIM8_CC_IRQHandler</a> from stm32f10x_it.o(.text) referenced from stm32f10x_vector.o(RESET)
 <LI><a href="#[3c]">ADC3_IRQHandler</a> from stm32f10x_it.o(.text) referenced from stm32f10x_vector.o(RESET)
 <LI><a href="#[3d]">FSMC_IRQHandler</a> from stm32f10x_it.o(.text) referenced from stm32f10x_vector.o(RESET)
 <LI><a href="#[3e]">SDIO_IRQHandler</a> from stm32f10x_it.o(.text) referenced from stm32f10x_vector.o(RESET)
 <LI><a href="#[3f]">TIM5_IRQHandler</a> from stm32f10x_it.o(.text) referenced from stm32f10x_vector.o(RESET)
 <LI><a href="#[40]">SPI3_IRQHandler</a> from stm32f10x_it.o(.text) referenced from stm32f10x_vector.o(RESET)
 <LI><a href="#[41]">UART4_IRQHandler</a> from stm32f10x_it.o(.text) referenced from stm32f10x_vector.o(RESET)
 <LI><a href="#[42]">UART5_IRQHandler</a> from stm32f10x_it.o(.text) referenced from stm32f10x_vector.o(RESET)
 <LI><a href="#[43]">TIM6_IRQHandler</a> from stm32f10x_it.o(.text) referenced from stm32f10x_vector.o(RESET)
 <LI><a href="#[44]">TIM7_IRQHandler</a> from stm32f10x_it.o(.text) referenced from stm32f10x_vector.o(RESET)
 <LI><a href="#[45]">DMA2_Channel1_IRQHandler</a> from stm32f10x_it.o(.text) referenced from stm32f10x_vector.o(RESET)
 <LI><a href="#[46]">DMA2_Channel2_IRQHandler</a> from stm32f10x_it.o(.text) referenced from stm32f10x_vector.o(RESET)
 <LI><a href="#[47]">DMA2_Channel3_IRQHandler</a> from stm32f10x_it.o(.text) referenced from stm32f10x_vector.o(RESET)
 <LI><a href="#[48]">DMA2_Channel4_5_IRQHandler</a> from stm32f10x_it.o(.text) referenced from stm32f10x_vector.o(RESET)
 <LI><a href="#[4b]">__main</a> from __main.o(!!!main) referenced from stm32f10x_vector.o(.text)
</UL>
<P>
<H3>
Global Symbols
</H3>
<P><STRONG><a name="[4b]"></a>__main</STRONG> (Thumb, 8 bytes, Stack size 0 bytes, __main.o(!!!main))
<BR><BR>[Calls]<UL><LI><a href="#[4e]">&gt;&gt;</a>&nbsp;&nbsp;&nbsp;__rt_entry
<LI><a href="#[4d]">&gt;&gt;</a>&nbsp;&nbsp;&nbsp;__scatterload
</UL>

<P><STRONG><a name="[4d]"></a>__scatterload</STRONG> (Thumb, 0 bytes, Stack size 0 bytes, __scatter.o(!!!scatter))
<BR><BR>[Called By]<UL><LI><a href="#[4b]">&gt;&gt;</a>&nbsp;&nbsp;&nbsp;__main
</UL>

<P><STRONG><a name="[4f]"></a>__scatterload_rt2</STRONG> (Thumb, 44 bytes, Stack size 0 bytes, __scatter.o(!!!scatter), UNUSED)
<BR><BR>[Calls]<UL><LI><a href="#[4e]">&gt;&gt;</a>&nbsp;&nbsp;&nbsp;__rt_entry
</UL>

<P><STRONG><a name="[50]"></a>__scatterload_copy</STRONG> (Thumb, 26 bytes, Stack size 0 bytes, __scatter_copy.o(!!handler_copy), UNUSED)
<BR><BR>[Calls]<UL><LI><a href="#[50]">&gt;&gt;</a>&nbsp;&nbsp;&nbsp;__scatterload_copy
</UL>
<BR>[Called By]<UL><LI><a href="#[50]">&gt;&gt;</a>&nbsp;&nbsp;&nbsp;__scatterload_copy
</UL>

<P><STRONG><a name="[51]"></a>__rt_lib_init</STRONG> (Thumb, 0 bytes, Stack size 0 bytes, libinit.o(.ARM.Collect$$libinit$$00000000))
<BR><BR>[Calls]<UL><LI><a href="#[52]">&gt;&gt;</a>&nbsp;&nbsp;&nbsp;_fp_init
</UL>
<BR>[Called By]<UL><LI><a href="#[55]">&gt;&gt;</a>&nbsp;&nbsp;&nbsp;__rt_entry_li
</UL>

<P><STRONG><a name="[5a]"></a>__rt_lib_shutdown</STRONG> (Thumb, 0 bytes, Stack size 0 bytes, libshutdown.o(.ARM.Collect$$libshutdown$$00000000))
<BR><BR>[Called By]<UL><LI><a href="#[59]">&gt;&gt;</a>&nbsp;&nbsp;&nbsp;__rt_exit_ls
</UL>

<P><STRONG><a name="[4e]"></a>__rt_entry</STRONG> (Thumb, 0 bytes, Stack size 0 bytes, rtentry.o(.ARM.Collect$$rtentry$$00000000))
<BR><BR>[Called By]<UL><LI><a href="#[4b]">&gt;&gt;</a>&nbsp;&nbsp;&nbsp;__main
<LI><a href="#[4f]">&gt;&gt;</a>&nbsp;&nbsp;&nbsp;__scatterload_rt2
</UL>

<P><STRONG><a name="[53]"></a>__rt_entry_sh</STRONG> (Thumb, 0 bytes, Stack size 0 bytes, rtentry4.o(.ARM.Collect$$rtentry$$00000004))
<BR><BR>[Calls]<UL><LI><a href="#[54]">&gt;&gt;</a>&nbsp;&nbsp;&nbsp;__user_setup_stackheap
</UL>

<P><STRONG><a name="[55]"></a>__rt_entry_li</STRONG> (Thumb, 0 bytes, Stack size 0 bytes, rtentry2.o(.ARM.Collect$$rtentry$$0000000A))
<BR><BR>[Calls]<UL><LI><a href="#[51]">&gt;&gt;</a>&nbsp;&nbsp;&nbsp;__rt_lib_init
</UL>

<P><STRONG><a name="[56]"></a>__rt_entry_main</STRONG> (Thumb, 0 bytes, Stack size 0 bytes, rtentry2.o(.ARM.Collect$$rtentry$$0000000D))
<BR><BR>[Calls]<UL><LI><a href="#[58]">&gt;&gt;</a>&nbsp;&nbsp;&nbsp;exit
<LI><a href="#[57]">&gt;&gt;</a>&nbsp;&nbsp;&nbsp;main
</UL>

<P><STRONG><a name="[128]"></a>__rt_exit</STRONG> (Thumb, 0 bytes, Stack size 0 bytes, rtexit.o(.ARM.Collect$$rtexit$$00000000))
<BR><BR>[Called By]<UL><LI><a href="#[58]">&gt;&gt;</a>&nbsp;&nbsp;&nbsp;exit
</UL>

<P><STRONG><a name="[59]"></a>__rt_exit_ls</STRONG> (Thumb, 0 bytes, Stack size 0 bytes, rtexit2.o(.ARM.Collect$$rtexit$$00000003))
<BR><BR>[Calls]<UL><LI><a href="#[5a]">&gt;&gt;</a>&nbsp;&nbsp;&nbsp;__rt_lib_shutdown
</UL>

<P><STRONG><a name="[aa]"></a>WFI_SET</STRONG> (Thumb, 2 bytes, Stack size 0 bytes, sys.o(.emb_text), UNUSED)
<BR><BR>[Called By]<UL><LI><a href="#[a9]">&gt;&gt;</a>&nbsp;&nbsp;&nbsp;Sys_Standby
</UL>

<P><STRONG><a name="[4]"></a>NMIException</STRONG> (Thumb, 2 bytes, Stack size 0 bytes, stm32f10x_it.o(.text))
<BR>[Address Reference Count : 1]<UL><LI> stm32f10x_vector.o(RESET)
</UL>
<P><STRONG><a name="[5]"></a>HardFaultException</STRONG> (Thumb, 4 bytes, Stack size 0 bytes, stm32f10x_it.o(.text))
<BR>[Address Reference Count : 1]<UL><LI> stm32f10x_vector.o(RESET)
</UL>
<P><STRONG><a name="[6]"></a>MemManageException</STRONG> (Thumb, 4 bytes, Stack size 0 bytes, stm32f10x_it.o(.text))
<BR>[Address Reference Count : 1]<UL><LI> stm32f10x_vector.o(RESET)
</UL>
<P><STRONG><a name="[7]"></a>BusFaultException</STRONG> (Thumb, 4 bytes, Stack size 0 bytes, stm32f10x_it.o(.text))
<BR>[Address Reference Count : 1]<UL><LI> stm32f10x_vector.o(RESET)
</UL>
<P><STRONG><a name="[8]"></a>UsageFaultException</STRONG> (Thumb, 4 bytes, Stack size 0 bytes, stm32f10x_it.o(.text))
<BR>[Address Reference Count : 1]<UL><LI> stm32f10x_vector.o(RESET)
</UL>
<P><STRONG><a name="[a]"></a>DebugMonitor</STRONG> (Thumb, 2 bytes, Stack size 0 bytes, stm32f10x_it.o(.text))
<BR>[Address Reference Count : 1]<UL><LI> stm32f10x_vector.o(RESET)
</UL>
<P><STRONG><a name="[9]"></a>SVCHandler</STRONG> (Thumb, 2 bytes, Stack size 0 bytes, stm32f10x_it.o(.text))
<BR>[Address Reference Count : 1]<UL><LI> stm32f10x_vector.o(RESET)
</UL>
<P><STRONG><a name="[b]"></a>PendSVC</STRONG> (Thumb, 2 bytes, Stack size 0 bytes, stm32f10x_it.o(.text))
<BR>[Address Reference Count : 1]<UL><LI> stm32f10x_vector.o(RESET)
</UL>
<P><STRONG><a name="[c]"></a>SysTickHandler</STRONG> (Thumb, 2 bytes, Stack size 0 bytes, stm32f10x_it.o(.text))
<BR>[Address Reference Count : 1]<UL><LI> stm32f10x_vector.o(RESET)
</UL>
<P><STRONG><a name="[d]"></a>WWDG_IRQHandler</STRONG> (Thumb, 2 bytes, Stack size 0 bytes, stm32f10x_it.o(.text))
<BR>[Address Reference Count : 1]<UL><LI> stm32f10x_vector.o(RESET)
</UL>
<P><STRONG><a name="[e]"></a>PVD_IRQHandler</STRONG> (Thumb, 2 bytes, Stack size 0 bytes, stm32f10x_it.o(.text))
<BR>[Address Reference Count : 1]<UL><LI> stm32f10x_vector.o(RESET)
</UL>
<P><STRONG><a name="[f]"></a>TAMPER_IRQHandler</STRONG> (Thumb, 2 bytes, Stack size 0 bytes, stm32f10x_it.o(.text))
<BR>[Address Reference Count : 1]<UL><LI> stm32f10x_vector.o(RESET)
</UL>
<P><STRONG><a name="[10]"></a>RTC_IRQHandler</STRONG> (Thumb, 2 bytes, Stack size 0 bytes, stm32f10x_it.o(.text))
<BR>[Address Reference Count : 1]<UL><LI> stm32f10x_vector.o(RESET)
</UL>
<P><STRONG><a name="[11]"></a>FLASH_IRQHandler</STRONG> (Thumb, 2 bytes, Stack size 0 bytes, stm32f10x_it.o(.text))
<BR>[Address Reference Count : 1]<UL><LI> stm32f10x_vector.o(RESET)
</UL>
<P><STRONG><a name="[12]"></a>RCC_IRQHandler</STRONG> (Thumb, 2 bytes, Stack size 0 bytes, stm32f10x_it.o(.text))
<BR>[Address Reference Count : 1]<UL><LI> stm32f10x_vector.o(RESET)
</UL>
<P><STRONG><a name="[13]"></a>EXTI0_IRQHandler</STRONG> (Thumb, 2 bytes, Stack size 0 bytes, stm32f10x_it.o(.text))
<BR>[Address Reference Count : 1]<UL><LI> stm32f10x_vector.o(RESET)
</UL>
<P><STRONG><a name="[14]"></a>EXTI1_IRQHandler</STRONG> (Thumb, 2 bytes, Stack size 0 bytes, stm32f10x_it.o(.text))
<BR>[Address Reference Count : 1]<UL><LI> stm32f10x_vector.o(RESET)
</UL>
<P><STRONG><a name="[15]"></a>EXTI2_IRQHandler</STRONG> (Thumb, 2 bytes, Stack size 0 bytes, stm32f10x_it.o(.text))
<BR>[Address Reference Count : 1]<UL><LI> stm32f10x_vector.o(RESET)
</UL>
<P><STRONG><a name="[16]"></a>EXTI3_IRQHandler</STRONG> (Thumb, 2 bytes, Stack size 0 bytes, stm32f10x_it.o(.text))
<BR>[Address Reference Count : 1]<UL><LI> stm32f10x_vector.o(RESET)
</UL>
<P><STRONG><a name="[17]"></a>EXTI4_IRQHandler</STRONG> (Thumb, 250 bytes, Stack size 0 bytes, stm32f10x_it.o(.text))
<BR><BR>[Calls]<UL><LI><a href="#[5d]">&gt;&gt;</a>&nbsp;&nbsp;&nbsp;Sys_Soft_Reset
<LI><a href="#[5c]">&gt;&gt;</a>&nbsp;&nbsp;&nbsp;Remote_Process
<LI><a href="#[5b]">&gt;&gt;</a>&nbsp;&nbsp;&nbsp;Pulse_Width_Check
<LI><a href="#[5e]">&gt;&gt;</a>&nbsp;&nbsp;&nbsp;BEEP_ON
<LI><a href="#[5f]">&gt;&gt;</a>&nbsp;&nbsp;&nbsp;BEEP_OFF
</UL>
<BR>[Address Reference Count : 1]<UL><LI> stm32f10x_vector.o(RESET)
</UL>
<P><STRONG><a name="[18]"></a>DMA1_Channel1_IRQHandler</STRONG> (Thumb, 2 bytes, Stack size 0 bytes, stm32f10x_it.o(.text))
<BR>[Address Reference Count : 1]<UL><LI> stm32f10x_vector.o(RESET)
</UL>
<P><STRONG><a name="[19]"></a>DMA1_Channel2_IRQHandler</STRONG> (Thumb, 2 bytes, Stack size 0 bytes, stm32f10x_it.o(.text))
<BR>[Address Reference Count : 1]<UL><LI> stm32f10x_vector.o(RESET)
</UL>
<P><STRONG><a name="[1a]"></a>DMA1_Channel3_IRQHandler</STRONG> (Thumb, 2 bytes, Stack size 0 bytes, stm32f10x_it.o(.text))
<BR>[Address Reference Count : 1]<UL><LI> stm32f10x_vector.o(RESET)
</UL>
<P><STRONG><a name="[1b]"></a>DMA1_Channel4_IRQHandler</STRONG> (Thumb, 2 bytes, Stack size 0 bytes, stm32f10x_it.o(.text))
<BR>[Address Reference Count : 1]<UL><LI> stm32f10x_vector.o(RESET)
</UL>
<P><STRONG><a name="[1c]"></a>DMA1_Channel5_IRQHandler</STRONG> (Thumb, 2 bytes, Stack size 0 bytes, stm32f10x_it.o(.text))
<BR>[Address Reference Count : 1]<UL><LI> stm32f10x_vector.o(RESET)
</UL>
<P><STRONG><a name="[1d]"></a>DMA1_Channel6_IRQHandler</STRONG> (Thumb, 2 bytes, Stack size 0 bytes, stm32f10x_it.o(.text))
<BR>[Address Reference Count : 1]<UL><LI> stm32f10x_vector.o(RESET)
</UL>
<P><STRONG><a name="[1e]"></a>DMA1_Channel7_IRQHandler</STRONG> (Thumb, 2 bytes, Stack size 0 bytes, stm32f10x_it.o(.text))
<BR>[Address Reference Count : 1]<UL><LI> stm32f10x_vector.o(RESET)
</UL>
<P><STRONG><a name="[1f]"></a>ADC1_2_IRQHandler</STRONG> (Thumb, 2 bytes, Stack size 0 bytes, stm32f10x_it.o(.text))
<BR>[Address Reference Count : 1]<UL><LI> stm32f10x_vector.o(RESET)
</UL>
<P><STRONG><a name="[20]"></a>USB_HP_CAN_TX_IRQHandler</STRONG> (Thumb, 2 bytes, Stack size 0 bytes, stm32f10x_it.o(.text))
<BR>[Address Reference Count : 1]<UL><LI> stm32f10x_vector.o(RESET)
</UL>
<P><STRONG><a name="[21]"></a>USB_LP_CAN_RX0_IRQHandler</STRONG> (Thumb, 2 bytes, Stack size 0 bytes, stm32f10x_it.o(.text))
<BR>[Address Reference Count : 1]<UL><LI> stm32f10x_vector.o(RESET)
</UL>
<P><STRONG><a name="[22]"></a>CAN_RX1_IRQHandler</STRONG> (Thumb, 2 bytes, Stack size 0 bytes, stm32f10x_it.o(.text))
<BR>[Address Reference Count : 1]<UL><LI> stm32f10x_vector.o(RESET)
</UL>
<P><STRONG><a name="[23]"></a>CAN_SCE_IRQHandler</STRONG> (Thumb, 2 bytes, Stack size 0 bytes, stm32f10x_it.o(.text))
<BR>[Address Reference Count : 1]<UL><LI> stm32f10x_vector.o(RESET)
</UL>
<P><STRONG><a name="[24]"></a>EXTI9_5_IRQHandler</STRONG> (Thumb, 2 bytes, Stack size 0 bytes, stm32f10x_it.o(.text))
<BR>[Address Reference Count : 1]<UL><LI> stm32f10x_vector.o(RESET)
</UL>
<P><STRONG><a name="[25]"></a>TIM1_BRK_IRQHandler</STRONG> (Thumb, 2 bytes, Stack size 0 bytes, stm32f10x_it.o(.text))
<BR>[Address Reference Count : 1]<UL><LI> stm32f10x_vector.o(RESET)
</UL>
<P><STRONG><a name="[26]"></a>TIM1_UP_IRQHandler</STRONG> (Thumb, 2 bytes, Stack size 0 bytes, stm32f10x_it.o(.text))
<BR>[Address Reference Count : 1]<UL><LI> stm32f10x_vector.o(RESET)
</UL>
<P><STRONG><a name="[27]"></a>TIM1_TRG_COM_IRQHandler</STRONG> (Thumb, 2 bytes, Stack size 0 bytes, stm32f10x_it.o(.text))
<BR>[Address Reference Count : 1]<UL><LI> stm32f10x_vector.o(RESET)
</UL>
<P><STRONG><a name="[28]"></a>TIM1_CC_IRQHandler</STRONG> (Thumb, 2 bytes, Stack size 0 bytes, stm32f10x_it.o(.text))
<BR>[Address Reference Count : 1]<UL><LI> stm32f10x_vector.o(RESET)
</UL>
<P><STRONG><a name="[29]"></a>TIM2_IRQHandler</STRONG> (Thumb, 92 bytes, Stack size 0 bytes, stm32f10x_it.o(.text))
<BR><BR>[Calls]<UL><LI><a href="#[63]">&gt;&gt;</a>&nbsp;&nbsp;&nbsp;TIM_SetCounter
<LI><a href="#[60]">&gt;&gt;</a>&nbsp;&nbsp;&nbsp;TIM_GetITStatus
<LI><a href="#[62]">&gt;&gt;</a>&nbsp;&nbsp;&nbsp;TIM_GetCounter
<LI><a href="#[61]">&gt;&gt;</a>&nbsp;&nbsp;&nbsp;TIM_ClearITPendingBit
</UL>
<BR>[Address Reference Count : 1]<UL><LI> stm32f10x_vector.o(RESET)
</UL>
<P><STRONG><a name="[2a]"></a>TIM3_IRQHandler</STRONG> (Thumb, 2 bytes, Stack size 0 bytes, stm32f10x_it.o(.text))
<BR>[Address Reference Count : 1]<UL><LI> stm32f10x_vector.o(RESET)
</UL>
<P><STRONG><a name="[2b]"></a>TIM4_IRQHandler</STRONG> (Thumb, 2 bytes, Stack size 0 bytes, stm32f10x_it.o(.text))
<BR>[Address Reference Count : 1]<UL><LI> stm32f10x_vector.o(RESET)
</UL>
<P><STRONG><a name="[2c]"></a>I2C1_EV_IRQHandler</STRONG> (Thumb, 2 bytes, Stack size 0 bytes, stm32f10x_it.o(.text))
<BR>[Address Reference Count : 1]<UL><LI> stm32f10x_vector.o(RESET)
</UL>
<P><STRONG><a name="[2d]"></a>I2C1_ER_IRQHandler</STRONG> (Thumb, 2 bytes, Stack size 0 bytes, stm32f10x_it.o(.text))
<BR>[Address Reference Count : 1]<UL><LI> stm32f10x_vector.o(RESET)
</UL>
<P><STRONG><a name="[2e]"></a>I2C2_EV_IRQHandler</STRONG> (Thumb, 2 bytes, Stack size 0 bytes, stm32f10x_it.o(.text))
<BR>[Address Reference Count : 1]<UL><LI> stm32f10x_vector.o(RESET)
</UL>
<P><STRONG><a name="[2f]"></a>I2C2_ER_IRQHandler</STRONG> (Thumb, 2 bytes, Stack size 0 bytes, stm32f10x_it.o(.text))
<BR>[Address Reference Count : 1]<UL><LI> stm32f10x_vector.o(RESET)
</UL>
<P><STRONG><a name="[30]"></a>SPI1_IRQHandler</STRONG> (Thumb, 2 bytes, Stack size 0 bytes, stm32f10x_it.o(.text))
<BR>[Address Reference Count : 1]<UL><LI> stm32f10x_vector.o(RESET)
</UL>
<P><STRONG><a name="[31]"></a>SPI2_IRQHandler</STRONG> (Thumb, 2 bytes, Stack size 0 bytes, stm32f10x_it.o(.text))
<BR>[Address Reference Count : 1]<UL><LI> stm32f10x_vector.o(RESET)
</UL>
<P><STRONG><a name="[32]"></a>USART1_IRQHandler</STRONG> (Thumb, 2 bytes, Stack size 0 bytes, stm32f10x_it.o(.text))
<BR>[Address Reference Count : 1]<UL><LI> stm32f10x_vector.o(RESET)
</UL>
<P><STRONG><a name="[33]"></a>USART2_IRQHandler</STRONG> (Thumb, 2 bytes, Stack size 0 bytes, stm32f10x_it.o(.text))
<BR>[Address Reference Count : 1]<UL><LI> stm32f10x_vector.o(RESET)
</UL>
<P><STRONG><a name="[34]"></a>USART3_IRQHandler</STRONG> (Thumb, 2 bytes, Stack size 0 bytes, stm32f10x_it.o(.text))
<BR>[Address Reference Count : 1]<UL><LI> stm32f10x_vector.o(RESET)
</UL>
<P><STRONG><a name="[35]"></a>EXTI15_10_IRQHandler</STRONG> (Thumb, 2 bytes, Stack size 0 bytes, stm32f10x_it.o(.text))
<BR>[Address Reference Count : 1]<UL><LI> stm32f10x_vector.o(RESET)
</UL>
<P><STRONG><a name="[36]"></a>RTCAlarm_IRQHandler</STRONG> (Thumb, 2 bytes, Stack size 0 bytes, stm32f10x_it.o(.text))
<BR>[Address Reference Count : 1]<UL><LI> stm32f10x_vector.o(RESET)
</UL>
<P><STRONG><a name="[37]"></a>USBWakeUp_IRQHandler</STRONG> (Thumb, 2 bytes, Stack size 0 bytes, stm32f10x_it.o(.text))
<BR>[Address Reference Count : 1]<UL><LI> stm32f10x_vector.o(RESET)
</UL>
<P><STRONG><a name="[38]"></a>TIM8_BRK_IRQHandler</STRONG> (Thumb, 2 bytes, Stack size 0 bytes, stm32f10x_it.o(.text))
<BR>[Address Reference Count : 1]<UL><LI> stm32f10x_vector.o(RESET)
</UL>
<P><STRONG><a name="[39]"></a>TIM8_UP_IRQHandler</STRONG> (Thumb, 2 bytes, Stack size 0 bytes, stm32f10x_it.o(.text))
<BR>[Address Reference Count : 1]<UL><LI> stm32f10x_vector.o(RESET)
</UL>
<P><STRONG><a name="[3a]"></a>TIM8_TRG_COM_IRQHandler</STRONG> (Thumb, 2 bytes, Stack size 0 bytes, stm32f10x_it.o(.text))
<BR>[Address Reference Count : 1]<UL><LI> stm32f10x_vector.o(RESET)
</UL>
<P><STRONG><a name="[3b]"></a>TIM8_CC_IRQHandler</STRONG> (Thumb, 2 bytes, Stack size 0 bytes, stm32f10x_it.o(.text))
<BR>[Address Reference Count : 1]<UL><LI> stm32f10x_vector.o(RESET)
</UL>
<P><STRONG><a name="[3c]"></a>ADC3_IRQHandler</STRONG> (Thumb, 2 bytes, Stack size 0 bytes, stm32f10x_it.o(.text))
<BR>[Address Reference Count : 1]<UL><LI> stm32f10x_vector.o(RESET)
</UL>
<P><STRONG><a name="[3d]"></a>FSMC_IRQHandler</STRONG> (Thumb, 2 bytes, Stack size 0 bytes, stm32f10x_it.o(.text))
<BR>[Address Reference Count : 1]<UL><LI> stm32f10x_vector.o(RESET)
</UL>
<P><STRONG><a name="[3e]"></a>SDIO_IRQHandler</STRONG> (Thumb, 2 bytes, Stack size 0 bytes, stm32f10x_it.o(.text))
<BR>[Address Reference Count : 1]<UL><LI> stm32f10x_vector.o(RESET)
</UL>
<P><STRONG><a name="[3f]"></a>TIM5_IRQHandler</STRONG> (Thumb, 2 bytes, Stack size 0 bytes, stm32f10x_it.o(.text))
<BR>[Address Reference Count : 1]<UL><LI> stm32f10x_vector.o(RESET)
</UL>
<P><STRONG><a name="[40]"></a>SPI3_IRQHandler</STRONG> (Thumb, 2 bytes, Stack size 0 bytes, stm32f10x_it.o(.text))
<BR>[Address Reference Count : 1]<UL><LI> stm32f10x_vector.o(RESET)
</UL>
<P><STRONG><a name="[41]"></a>UART4_IRQHandler</STRONG> (Thumb, 2 bytes, Stack size 0 bytes, stm32f10x_it.o(.text))
<BR>[Address Reference Count : 1]<UL><LI> stm32f10x_vector.o(RESET)
</UL>
<P><STRONG><a name="[42]"></a>UART5_IRQHandler</STRONG> (Thumb, 2 bytes, Stack size 0 bytes, stm32f10x_it.o(.text))
<BR>[Address Reference Count : 1]<UL><LI> stm32f10x_vector.o(RESET)
</UL>
<P><STRONG><a name="[43]"></a>TIM6_IRQHandler</STRONG> (Thumb, 2 bytes, Stack size 0 bytes, stm32f10x_it.o(.text))
<BR>[Address Reference Count : 1]<UL><LI> stm32f10x_vector.o(RESET)
</UL>
<P><STRONG><a name="[44]"></a>TIM7_IRQHandler</STRONG> (Thumb, 2 bytes, Stack size 0 bytes, stm32f10x_it.o(.text))
<BR>[Address Reference Count : 1]<UL><LI> stm32f10x_vector.o(RESET)
</UL>
<P><STRONG><a name="[45]"></a>DMA2_Channel1_IRQHandler</STRONG> (Thumb, 2 bytes, Stack size 0 bytes, stm32f10x_it.o(.text))
<BR>[Address Reference Count : 1]<UL><LI> stm32f10x_vector.o(RESET)
</UL>
<P><STRONG><a name="[46]"></a>DMA2_Channel2_IRQHandler</STRONG> (Thumb, 2 bytes, Stack size 0 bytes, stm32f10x_it.o(.text))
<BR>[Address Reference Count : 1]<UL><LI> stm32f10x_vector.o(RESET)
</UL>
<P><STRONG><a name="[47]"></a>DMA2_Channel3_IRQHandler</STRONG> (Thumb, 2 bytes, Stack size 0 bytes, stm32f10x_it.o(.text))
<BR>[Address Reference Count : 1]<UL><LI> stm32f10x_vector.o(RESET)
</UL>
<P><STRONG><a name="[48]"></a>DMA2_Channel4_5_IRQHandler</STRONG> (Thumb, 2 bytes, Stack size 0 bytes, stm32f10x_it.o(.text))
<BR>[Address Reference Count : 1]<UL><LI> stm32f10x_vector.o(RESET)
</UL>
<P><STRONG><a name="[57]"></a>main</STRONG> (Thumb, 66 bytes, Stack size 0 bytes, main.o(.text))
<BR><BR>[Calls]<UL><LI><a href="#[64]">&gt;&gt;</a>&nbsp;&nbsp;&nbsp;SuperShark_Init
<LI><a href="#[66]">&gt;&gt;</a>&nbsp;&nbsp;&nbsp;PutString_cn
<LI><a href="#[67]">&gt;&gt;</a>&nbsp;&nbsp;&nbsp;PutString
<LI><a href="#[65]">&gt;&gt;</a>&nbsp;&nbsp;&nbsp;Key_Start
<LI><a href="#[68]">&gt;&gt;</a>&nbsp;&nbsp;&nbsp;DMotor_Control_Par
</UL>
<BR>[Called By]<UL><LI><a href="#[56]">&gt;&gt;</a>&nbsp;&nbsp;&nbsp;__rt_entry_main
</UL>

<P><STRONG><a name="[69]"></a>An_to_Di</STRONG> (Thumb, 44 bytes, Stack size 0 bytes, track.o(.text), UNUSED)
<BR><BR>[Calls]<UL><LI><a href="#[6a]">&gt;&gt;</a>&nbsp;&nbsp;&nbsp;AnalogIn
</UL>
<BR>[Called By]<UL><LI><a href="#[87]">&gt;&gt;</a>&nbsp;&nbsp;&nbsp;Fork_road_intersection
<LI><a href="#[85]">&gt;&gt;</a>&nbsp;&nbsp;&nbsp;Track_JudgeBarrier_Place
<LI><a href="#[7e]">&gt;&gt;</a>&nbsp;&nbsp;&nbsp;my_intersection
<LI><a href="#[7d]">&gt;&gt;</a>&nbsp;&nbsp;&nbsp;Track_wheel_right
<LI><a href="#[7a]">&gt;&gt;</a>&nbsp;&nbsp;&nbsp;Track_wheel_left
<LI><a href="#[78]">&gt;&gt;</a>&nbsp;&nbsp;&nbsp;Track_round
<LI><a href="#[77]">&gt;&gt;</a>&nbsp;&nbsp;&nbsp;Track_steep_WavyLine
<LI><a href="#[76]">&gt;&gt;</a>&nbsp;&nbsp;&nbsp;Track_steep_turn_Moderato_low
<LI><a href="#[75]">&gt;&gt;</a>&nbsp;&nbsp;&nbsp;Track_steep_Moderato_low
<LI><a href="#[72]">&gt;&gt;</a>&nbsp;&nbsp;&nbsp;Track_steep_turn_low
<LI><a href="#[71]">&gt;&gt;</a>&nbsp;&nbsp;&nbsp;Track_steep_turn_Moderato
<LI><a href="#[70]">&gt;&gt;</a>&nbsp;&nbsp;&nbsp;Track_steep_turn
<LI><a href="#[6f]">&gt;&gt;</a>&nbsp;&nbsp;&nbsp;Track_steep_low
<LI><a href="#[6e]">&gt;&gt;</a>&nbsp;&nbsp;&nbsp;Track_steep_Moderato
<LI><a href="#[6d]">&gt;&gt;</a>&nbsp;&nbsp;&nbsp;Track_steep_line
</UL>

<P><STRONG><a name="[6b]"></a>DMotor_Control</STRONG> (Thumb, 56 bytes, Stack size 0 bytes, track.o(.text))
<BR><BR>[Calls]<UL><LI><a href="#[6c]">&gt;&gt;</a>&nbsp;&nbsp;&nbsp;DMotor
</UL>
<BR>[Called By]<UL><LI><a href="#[7d]">&gt;&gt;</a>&nbsp;&nbsp;&nbsp;Track_wheel_right
<LI><a href="#[7a]">&gt;&gt;</a>&nbsp;&nbsp;&nbsp;Track_wheel_left
<LI><a href="#[68]">&gt;&gt;</a>&nbsp;&nbsp;&nbsp;DMotor_Control_Par
</UL>

<P><STRONG><a name="[68]"></a>DMotor_Control_Par</STRONG> (Thumb, 32 bytes, Stack size 0 bytes, track.o(.text))
<BR><BR>[Calls]<UL><LI><a href="#[6b]">&gt;&gt;</a>&nbsp;&nbsp;&nbsp;DMotor_Control
</UL>
<BR>[Called By]<UL><LI><a href="#[8f]">&gt;&gt;</a>&nbsp;&nbsp;&nbsp;Track_Triaxial_Uphill
<LI><a href="#[8e]">&gt;&gt;</a>&nbsp;&nbsp;&nbsp;Track_Qomolangma_To
<LI><a href="#[8d]">&gt;&gt;</a>&nbsp;&nbsp;&nbsp;Track_Doorsill_WavyLine
<LI><a href="#[8c]">&gt;&gt;</a>&nbsp;&nbsp;&nbsp;Track_Doorsill_line
<LI><a href="#[8b]">&gt;&gt;</a>&nbsp;&nbsp;&nbsp;Track_Doorsill_Turn
<LI><a href="#[89]">&gt;&gt;</a>&nbsp;&nbsp;&nbsp;Track_Taiping_To
<LI><a href="#[88]">&gt;&gt;</a>&nbsp;&nbsp;&nbsp;Track_Speaicl_BridgeZM_to
<LI><a href="#[84]">&gt;&gt;</a>&nbsp;&nbsp;&nbsp;Track_cmp_ward
<LI><a href="#[83]">&gt;&gt;</a>&nbsp;&nbsp;&nbsp;Track_crash_ward
<LI><a href="#[7f]">&gt;&gt;</a>&nbsp;&nbsp;&nbsp;mid_stop
<LI><a href="#[7d]">&gt;&gt;</a>&nbsp;&nbsp;&nbsp;Track_wheel_right
<LI><a href="#[7c]">&gt;&gt;</a>&nbsp;&nbsp;&nbsp;Track_wheel_left180
<LI><a href="#[7a]">&gt;&gt;</a>&nbsp;&nbsp;&nbsp;Track_wheel_left
<LI><a href="#[78]">&gt;&gt;</a>&nbsp;&nbsp;&nbsp;Track_round
<LI><a href="#[77]">&gt;&gt;</a>&nbsp;&nbsp;&nbsp;Track_steep_WavyLine
<LI><a href="#[76]">&gt;&gt;</a>&nbsp;&nbsp;&nbsp;Track_steep_turn_Moderato_low
<LI><a href="#[75]">&gt;&gt;</a>&nbsp;&nbsp;&nbsp;Track_steep_Moderato_low
<LI><a href="#[73]">&gt;&gt;</a>&nbsp;&nbsp;&nbsp;Track_steep_cmp
<LI><a href="#[72]">&gt;&gt;</a>&nbsp;&nbsp;&nbsp;Track_steep_turn_low
<LI><a href="#[71]">&gt;&gt;</a>&nbsp;&nbsp;&nbsp;Track_steep_turn_Moderato
<LI><a href="#[70]">&gt;&gt;</a>&nbsp;&nbsp;&nbsp;Track_steep_turn
<LI><a href="#[6f]">&gt;&gt;</a>&nbsp;&nbsp;&nbsp;Track_steep_low
<LI><a href="#[6e]">&gt;&gt;</a>&nbsp;&nbsp;&nbsp;Track_steep_Moderato
<LI><a href="#[6d]">&gt;&gt;</a>&nbsp;&nbsp;&nbsp;Track_steep_line
<LI><a href="#[57]">&gt;&gt;</a>&nbsp;&nbsp;&nbsp;main
</UL>

<P><STRONG><a name="[6d]"></a>Track_steep_line</STRONG> (Thumb, 148 bytes, Stack size 0 bytes, track.o(.text), UNUSED)
<BR><BR>[Calls]<UL><LI><a href="#[69]">&gt;&gt;</a>&nbsp;&nbsp;&nbsp;An_to_Di
<LI><a href="#[68]">&gt;&gt;</a>&nbsp;&nbsp;&nbsp;DMotor_Control_Par
</UL>
<BR>[Called By]<UL><LI><a href="#[79]">&gt;&gt;</a>&nbsp;&nbsp;&nbsp;Track_straight_line
</UL>

<P><STRONG><a name="[6e]"></a>Track_steep_Moderato</STRONG> (Thumb, 198 bytes, Stack size 0 bytes, track.o(.text), UNUSED)
<BR><BR>[Calls]<UL><LI><a href="#[69]">&gt;&gt;</a>&nbsp;&nbsp;&nbsp;An_to_Di
<LI><a href="#[68]">&gt;&gt;</a>&nbsp;&nbsp;&nbsp;DMotor_Control_Par
</UL>
<BR>[Called By]<UL><LI><a href="#[79]">&gt;&gt;</a>&nbsp;&nbsp;&nbsp;Track_straight_line
</UL>

<P><STRONG><a name="[6f]"></a>Track_steep_low</STRONG> (Thumb, 200 bytes, Stack size 0 bytes, track.o(.text), UNUSED)
<BR><BR>[Calls]<UL><LI><a href="#[69]">&gt;&gt;</a>&nbsp;&nbsp;&nbsp;An_to_Di
<LI><a href="#[68]">&gt;&gt;</a>&nbsp;&nbsp;&nbsp;DMotor_Control_Par
</UL>
<BR>[Called By]<UL><LI><a href="#[8d]">&gt;&gt;</a>&nbsp;&nbsp;&nbsp;Track_Doorsill_WavyLine
<LI><a href="#[8c]">&gt;&gt;</a>&nbsp;&nbsp;&nbsp;Track_Doorsill_line
<LI><a href="#[88]">&gt;&gt;</a>&nbsp;&nbsp;&nbsp;Track_Speaicl_BridgeZM_to
<LI><a href="#[79]">&gt;&gt;</a>&nbsp;&nbsp;&nbsp;Track_straight_line
</UL>

<P><STRONG><a name="[70]"></a>Track_steep_turn</STRONG> (Thumb, 222 bytes, Stack size 0 bytes, track.o(.text), UNUSED)
<BR><BR>[Calls]<UL><LI><a href="#[69]">&gt;&gt;</a>&nbsp;&nbsp;&nbsp;An_to_Di
<LI><a href="#[68]">&gt;&gt;</a>&nbsp;&nbsp;&nbsp;DMotor_Control_Par
</UL>
<BR>[Called By]<UL><LI><a href="#[79]">&gt;&gt;</a>&nbsp;&nbsp;&nbsp;Track_straight_line
</UL>

<P><STRONG><a name="[71]"></a>Track_steep_turn_Moderato</STRONG> (Thumb, 658 bytes, Stack size 0 bytes, track.o(.text), UNUSED)
<BR><BR>[Calls]<UL><LI><a href="#[69]">&gt;&gt;</a>&nbsp;&nbsp;&nbsp;An_to_Di
<LI><a href="#[68]">&gt;&gt;</a>&nbsp;&nbsp;&nbsp;DMotor_Control_Par
</UL>
<BR>[Called By]<UL><LI><a href="#[79]">&gt;&gt;</a>&nbsp;&nbsp;&nbsp;Track_straight_line
</UL>

<P><STRONG><a name="[72]"></a>Track_steep_turn_low</STRONG> (Thumb, 162 bytes, Stack size 0 bytes, track.o(.text), UNUSED)
<BR><BR>[Calls]<UL><LI><a href="#[69]">&gt;&gt;</a>&nbsp;&nbsp;&nbsp;An_to_Di
<LI><a href="#[68]">&gt;&gt;</a>&nbsp;&nbsp;&nbsp;DMotor_Control_Par
</UL>
<BR>[Called By]<UL><LI><a href="#[8b]">&gt;&gt;</a>&nbsp;&nbsp;&nbsp;Track_Doorsill_Turn
<LI><a href="#[87]">&gt;&gt;</a>&nbsp;&nbsp;&nbsp;Fork_road_intersection
<LI><a href="#[79]">&gt;&gt;</a>&nbsp;&nbsp;&nbsp;Track_straight_line
</UL>

<P><STRONG><a name="[73]"></a>Track_steep_cmp</STRONG> (Thumb, 290 bytes, Stack size 0 bytes, track.o(.text), UNUSED)
<BR><BR>[Calls]<UL><LI><a href="#[74]">&gt;&gt;</a>&nbsp;&nbsp;&nbsp;read_cmp
<LI><a href="#[68]">&gt;&gt;</a>&nbsp;&nbsp;&nbsp;DMotor_Control_Par
</UL>
<BR>[Called By]<UL><LI><a href="#[8e]">&gt;&gt;</a>&nbsp;&nbsp;&nbsp;Track_Qomolangma_To
<LI><a href="#[89]">&gt;&gt;</a>&nbsp;&nbsp;&nbsp;Track_Taiping_To
<LI><a href="#[86]">&gt;&gt;</a>&nbsp;&nbsp;&nbsp;Track_GapBridge
<LI><a href="#[84]">&gt;&gt;</a>&nbsp;&nbsp;&nbsp;Track_cmp_ward
</UL>

<P><STRONG><a name="[75]"></a>Track_steep_Moderato_low</STRONG> (Thumb, 198 bytes, Stack size 0 bytes, track.o(.text), UNUSED)
<BR><BR>[Calls]<UL><LI><a href="#[69]">&gt;&gt;</a>&nbsp;&nbsp;&nbsp;An_to_Di
<LI><a href="#[68]">&gt;&gt;</a>&nbsp;&nbsp;&nbsp;DMotor_Control_Par
</UL>
<BR>[Called By]<UL><LI><a href="#[8e]">&gt;&gt;</a>&nbsp;&nbsp;&nbsp;Track_Qomolangma_To
<LI><a href="#[8c]">&gt;&gt;</a>&nbsp;&nbsp;&nbsp;Track_Doorsill_line
<LI><a href="#[89]">&gt;&gt;</a>&nbsp;&nbsp;&nbsp;Track_Taiping_To
<LI><a href="#[87]">&gt;&gt;</a>&nbsp;&nbsp;&nbsp;Fork_road_intersection
</UL>

<P><STRONG><a name="[76]"></a>Track_steep_turn_Moderato_low</STRONG> (Thumb, 220 bytes, Stack size 0 bytes, track.o(.text), UNUSED)
<BR><BR>[Calls]<UL><LI><a href="#[69]">&gt;&gt;</a>&nbsp;&nbsp;&nbsp;An_to_Di
<LI><a href="#[68]">&gt;&gt;</a>&nbsp;&nbsp;&nbsp;DMotor_Control_Par
</UL>
<BR>[Called By]<UL><LI><a href="#[8b]">&gt;&gt;</a>&nbsp;&nbsp;&nbsp;Track_Doorsill_Turn
</UL>

<P><STRONG><a name="[77]"></a>Track_steep_WavyLine</STRONG> (Thumb, 440 bytes, Stack size 0 bytes, track.o(.text), UNUSED)
<BR><BR>[Calls]<UL><LI><a href="#[69]">&gt;&gt;</a>&nbsp;&nbsp;&nbsp;An_to_Di
<LI><a href="#[68]">&gt;&gt;</a>&nbsp;&nbsp;&nbsp;DMotor_Control_Par
</UL>
<BR>[Called By]<UL><LI><a href="#[8d]">&gt;&gt;</a>&nbsp;&nbsp;&nbsp;Track_Doorsill_WavyLine
</UL>

<P><STRONG><a name="[78]"></a>Track_round</STRONG> (Thumb, 378 bytes, Stack size 0 bytes, track.o(.text), UNUSED)
<BR><BR>[Calls]<UL><LI><a href="#[69]">&gt;&gt;</a>&nbsp;&nbsp;&nbsp;An_to_Di
<LI><a href="#[68]">&gt;&gt;</a>&nbsp;&nbsp;&nbsp;DMotor_Control_Par
</UL>

<P><STRONG><a name="[79]"></a>Track_straight_line</STRONG> (Thumb, 60 bytes, Stack size 0 bytes, track.o(.text), UNUSED)
<BR><BR>[Calls]<UL><LI><a href="#[72]">&gt;&gt;</a>&nbsp;&nbsp;&nbsp;Track_steep_turn_low
<LI><a href="#[71]">&gt;&gt;</a>&nbsp;&nbsp;&nbsp;Track_steep_turn_Moderato
<LI><a href="#[70]">&gt;&gt;</a>&nbsp;&nbsp;&nbsp;Track_steep_turn
<LI><a href="#[6f]">&gt;&gt;</a>&nbsp;&nbsp;&nbsp;Track_steep_low
<LI><a href="#[6e]">&gt;&gt;</a>&nbsp;&nbsp;&nbsp;Track_steep_Moderato
<LI><a href="#[6d]">&gt;&gt;</a>&nbsp;&nbsp;&nbsp;Track_steep_line
</UL>
<BR>[Called By]<UL><LI><a href="#[88]">&gt;&gt;</a>&nbsp;&nbsp;&nbsp;Track_Speaicl_BridgeZM_to
<LI><a href="#[86]">&gt;&gt;</a>&nbsp;&nbsp;&nbsp;Track_GapBridge
<LI><a href="#[83]">&gt;&gt;</a>&nbsp;&nbsp;&nbsp;Track_crash_ward
</UL>

<P><STRONG><a name="[7a]"></a>Track_wheel_left</STRONG> (Thumb, 332 bytes, Stack size 0 bytes, track.o(.text), UNUSED)
<BR><BR>[Calls]<UL><LI><a href="#[7b]">&gt;&gt;</a>&nbsp;&nbsp;&nbsp;delay_ms
<LI><a href="#[6b]">&gt;&gt;</a>&nbsp;&nbsp;&nbsp;DMotor_Control
<LI><a href="#[69]">&gt;&gt;</a>&nbsp;&nbsp;&nbsp;An_to_Di
<LI><a href="#[68]">&gt;&gt;</a>&nbsp;&nbsp;&nbsp;DMotor_Control_Par
</UL>

<P><STRONG><a name="[7c]"></a>Track_wheel_left180</STRONG> (Thumb, 26 bytes, Stack size 0 bytes, track.o(.text), UNUSED)
<BR><BR>[Calls]<UL><LI><a href="#[7b]">&gt;&gt;</a>&nbsp;&nbsp;&nbsp;delay_ms
<LI><a href="#[68]">&gt;&gt;</a>&nbsp;&nbsp;&nbsp;DMotor_Control_Par
</UL>
<BR>[Called By]<UL><LI><a href="#[8e]">&gt;&gt;</a>&nbsp;&nbsp;&nbsp;Track_Qomolangma_To
<LI><a href="#[89]">&gt;&gt;</a>&nbsp;&nbsp;&nbsp;Track_Taiping_To
<LI><a href="#[88]">&gt;&gt;</a>&nbsp;&nbsp;&nbsp;Track_Speaicl_BridgeZM_to
</UL>

<P><STRONG><a name="[7d]"></a>Track_wheel_right</STRONG> (Thumb, 570 bytes, Stack size 0 bytes, track.o(.text), UNUSED)
<BR><BR>[Calls]<UL><LI><a href="#[7b]">&gt;&gt;</a>&nbsp;&nbsp;&nbsp;delay_ms
<LI><a href="#[6b]">&gt;&gt;</a>&nbsp;&nbsp;&nbsp;DMotor_Control
<LI><a href="#[69]">&gt;&gt;</a>&nbsp;&nbsp;&nbsp;An_to_Di
<LI><a href="#[68]">&gt;&gt;</a>&nbsp;&nbsp;&nbsp;DMotor_Control_Par
</UL>

<P><STRONG><a name="[7e]"></a>my_intersection</STRONG> (Thumb, 440 bytes, Stack size 0 bytes, track.o(.text), UNUSED)
<BR><BR>[Calls]<UL><LI><a href="#[69]">&gt;&gt;</a>&nbsp;&nbsp;&nbsp;An_to_Di
</UL>

<P><STRONG><a name="[7f]"></a>mid_stop</STRONG> (Thumb, 604 bytes, Stack size 0 bytes, track.o(.text), UNUSED)
<BR><BR>[Calls]<UL><LI><a href="#[80]">&gt;&gt;</a>&nbsp;&nbsp;&nbsp;delay_us
<LI><a href="#[82]">&gt;&gt;</a>&nbsp;&nbsp;&nbsp;LED_ON
<LI><a href="#[81]">&gt;&gt;</a>&nbsp;&nbsp;&nbsp;DigitalIn
<LI><a href="#[68]">&gt;&gt;</a>&nbsp;&nbsp;&nbsp;DMotor_Control_Par
</UL>

<P><STRONG><a name="[83]"></a>Track_crash_ward</STRONG> (Thumb, 114 bytes, Stack size 0 bytes, track.o(.text), UNUSED)
<BR><BR>[Calls]<UL><LI><a href="#[7b]">&gt;&gt;</a>&nbsp;&nbsp;&nbsp;delay_ms
<LI><a href="#[81]">&gt;&gt;</a>&nbsp;&nbsp;&nbsp;DigitalIn
<LI><a href="#[79]">&gt;&gt;</a>&nbsp;&nbsp;&nbsp;Track_straight_line
<LI><a href="#[68]">&gt;&gt;</a>&nbsp;&nbsp;&nbsp;DMotor_Control_Par
<LI><a href="#[5e]">&gt;&gt;</a>&nbsp;&nbsp;&nbsp;BEEP_ON
<LI><a href="#[5f]">&gt;&gt;</a>&nbsp;&nbsp;&nbsp;BEEP_OFF
</UL>

<P><STRONG><a name="[84]"></a>Track_cmp_ward</STRONG> (Thumb, 56 bytes, Stack size 0 bytes, track.o(.text), UNUSED)
<BR><BR>[Calls]<UL><LI><a href="#[7b]">&gt;&gt;</a>&nbsp;&nbsp;&nbsp;delay_ms
<LI><a href="#[81]">&gt;&gt;</a>&nbsp;&nbsp;&nbsp;DigitalIn
<LI><a href="#[73]">&gt;&gt;</a>&nbsp;&nbsp;&nbsp;Track_steep_cmp
<LI><a href="#[68]">&gt;&gt;</a>&nbsp;&nbsp;&nbsp;DMotor_Control_Par
<LI><a href="#[5e]">&gt;&gt;</a>&nbsp;&nbsp;&nbsp;BEEP_ON
<LI><a href="#[5f]">&gt;&gt;</a>&nbsp;&nbsp;&nbsp;BEEP_OFF
</UL>
<BR>[Called By]<UL><LI><a href="#[8e]">&gt;&gt;</a>&nbsp;&nbsp;&nbsp;Track_Qomolangma_To
<LI><a href="#[89]">&gt;&gt;</a>&nbsp;&nbsp;&nbsp;Track_Taiping_To
</UL>

<P><STRONG><a name="[85]"></a>Track_JudgeBarrier_Place</STRONG> (Thumb, 356 bytes, Stack size 0 bytes, track.o(.text), UNUSED)
<BR><BR>[Calls]<UL><LI><a href="#[69]">&gt;&gt;</a>&nbsp;&nbsp;&nbsp;An_to_Di
</UL>
<BR>[Called By]<UL><LI><a href="#[8e]">&gt;&gt;</a>&nbsp;&nbsp;&nbsp;Track_Qomolangma_To
<LI><a href="#[89]">&gt;&gt;</a>&nbsp;&nbsp;&nbsp;Track_Taiping_To
<LI><a href="#[88]">&gt;&gt;</a>&nbsp;&nbsp;&nbsp;Track_Speaicl_BridgeZM_to
<LI><a href="#[86]">&gt;&gt;</a>&nbsp;&nbsp;&nbsp;Track_GapBridge
</UL>

<P><STRONG><a name="[86]"></a>Track_GapBridge</STRONG> (Thumb, 256 bytes, Stack size 0 bytes, track.o(.text), UNUSED)
<BR><BR>[Calls]<UL><LI><a href="#[81]">&gt;&gt;</a>&nbsp;&nbsp;&nbsp;DigitalIn
<LI><a href="#[85]">&gt;&gt;</a>&nbsp;&nbsp;&nbsp;Track_JudgeBarrier_Place
<LI><a href="#[79]">&gt;&gt;</a>&nbsp;&nbsp;&nbsp;Track_straight_line
<LI><a href="#[73]">&gt;&gt;</a>&nbsp;&nbsp;&nbsp;Track_steep_cmp
<LI><a href="#[5e]">&gt;&gt;</a>&nbsp;&nbsp;&nbsp;BEEP_ON
<LI><a href="#[5f]">&gt;&gt;</a>&nbsp;&nbsp;&nbsp;BEEP_OFF
</UL>

<P><STRONG><a name="[87]"></a>Fork_road_intersection</STRONG> (Thumb, 502 bytes, Stack size 0 bytes, track.o(.text), UNUSED)
<BR><BR>[Calls]<UL><LI><a href="#[75]">&gt;&gt;</a>&nbsp;&nbsp;&nbsp;Track_steep_Moderato_low
<LI><a href="#[72]">&gt;&gt;</a>&nbsp;&nbsp;&nbsp;Track_steep_turn_low
<LI><a href="#[69]">&gt;&gt;</a>&nbsp;&nbsp;&nbsp;An_to_Di
</UL>

<P><STRONG><a name="[88]"></a>Track_Speaicl_BridgeZM_to</STRONG> (Thumb, 320 bytes, Stack size 0 bytes, track.o(.text), UNUSED)
<BR><BR>[Calls]<UL><LI><a href="#[7b]">&gt;&gt;</a>&nbsp;&nbsp;&nbsp;delay_ms
<LI><a href="#[81]">&gt;&gt;</a>&nbsp;&nbsp;&nbsp;DigitalIn
<LI><a href="#[85]">&gt;&gt;</a>&nbsp;&nbsp;&nbsp;Track_JudgeBarrier_Place
<LI><a href="#[7c]">&gt;&gt;</a>&nbsp;&nbsp;&nbsp;Track_wheel_left180
<LI><a href="#[79]">&gt;&gt;</a>&nbsp;&nbsp;&nbsp;Track_straight_line
<LI><a href="#[6f]">&gt;&gt;</a>&nbsp;&nbsp;&nbsp;Track_steep_low
<LI><a href="#[68]">&gt;&gt;</a>&nbsp;&nbsp;&nbsp;DMotor_Control_Par
<LI><a href="#[5e]">&gt;&gt;</a>&nbsp;&nbsp;&nbsp;BEEP_ON
<LI><a href="#[5f]">&gt;&gt;</a>&nbsp;&nbsp;&nbsp;BEEP_OFF
</UL>

<P><STRONG><a name="[89]"></a>Track_Taiping_To</STRONG> (Thumb, 144 bytes, Stack size 0 bytes, track.o(.text), UNUSED)
<BR><BR>[Calls]<UL><LI><a href="#[7b]">&gt;&gt;</a>&nbsp;&nbsp;&nbsp;delay_ms
<LI><a href="#[81]">&gt;&gt;</a>&nbsp;&nbsp;&nbsp;DigitalIn
<LI><a href="#[8a]">&gt;&gt;</a>&nbsp;&nbsp;&nbsp;ADXL345
<LI><a href="#[85]">&gt;&gt;</a>&nbsp;&nbsp;&nbsp;Track_JudgeBarrier_Place
<LI><a href="#[84]">&gt;&gt;</a>&nbsp;&nbsp;&nbsp;Track_cmp_ward
<LI><a href="#[7c]">&gt;&gt;</a>&nbsp;&nbsp;&nbsp;Track_wheel_left180
<LI><a href="#[75]">&gt;&gt;</a>&nbsp;&nbsp;&nbsp;Track_steep_Moderato_low
<LI><a href="#[73]">&gt;&gt;</a>&nbsp;&nbsp;&nbsp;Track_steep_cmp
<LI><a href="#[68]">&gt;&gt;</a>&nbsp;&nbsp;&nbsp;DMotor_Control_Par
</UL>

<P><STRONG><a name="[8b]"></a>Track_Doorsill_Turn</STRONG> (Thumb, 140 bytes, Stack size 0 bytes, track.o(.text), UNUSED)
<BR><BR>[Calls]<UL><LI><a href="#[81]">&gt;&gt;</a>&nbsp;&nbsp;&nbsp;DigitalIn
<LI><a href="#[8a]">&gt;&gt;</a>&nbsp;&nbsp;&nbsp;ADXL345
<LI><a href="#[76]">&gt;&gt;</a>&nbsp;&nbsp;&nbsp;Track_steep_turn_Moderato_low
<LI><a href="#[72]">&gt;&gt;</a>&nbsp;&nbsp;&nbsp;Track_steep_turn_low
<LI><a href="#[68]">&gt;&gt;</a>&nbsp;&nbsp;&nbsp;DMotor_Control_Par
<LI><a href="#[5e]">&gt;&gt;</a>&nbsp;&nbsp;&nbsp;BEEP_ON
<LI><a href="#[5f]">&gt;&gt;</a>&nbsp;&nbsp;&nbsp;BEEP_OFF
</UL>

<P><STRONG><a name="[8c]"></a>Track_Doorsill_line</STRONG> (Thumb, 100 bytes, Stack size 0 bytes, track.o(.text), UNUSED)
<BR><BR>[Calls]<UL><LI><a href="#[81]">&gt;&gt;</a>&nbsp;&nbsp;&nbsp;DigitalIn
<LI><a href="#[8a]">&gt;&gt;</a>&nbsp;&nbsp;&nbsp;ADXL345
<LI><a href="#[75]">&gt;&gt;</a>&nbsp;&nbsp;&nbsp;Track_steep_Moderato_low
<LI><a href="#[6f]">&gt;&gt;</a>&nbsp;&nbsp;&nbsp;Track_steep_low
<LI><a href="#[68]">&gt;&gt;</a>&nbsp;&nbsp;&nbsp;DMotor_Control_Par
</UL>

<P><STRONG><a name="[8d]"></a>Track_Doorsill_WavyLine</STRONG> (Thumb, 102 bytes, Stack size 0 bytes, track.o(.text), UNUSED)
<BR><BR>[Calls]<UL><LI><a href="#[81]">&gt;&gt;</a>&nbsp;&nbsp;&nbsp;DigitalIn
<LI><a href="#[8a]">&gt;&gt;</a>&nbsp;&nbsp;&nbsp;ADXL345
<LI><a href="#[77]">&gt;&gt;</a>&nbsp;&nbsp;&nbsp;Track_steep_WavyLine
<LI><a href="#[6f]">&gt;&gt;</a>&nbsp;&nbsp;&nbsp;Track_steep_low
<LI><a href="#[68]">&gt;&gt;</a>&nbsp;&nbsp;&nbsp;DMotor_Control_Par
</UL>

<P><STRONG><a name="[8e]"></a>Track_Qomolangma_To</STRONG> (Thumb, 306 bytes, Stack size 0 bytes, track.o(.text), UNUSED)
<BR><BR>[Calls]<UL><LI><a href="#[7b]">&gt;&gt;</a>&nbsp;&nbsp;&nbsp;delay_ms
<LI><a href="#[8a]">&gt;&gt;</a>&nbsp;&nbsp;&nbsp;ADXL345
<LI><a href="#[85]">&gt;&gt;</a>&nbsp;&nbsp;&nbsp;Track_JudgeBarrier_Place
<LI><a href="#[84]">&gt;&gt;</a>&nbsp;&nbsp;&nbsp;Track_cmp_ward
<LI><a href="#[7c]">&gt;&gt;</a>&nbsp;&nbsp;&nbsp;Track_wheel_left180
<LI><a href="#[75]">&gt;&gt;</a>&nbsp;&nbsp;&nbsp;Track_steep_Moderato_low
<LI><a href="#[73]">&gt;&gt;</a>&nbsp;&nbsp;&nbsp;Track_steep_cmp
<LI><a href="#[68]">&gt;&gt;</a>&nbsp;&nbsp;&nbsp;DMotor_Control_Par
<LI><a href="#[5e]">&gt;&gt;</a>&nbsp;&nbsp;&nbsp;BEEP_ON
<LI><a href="#[5f]">&gt;&gt;</a>&nbsp;&nbsp;&nbsp;BEEP_OFF
</UL>

<P><STRONG><a name="[8f]"></a>Track_Triaxial_Uphill</STRONG> (Thumb, 96 bytes, Stack size 0 bytes, track.o(.text), UNUSED)
<BR><BR>[Calls]<UL><LI><a href="#[8a]">&gt;&gt;</a>&nbsp;&nbsp;&nbsp;ADXL345
<LI><a href="#[68]">&gt;&gt;</a>&nbsp;&nbsp;&nbsp;DMotor_Control_Par
</UL>

<P><STRONG><a name="[90]"></a>GPIO_DeInit</STRONG> (Thumb, 188 bytes, Stack size 0 bytes, stm32f10x_gpio.o(.text), UNUSED)
<BR><BR>[Calls]<UL><LI><a href="#[91]">&gt;&gt;</a>&nbsp;&nbsp;&nbsp;RCC_APB2PeriphResetCmd
</UL>

<P><STRONG><a name="[92]"></a>GPIO_AFIODeInit</STRONG> (Thumb, 20 bytes, Stack size 0 bytes, stm32f10x_gpio.o(.text), UNUSED)
<BR><BR>[Calls]<UL><LI><a href="#[91]">&gt;&gt;</a>&nbsp;&nbsp;&nbsp;RCC_APB2PeriphResetCmd
</UL>

<P><STRONG><a name="[e1]"></a>GPIO_Init</STRONG> (Thumb, 268 bytes, Stack size 0 bytes, stm32f10x_gpio.o(.text))
<BR><BR>[Called By]<UL><LI><a href="#[e0]">&gt;&gt;</a>&nbsp;&nbsp;&nbsp;GPIO_Configuration
<LI><a href="#[c7]">&gt;&gt;</a>&nbsp;&nbsp;&nbsp;speed_Configuration
<LI><a href="#[c6]">&gt;&gt;</a>&nbsp;&nbsp;&nbsp;servo_Configuration
<LI><a href="#[ca]">&gt;&gt;</a>&nbsp;&nbsp;&nbsp;Code_init
</UL>

<P><STRONG><a name="[ec]"></a>GPIO_PinRemapConfig</STRONG> (Thumb, 104 bytes, Stack size 0 bytes, stm32f10x_gpio.o(.text))
<BR><BR>[Called By]<UL><LI><a href="#[c6]">&gt;&gt;</a>&nbsp;&nbsp;&nbsp;servo_Configuration
</UL>

<P><STRONG><a name="[93]"></a>TIM_DeInit</STRONG> (Thumb, 214 bytes, Stack size 0 bytes, stm32f10x_tim.o(.text))
<BR><BR>[Calls]<UL><LI><a href="#[94]">&gt;&gt;</a>&nbsp;&nbsp;&nbsp;RCC_APB1PeriphResetCmd
<LI><a href="#[91]">&gt;&gt;</a>&nbsp;&nbsp;&nbsp;RCC_APB2PeriphResetCmd
</UL>
<BR>[Called By]<UL><LI><a href="#[c6]">&gt;&gt;</a>&nbsp;&nbsp;&nbsp;servo_Configuration
<LI><a href="#[ca]">&gt;&gt;</a>&nbsp;&nbsp;&nbsp;Code_init
</UL>

<P><STRONG><a name="[ed]"></a>TIM_TimeBaseInit</STRONG> (Thumb, 50 bytes, Stack size 0 bytes, stm32f10x_tim.o(.text))
<BR><BR>[Called By]<UL><LI><a href="#[c7]">&gt;&gt;</a>&nbsp;&nbsp;&nbsp;speed_Configuration
<LI><a href="#[c6]">&gt;&gt;</a>&nbsp;&nbsp;&nbsp;servo_Configuration
<LI><a href="#[c9]">&gt;&gt;</a>&nbsp;&nbsp;&nbsp;Timer2_init
<LI><a href="#[ca]">&gt;&gt;</a>&nbsp;&nbsp;&nbsp;Code_init
</UL>

<P><STRONG><a name="[ee]"></a>TIM_OC1Init</STRONG> (Thumb, 110 bytes, Stack size 0 bytes, stm32f10x_tim.o(.text))
<BR><BR>[Called By]<UL><LI><a href="#[c7]">&gt;&gt;</a>&nbsp;&nbsp;&nbsp;speed_Configuration
<LI><a href="#[c6]">&gt;&gt;</a>&nbsp;&nbsp;&nbsp;servo_Configuration
</UL>

<P><STRONG><a name="[f0]"></a>TIM_OC2Init</STRONG> (Thumb, 140 bytes, Stack size 0 bytes, stm32f10x_tim.o(.text))
<BR><BR>[Called By]<UL><LI><a href="#[c7]">&gt;&gt;</a>&nbsp;&nbsp;&nbsp;speed_Configuration
<LI><a href="#[c6]">&gt;&gt;</a>&nbsp;&nbsp;&nbsp;servo_Configuration
</UL>

<P><STRONG><a name="[f2]"></a>TIM_OC3Init</STRONG> (Thumb, 136 bytes, Stack size 0 bytes, stm32f10x_tim.o(.text))
<BR><BR>[Called By]<UL><LI><a href="#[c7]">&gt;&gt;</a>&nbsp;&nbsp;&nbsp;speed_Configuration
<LI><a href="#[c6]">&gt;&gt;</a>&nbsp;&nbsp;&nbsp;servo_Configuration
</UL>

<P><STRONG><a name="[f4]"></a>TIM_OC4Init</STRONG> (Thumb, 98 bytes, Stack size 0 bytes, stm32f10x_tim.o(.text))
<BR><BR>[Called By]<UL><LI><a href="#[c7]">&gt;&gt;</a>&nbsp;&nbsp;&nbsp;speed_Configuration
<LI><a href="#[c6]">&gt;&gt;</a>&nbsp;&nbsp;&nbsp;servo_Configuration
</UL>

<P><STRONG><a name="[9d]"></a>TIM_SetIC4Prescaler</STRONG> (Thumb, 22 bytes, Stack size 0 bytes, stm32f10x_tim.o(.text), UNUSED)
<BR><BR>[Called By]<UL><LI><a href="#[95]">&gt;&gt;</a>&nbsp;&nbsp;&nbsp;TIM_ICInit
</UL>

<P><STRONG><a name="[9b]"></a>TIM_SetIC3Prescaler</STRONG> (Thumb, 18 bytes, Stack size 0 bytes, stm32f10x_tim.o(.text), UNUSED)
<BR><BR>[Called By]<UL><LI><a href="#[95]">&gt;&gt;</a>&nbsp;&nbsp;&nbsp;TIM_ICInit
</UL>

<P><STRONG><a name="[99]"></a>TIM_SetIC2Prescaler</STRONG> (Thumb, 22 bytes, Stack size 0 bytes, stm32f10x_tim.o(.text), UNUSED)
<BR><BR>[Called By]<UL><LI><a href="#[9e]">&gt;&gt;</a>&nbsp;&nbsp;&nbsp;TIM_PWMIConfig
<LI><a href="#[95]">&gt;&gt;</a>&nbsp;&nbsp;&nbsp;TIM_ICInit
</UL>

<P><STRONG><a name="[97]"></a>TIM_SetIC1Prescaler</STRONG> (Thumb, 18 bytes, Stack size 0 bytes, stm32f10x_tim.o(.text), UNUSED)
<BR><BR>[Called By]<UL><LI><a href="#[9e]">&gt;&gt;</a>&nbsp;&nbsp;&nbsp;TIM_PWMIConfig
<LI><a href="#[95]">&gt;&gt;</a>&nbsp;&nbsp;&nbsp;TIM_ICInit
</UL>

<P><STRONG><a name="[95]"></a>TIM_ICInit</STRONG> (Thumb, 110 bytes, Stack size 0 bytes, stm32f10x_tim.o(.text), UNUSED)
<BR><BR>[Calls]<UL><LI><a href="#[97]">&gt;&gt;</a>&nbsp;&nbsp;&nbsp;TIM_SetIC1Prescaler
<LI><a href="#[99]">&gt;&gt;</a>&nbsp;&nbsp;&nbsp;TIM_SetIC2Prescaler
<LI><a href="#[9b]">&gt;&gt;</a>&nbsp;&nbsp;&nbsp;TIM_SetIC3Prescaler
<LI><a href="#[9d]">&gt;&gt;</a>&nbsp;&nbsp;&nbsp;TIM_SetIC4Prescaler
<LI><a href="#[96]">&gt;&gt;</a>&nbsp;&nbsp;&nbsp;TI1_Config
<LI><a href="#[98]">&gt;&gt;</a>&nbsp;&nbsp;&nbsp;TI2_Config
<LI><a href="#[9a]">&gt;&gt;</a>&nbsp;&nbsp;&nbsp;TI3_Config
<LI><a href="#[9c]">&gt;&gt;</a>&nbsp;&nbsp;&nbsp;TI4_Config
</UL>

<P><STRONG><a name="[9e]"></a>TIM_PWMIConfig</STRONG> (Thumb, 124 bytes, Stack size 0 bytes, stm32f10x_tim.o(.text), UNUSED)
<BR><BR>[Calls]<UL><LI><a href="#[97]">&gt;&gt;</a>&nbsp;&nbsp;&nbsp;TIM_SetIC1Prescaler
<LI><a href="#[99]">&gt;&gt;</a>&nbsp;&nbsp;&nbsp;TIM_SetIC2Prescaler
<LI><a href="#[96]">&gt;&gt;</a>&nbsp;&nbsp;&nbsp;TI1_Config
<LI><a href="#[98]">&gt;&gt;</a>&nbsp;&nbsp;&nbsp;TI2_Config
</UL>

<P><STRONG><a name="[cc]"></a>TIM_Cmd</STRONG> (Thumb, 24 bytes, Stack size 0 bytes, stm32f10x_tim.o(.text))
<BR><BR>[Called By]<UL><LI><a href="#[fb]">&gt;&gt;</a>&nbsp;&nbsp;&nbsp;GetTimer
<LI><a href="#[fa]">&gt;&gt;</a>&nbsp;&nbsp;&nbsp;StartTimer
<LI><a href="#[c7]">&gt;&gt;</a>&nbsp;&nbsp;&nbsp;speed_Configuration
<LI><a href="#[c6]">&gt;&gt;</a>&nbsp;&nbsp;&nbsp;servo_Configuration
<LI><a href="#[64]">&gt;&gt;</a>&nbsp;&nbsp;&nbsp;SuperShark_Init
</UL>

<P><STRONG><a name="[f7]"></a>TIM_CtrlPWMOutputs</STRONG> (Thumb, 30 bytes, Stack size 0 bytes, stm32f10x_tim.o(.text))
<BR><BR>[Called By]<UL><LI><a href="#[c7]">&gt;&gt;</a>&nbsp;&nbsp;&nbsp;speed_Configuration
</UL>

<P><STRONG><a name="[f8]"></a>TIM_ITConfig</STRONG> (Thumb, 24 bytes, Stack size 0 bytes, stm32f10x_tim.o(.text))
<BR><BR>[Called By]<UL><LI><a href="#[c9]">&gt;&gt;</a>&nbsp;&nbsp;&nbsp;Timer2_init
</UL>

<P><STRONG><a name="[a0]"></a>TIM_SelectInputTrigger</STRONG> (Thumb, 16 bytes, Stack size 0 bytes, stm32f10x_tim.o(.text))
<BR><BR>[Called By]<UL><LI><a href="#[a1]">&gt;&gt;</a>&nbsp;&nbsp;&nbsp;TIM_TIxExternalClockConfig
<LI><a href="#[9f]">&gt;&gt;</a>&nbsp;&nbsp;&nbsp;TIM_ITRxExternalClockConfig
</UL>

<P><STRONG><a name="[9f]"></a>TIM_ITRxExternalClockConfig</STRONG> (Thumb, 24 bytes, Stack size 0 bytes, stm32f10x_tim.o(.text), UNUSED)
<BR><BR>[Calls]<UL><LI><a href="#[a0]">&gt;&gt;</a>&nbsp;&nbsp;&nbsp;TIM_SelectInputTrigger
</UL>

<P><STRONG><a name="[a1]"></a>TIM_TIxExternalClockConfig</STRONG> (Thumb, 62 bytes, Stack size 0 bytes, stm32f10x_tim.o(.text))
<BR><BR>[Calls]<UL><LI><a href="#[a0]">&gt;&gt;</a>&nbsp;&nbsp;&nbsp;TIM_SelectInputTrigger
<LI><a href="#[96]">&gt;&gt;</a>&nbsp;&nbsp;&nbsp;TI1_Config
<LI><a href="#[98]">&gt;&gt;</a>&nbsp;&nbsp;&nbsp;TI2_Config
</UL>
<BR>[Called By]<UL><LI><a href="#[ca]">&gt;&gt;</a>&nbsp;&nbsp;&nbsp;Code_init
</UL>

<P><STRONG><a name="[a3]"></a>TIM_ETRConfig</STRONG> (Thumb, 24 bytes, Stack size 0 bytes, stm32f10x_tim.o(.text), UNUSED)
<BR><BR>[Called By]<UL><LI><a href="#[a4]">&gt;&gt;</a>&nbsp;&nbsp;&nbsp;TIM_ETRClockMode2Config
<LI><a href="#[a2]">&gt;&gt;</a>&nbsp;&nbsp;&nbsp;TIM_ETRClockMode1Config
</UL>

<P><STRONG><a name="[a2]"></a>TIM_ETRClockMode1Config</STRONG> (Thumb, 54 bytes, Stack size 0 bytes, stm32f10x_tim.o(.text), UNUSED)
<BR><BR>[Calls]<UL><LI><a href="#[a3]">&gt;&gt;</a>&nbsp;&nbsp;&nbsp;TIM_ETRConfig
</UL>

<P><STRONG><a name="[a4]"></a>TIM_ETRClockMode2Config</STRONG> (Thumb, 32 bytes, Stack size 0 bytes, stm32f10x_tim.o(.text), UNUSED)
<BR><BR>[Calls]<UL><LI><a href="#[a3]">&gt;&gt;</a>&nbsp;&nbsp;&nbsp;TIM_ETRConfig
</UL>

<P><STRONG><a name="[f6]"></a>TIM_ARRPreloadConfig</STRONG> (Thumb, 24 bytes, Stack size 0 bytes, stm32f10x_tim.o(.text))
<BR><BR>[Called By]<UL><LI><a href="#[c7]">&gt;&gt;</a>&nbsp;&nbsp;&nbsp;speed_Configuration
<LI><a href="#[c6]">&gt;&gt;</a>&nbsp;&nbsp;&nbsp;servo_Configuration
</UL>

<P><STRONG><a name="[ef]"></a>TIM_OC1PreloadConfig</STRONG> (Thumb, 16 bytes, Stack size 0 bytes, stm32f10x_tim.o(.text))
<BR><BR>[Called By]<UL><LI><a href="#[c7]">&gt;&gt;</a>&nbsp;&nbsp;&nbsp;speed_Configuration
<LI><a href="#[c6]">&gt;&gt;</a>&nbsp;&nbsp;&nbsp;servo_Configuration
</UL>

<P><STRONG><a name="[f1]"></a>TIM_OC2PreloadConfig</STRONG> (Thumb, 20 bytes, Stack size 0 bytes, stm32f10x_tim.o(.text))
<BR><BR>[Called By]<UL><LI><a href="#[c7]">&gt;&gt;</a>&nbsp;&nbsp;&nbsp;speed_Configuration
<LI><a href="#[c6]">&gt;&gt;</a>&nbsp;&nbsp;&nbsp;servo_Configuration
</UL>

<P><STRONG><a name="[f3]"></a>TIM_OC3PreloadConfig</STRONG> (Thumb, 16 bytes, Stack size 0 bytes, stm32f10x_tim.o(.text))
<BR><BR>[Called By]<UL><LI><a href="#[c7]">&gt;&gt;</a>&nbsp;&nbsp;&nbsp;speed_Configuration
<LI><a href="#[c6]">&gt;&gt;</a>&nbsp;&nbsp;&nbsp;servo_Configuration
</UL>

<P><STRONG><a name="[f5]"></a>TIM_OC4PreloadConfig</STRONG> (Thumb, 20 bytes, Stack size 0 bytes, stm32f10x_tim.o(.text))
<BR><BR>[Called By]<UL><LI><a href="#[c7]">&gt;&gt;</a>&nbsp;&nbsp;&nbsp;speed_Configuration
<LI><a href="#[c6]">&gt;&gt;</a>&nbsp;&nbsp;&nbsp;servo_Configuration
</UL>

<P><STRONG><a name="[63]"></a>TIM_SetCounter</STRONG> (Thumb, 4 bytes, Stack size 0 bytes, stm32f10x_tim.o(.text))
<BR><BR>[Called By]<UL><LI><a href="#[ca]">&gt;&gt;</a>&nbsp;&nbsp;&nbsp;Code_init
<LI><a href="#[b4]">&gt;&gt;</a>&nbsp;&nbsp;&nbsp;manu
<LI><a href="#[29]">&gt;&gt;</a>&nbsp;&nbsp;&nbsp;TIM2_IRQHandler
</UL>

<P><STRONG><a name="[62]"></a>TIM_GetCounter</STRONG> (Thumb, 6 bytes, Stack size 0 bytes, stm32f10x_tim.o(.text))
<BR><BR>[Called By]<UL><LI><a href="#[29]">&gt;&gt;</a>&nbsp;&nbsp;&nbsp;TIM2_IRQHandler
</UL>

<P><STRONG><a name="[60]"></a>TIM_GetITStatus</STRONG> (Thumb, 34 bytes, Stack size 0 bytes, stm32f10x_tim.o(.text))
<BR><BR>[Called By]<UL><LI><a href="#[29]">&gt;&gt;</a>&nbsp;&nbsp;&nbsp;TIM2_IRQHandler
</UL>

<P><STRONG><a name="[61]"></a>TIM_ClearITPendingBit</STRONG> (Thumb, 6 bytes, Stack size 0 bytes, stm32f10x_tim.o(.text))
<BR><BR>[Called By]<UL><LI><a href="#[29]">&gt;&gt;</a>&nbsp;&nbsp;&nbsp;TIM2_IRQHandler
</UL>

<P><STRONG><a name="[be]"></a>delay_init</STRONG> (Thumb, 46 bytes, Stack size 0 bytes, delay.o(.text))
<BR><BR>[Called By]<UL><LI><a href="#[64]">&gt;&gt;</a>&nbsp;&nbsp;&nbsp;SuperShark_Init
</UL>

<P><STRONG><a name="[7b]"></a>delay_ms</STRONG> (Thumb, 54 bytes, Stack size 0 bytes, delay.o(.text))
<BR><BR>[Called By]<UL><LI><a href="#[11b]">&gt;&gt;</a>&nbsp;&nbsp;&nbsp;ADXL345_RD_Avval
<LI><a href="#[bd]">&gt;&gt;</a>&nbsp;&nbsp;&nbsp;PutBitmap
<LI><a href="#[c2]">&gt;&gt;</a>&nbsp;&nbsp;&nbsp;LCD_Init
<LI><a href="#[ac]">&gt;&gt;</a>&nbsp;&nbsp;&nbsp;ADXL345_Read_Average
<LI><a href="#[b9]">&gt;&gt;</a>&nbsp;&nbsp;&nbsp;ADXL345_AUTO_Adjust
<LI><a href="#[bc]">&gt;&gt;</a>&nbsp;&nbsp;&nbsp;logo
<LI><a href="#[b4]">&gt;&gt;</a>&nbsp;&nbsp;&nbsp;manu
<LI><a href="#[b3]">&gt;&gt;</a>&nbsp;&nbsp;&nbsp;anologTest
<LI><a href="#[b2]">&gt;&gt;</a>&nbsp;&nbsp;&nbsp;Digit0_15Test
<LI><a href="#[b1]">&gt;&gt;</a>&nbsp;&nbsp;&nbsp;Digit16_33Test
<LI><a href="#[af]">&gt;&gt;</a>&nbsp;&nbsp;&nbsp;Digit34_49Test
<LI><a href="#[74]">&gt;&gt;</a>&nbsp;&nbsp;&nbsp;read_cmp
<LI><a href="#[8e]">&gt;&gt;</a>&nbsp;&nbsp;&nbsp;Track_Qomolangma_To
<LI><a href="#[89]">&gt;&gt;</a>&nbsp;&nbsp;&nbsp;Track_Taiping_To
<LI><a href="#[88]">&gt;&gt;</a>&nbsp;&nbsp;&nbsp;Track_Speaicl_BridgeZM_to
<LI><a href="#[84]">&gt;&gt;</a>&nbsp;&nbsp;&nbsp;Track_cmp_ward
<LI><a href="#[83]">&gt;&gt;</a>&nbsp;&nbsp;&nbsp;Track_crash_ward
<LI><a href="#[7d]">&gt;&gt;</a>&nbsp;&nbsp;&nbsp;Track_wheel_right
<LI><a href="#[7c]">&gt;&gt;</a>&nbsp;&nbsp;&nbsp;Track_wheel_left180
<LI><a href="#[7a]">&gt;&gt;</a>&nbsp;&nbsp;&nbsp;Track_wheel_left
</UL>

<P><STRONG><a name="[80]"></a>delay_us</STRONG> (Thumb, 52 bytes, Stack size 0 bytes, delay.o(.text))
<BR><BR>[Called By]<UL><LI><a href="#[116]">&gt;&gt;</a>&nbsp;&nbsp;&nbsp;IIC_Read_Byte
<LI><a href="#[115]">&gt;&gt;</a>&nbsp;&nbsp;&nbsp;IIC_Send_Byte
<LI><a href="#[114]">&gt;&gt;</a>&nbsp;&nbsp;&nbsp;IIC_NAck
<LI><a href="#[113]">&gt;&gt;</a>&nbsp;&nbsp;&nbsp;IIC_Ack
<LI><a href="#[112]">&gt;&gt;</a>&nbsp;&nbsp;&nbsp;IIC_Wait_Ack
<LI><a href="#[111]">&gt;&gt;</a>&nbsp;&nbsp;&nbsp;IIC_Stop
<LI><a href="#[110]">&gt;&gt;</a>&nbsp;&nbsp;&nbsp;IIC_Start
<LI><a href="#[101]">&gt;&gt;</a>&nbsp;&nbsp;&nbsp;AT24C04_RecvByte
<LI><a href="#[100]">&gt;&gt;</a>&nbsp;&nbsp;&nbsp;AT24C04_SendByte
<LI><a href="#[ff]">&gt;&gt;</a>&nbsp;&nbsp;&nbsp;AT24C04_RecvACK
<LI><a href="#[fe]">&gt;&gt;</a>&nbsp;&nbsp;&nbsp;AT24C04_SendACK
<LI><a href="#[fd]">&gt;&gt;</a>&nbsp;&nbsp;&nbsp;AT24C04_Stop
<LI><a href="#[fc]">&gt;&gt;</a>&nbsp;&nbsp;&nbsp;AT24C04_Start
<LI><a href="#[74]">&gt;&gt;</a>&nbsp;&nbsp;&nbsp;read_cmp
<LI><a href="#[7f]">&gt;&gt;</a>&nbsp;&nbsp;&nbsp;mid_stop
<LI><a href="#[5b]">&gt;&gt;</a>&nbsp;&nbsp;&nbsp;Pulse_Width_Check
</UL>

<P><STRONG><a name="[a8]"></a>MY_NVIC_SetVectorTable</STRONG> (Thumb, 12 bytes, Stack size 0 bytes, sys.o(.text))
<BR><BR>[Called By]<UL><LI><a href="#[a7]">&gt;&gt;</a>&nbsp;&nbsp;&nbsp;MYRCC_DeInit
</UL>

<P><STRONG><a name="[a6]"></a>MY_NVIC_PriorityGroupConfig</STRONG> (Thumb, 36 bytes, Stack size 0 bytes, sys.o(.text))
<BR><BR>[Called By]<UL><LI><a href="#[a5]">&gt;&gt;</a>&nbsp;&nbsp;&nbsp;MY_NVIC_Init
</UL>

<P><STRONG><a name="[a5]"></a>MY_NVIC_Init</STRONG> (Thumb, 148 bytes, Stack size 0 bytes, sys.o(.text))
<BR><BR>[Calls]<UL><LI><a href="#[a6]">&gt;&gt;</a>&nbsp;&nbsp;&nbsp;MY_NVIC_PriorityGroupConfig
</UL>
<BR>[Called By]<UL><LI><a href="#[c5]">&gt;&gt;</a>&nbsp;&nbsp;&nbsp;Remote_Init
<LI><a href="#[cb]">&gt;&gt;</a>&nbsp;&nbsp;&nbsp;EXIT_Init
</UL>

<P><STRONG><a name="[ea]"></a>Ex_NVIC_Config</STRONG> (Thumb, 148 bytes, Stack size 0 bytes, sys.o(.text))
<BR><BR>[Called By]<UL><LI><a href="#[c5]">&gt;&gt;</a>&nbsp;&nbsp;&nbsp;Remote_Init
<LI><a href="#[cb]">&gt;&gt;</a>&nbsp;&nbsp;&nbsp;EXIT_Init
</UL>

<P><STRONG><a name="[a7]"></a>MYRCC_DeInit</STRONG> (Thumb, 90 bytes, Stack size 0 bytes, sys.o(.text))
<BR><BR>[Calls]<UL><LI><a href="#[a8]">&gt;&gt;</a>&nbsp;&nbsp;&nbsp;MY_NVIC_SetVectorTable
</UL>
<BR>[Called By]<UL><LI><a href="#[ab]">&gt;&gt;</a>&nbsp;&nbsp;&nbsp;Stm32_Clock_Init
</UL>

<P><STRONG><a name="[a9]"></a>Sys_Standby</STRONG> (Thumb, 70 bytes, Stack size 0 bytes, sys.o(.text), UNUSED)
<BR><BR>[Calls]<UL><LI><a href="#[aa]">&gt;&gt;</a>&nbsp;&nbsp;&nbsp;WFI_SET
</UL>

<P><STRONG><a name="[5d]"></a>Sys_Soft_Reset</STRONG> (Thumb, 12 bytes, Stack size 0 bytes, sys.o(.text))
<BR><BR>[Called By]<UL><LI><a href="#[17]">&gt;&gt;</a>&nbsp;&nbsp;&nbsp;EXTI4_IRQHandler
</UL>

<P><STRONG><a name="[bf]"></a>JTAG_Set</STRONG> (Thumb, 44 bytes, Stack size 0 bytes, sys.o(.text))
<BR><BR>[Called By]<UL><LI><a href="#[64]">&gt;&gt;</a>&nbsp;&nbsp;&nbsp;SuperShark_Init
</UL>

<P><STRONG><a name="[ab]"></a>Stm32_Clock_Init</STRONG> (Thumb, 130 bytes, Stack size 0 bytes, sys.o(.text))
<BR><BR>[Calls]<UL><LI><a href="#[a7]">&gt;&gt;</a>&nbsp;&nbsp;&nbsp;MYRCC_DeInit
</UL>
<BR>[Called By]<UL><LI><a href="#[64]">&gt;&gt;</a>&nbsp;&nbsp;&nbsp;SuperShark_Init
</UL>

<P><STRONG><a name="[c0]"></a>LED_Init</STRONG> (Thumb, 44 bytes, Stack size 0 bytes, led.o(.text))
<BR><BR>[Called By]<UL><LI><a href="#[64]">&gt;&gt;</a>&nbsp;&nbsp;&nbsp;SuperShark_Init
</UL>

<P><STRONG><a name="[82]"></a>LED_ON</STRONG> (Thumb, 8 bytes, Stack size 0 bytes, led.o(.text))
<BR><BR>[Called By]<UL><LI><a href="#[b4]">&gt;&gt;</a>&nbsp;&nbsp;&nbsp;manu
<LI><a href="#[7f]">&gt;&gt;</a>&nbsp;&nbsp;&nbsp;mid_stop
</UL>

<P><STRONG><a name="[b8]"></a>LED_OFF</STRONG> (Thumb, 8 bytes, Stack size 0 bytes, led.o(.text))
<BR><BR>[Called By]<UL><LI><a href="#[b4]">&gt;&gt;</a>&nbsp;&nbsp;&nbsp;manu
</UL>

<P><STRONG><a name="[8a]"></a>ADXL345</STRONG> (Thumb, 192 bytes, Stack size 0 bytes, supersharkv1.0.o(.text))
<BR><BR>[Calls]<UL><LI><a href="#[ad]">&gt;&gt;</a>&nbsp;&nbsp;&nbsp;__aeabi_i2f
<LI><a href="#[ac]">&gt;&gt;</a>&nbsp;&nbsp;&nbsp;ADXL345_Read_Average
<LI><a href="#[ae]">&gt;&gt;</a>&nbsp;&nbsp;&nbsp;ADXL345_Get_Angle
</UL>
<BR>[Called By]<UL><LI><a href="#[b4]">&gt;&gt;</a>&nbsp;&nbsp;&nbsp;manu
<LI><a href="#[8f]">&gt;&gt;</a>&nbsp;&nbsp;&nbsp;Track_Triaxial_Uphill
<LI><a href="#[8e]">&gt;&gt;</a>&nbsp;&nbsp;&nbsp;Track_Qomolangma_To
<LI><a href="#[8d]">&gt;&gt;</a>&nbsp;&nbsp;&nbsp;Track_Doorsill_WavyLine
<LI><a href="#[8c]">&gt;&gt;</a>&nbsp;&nbsp;&nbsp;Track_Doorsill_line
<LI><a href="#[8b]">&gt;&gt;</a>&nbsp;&nbsp;&nbsp;Track_Doorsill_Turn
<LI><a href="#[89]">&gt;&gt;</a>&nbsp;&nbsp;&nbsp;Track_Taiping_To
</UL>

<P><STRONG><a name="[af]"></a>Digit34_49Test</STRONG> (Thumb, 388 bytes, Stack size 0 bytes, supersharkv1.0.o(.text))
<BR><BR>[Calls]<UL><LI><a href="#[b0]">&gt;&gt;</a>&nbsp;&nbsp;&nbsp;ShowVar
<LI><a href="#[7b]">&gt;&gt;</a>&nbsp;&nbsp;&nbsp;delay_ms
<LI><a href="#[81]">&gt;&gt;</a>&nbsp;&nbsp;&nbsp;DigitalIn
<LI><a href="#[66]">&gt;&gt;</a>&nbsp;&nbsp;&nbsp;PutString_cn
</UL>
<BR>[Called By]<UL><LI><a href="#[b4]">&gt;&gt;</a>&nbsp;&nbsp;&nbsp;manu
</UL>

<P><STRONG><a name="[b1]"></a>Digit16_33Test</STRONG> (Thumb, 532 bytes, Stack size 0 bytes, supersharkv1.0.o(.text))
<BR><BR>[Calls]<UL><LI><a href="#[b0]">&gt;&gt;</a>&nbsp;&nbsp;&nbsp;ShowVar
<LI><a href="#[7b]">&gt;&gt;</a>&nbsp;&nbsp;&nbsp;delay_ms
<LI><a href="#[81]">&gt;&gt;</a>&nbsp;&nbsp;&nbsp;DigitalIn
<LI><a href="#[66]">&gt;&gt;</a>&nbsp;&nbsp;&nbsp;PutString_cn
</UL>
<BR>[Called By]<UL><LI><a href="#[b4]">&gt;&gt;</a>&nbsp;&nbsp;&nbsp;manu
</UL>

<P><STRONG><a name="[b2]"></a>Digit0_15Test</STRONG> (Thumb, 382 bytes, Stack size 0 bytes, supersharkv1.0.o(.text))
<BR><BR>[Calls]<UL><LI><a href="#[b0]">&gt;&gt;</a>&nbsp;&nbsp;&nbsp;ShowVar
<LI><a href="#[7b]">&gt;&gt;</a>&nbsp;&nbsp;&nbsp;delay_ms
<LI><a href="#[81]">&gt;&gt;</a>&nbsp;&nbsp;&nbsp;DigitalIn
<LI><a href="#[66]">&gt;&gt;</a>&nbsp;&nbsp;&nbsp;PutString_cn
</UL>
<BR>[Called By]<UL><LI><a href="#[b4]">&gt;&gt;</a>&nbsp;&nbsp;&nbsp;manu
</UL>

<P><STRONG><a name="[b3]"></a>anologTest</STRONG> (Thumb, 388 bytes, Stack size 0 bytes, supersharkv1.0.o(.text))
<BR><BR>[Calls]<UL><LI><a href="#[b0]">&gt;&gt;</a>&nbsp;&nbsp;&nbsp;ShowVar
<LI><a href="#[7b]">&gt;&gt;</a>&nbsp;&nbsp;&nbsp;delay_ms
<LI><a href="#[6a]">&gt;&gt;</a>&nbsp;&nbsp;&nbsp;AnalogIn
<LI><a href="#[66]">&gt;&gt;</a>&nbsp;&nbsp;&nbsp;PutString_cn
</UL>
<BR>[Called By]<UL><LI><a href="#[b4]">&gt;&gt;</a>&nbsp;&nbsp;&nbsp;manu
</UL>

<P><STRONG><a name="[b4]"></a>manu</STRONG> (Thumb, 958 bytes, Stack size 0 bytes, supersharkv1.0.o(.text))
<BR><BR>[Calls]<UL><LI><a href="#[ba]">&gt;&gt;</a>&nbsp;&nbsp;&nbsp;cal_on
<LI><a href="#[bb]">&gt;&gt;</a>&nbsp;&nbsp;&nbsp;cal_off
<LI><a href="#[b0]">&gt;&gt;</a>&nbsp;&nbsp;&nbsp;ShowVar
<LI><a href="#[b6]">&gt;&gt;</a>&nbsp;&nbsp;&nbsp;FontSet_cn
<LI><a href="#[b5]">&gt;&gt;</a>&nbsp;&nbsp;&nbsp;FontSet
<LI><a href="#[b7]">&gt;&gt;</a>&nbsp;&nbsp;&nbsp;ClrScreen
<LI><a href="#[ac]">&gt;&gt;</a>&nbsp;&nbsp;&nbsp;ADXL345_Read_Average
<LI><a href="#[b9]">&gt;&gt;</a>&nbsp;&nbsp;&nbsp;ADXL345_AUTO_Adjust
<LI><a href="#[b3]">&gt;&gt;</a>&nbsp;&nbsp;&nbsp;anologTest
<LI><a href="#[b2]">&gt;&gt;</a>&nbsp;&nbsp;&nbsp;Digit0_15Test
<LI><a href="#[b1]">&gt;&gt;</a>&nbsp;&nbsp;&nbsp;Digit16_33Test
<LI><a href="#[af]">&gt;&gt;</a>&nbsp;&nbsp;&nbsp;Digit34_49Test
<LI><a href="#[b8]">&gt;&gt;</a>&nbsp;&nbsp;&nbsp;LED_OFF
<LI><a href="#[74]">&gt;&gt;</a>&nbsp;&nbsp;&nbsp;read_cmp
<LI><a href="#[7b]">&gt;&gt;</a>&nbsp;&nbsp;&nbsp;delay_ms
<LI><a href="#[82]">&gt;&gt;</a>&nbsp;&nbsp;&nbsp;LED_ON
<LI><a href="#[8a]">&gt;&gt;</a>&nbsp;&nbsp;&nbsp;ADXL345
<LI><a href="#[66]">&gt;&gt;</a>&nbsp;&nbsp;&nbsp;PutString_cn
<LI><a href="#[67]">&gt;&gt;</a>&nbsp;&nbsp;&nbsp;PutString
<LI><a href="#[63]">&gt;&gt;</a>&nbsp;&nbsp;&nbsp;TIM_SetCounter
</UL>
<BR>[Called By]<UL><LI><a href="#[64]">&gt;&gt;</a>&nbsp;&nbsp;&nbsp;SuperShark_Init
</UL>

<P><STRONG><a name="[bc]"></a>logo</STRONG> (Thumb, 28 bytes, Stack size 0 bytes, supersharkv1.0.o(.text))
<BR><BR>[Calls]<UL><LI><a href="#[bd]">&gt;&gt;</a>&nbsp;&nbsp;&nbsp;PutBitmap
<LI><a href="#[b7]">&gt;&gt;</a>&nbsp;&nbsp;&nbsp;ClrScreen
<LI><a href="#[7b]">&gt;&gt;</a>&nbsp;&nbsp;&nbsp;delay_ms
</UL>
<BR>[Called By]<UL><LI><a href="#[64]">&gt;&gt;</a>&nbsp;&nbsp;&nbsp;SuperShark_Init
</UL>

<P><STRONG><a name="[64]"></a>SuperShark_Init</STRONG> (Thumb, 212 bytes, Stack size 0 bytes, supersharkv1.0.o(.text))
<BR><BR>[Calls]<UL><LI><a href="#[c7]">&gt;&gt;</a>&nbsp;&nbsp;&nbsp;speed_Configuration
<LI><a href="#[c6]">&gt;&gt;</a>&nbsp;&nbsp;&nbsp;servo_Configuration
<LI><a href="#[c9]">&gt;&gt;</a>&nbsp;&nbsp;&nbsp;Timer2_init
<LI><a href="#[c3]">&gt;&gt;</a>&nbsp;&nbsp;&nbsp;Sensor_Init
<LI><a href="#[c5]">&gt;&gt;</a>&nbsp;&nbsp;&nbsp;Remote_Init
<LI><a href="#[c2]">&gt;&gt;</a>&nbsp;&nbsp;&nbsp;LCD_Init
<LI><a href="#[c4]">&gt;&gt;</a>&nbsp;&nbsp;&nbsp;Key_Init
<LI><a href="#[c8]">&gt;&gt;</a>&nbsp;&nbsp;&nbsp;IIC_Init
<LI><a href="#[b6]">&gt;&gt;</a>&nbsp;&nbsp;&nbsp;FontSet_cn
<LI><a href="#[b5]">&gt;&gt;</a>&nbsp;&nbsp;&nbsp;FontSet
<LI><a href="#[cb]">&gt;&gt;</a>&nbsp;&nbsp;&nbsp;EXIT_Init
<LI><a href="#[ca]">&gt;&gt;</a>&nbsp;&nbsp;&nbsp;Code_init
<LI><a href="#[c1]">&gt;&gt;</a>&nbsp;&nbsp;&nbsp;BEEP_Init
<LI><a href="#[ac]">&gt;&gt;</a>&nbsp;&nbsp;&nbsp;ADXL345_Read_Average
<LI><a href="#[b9]">&gt;&gt;</a>&nbsp;&nbsp;&nbsp;ADXL345_AUTO_Adjust
<LI><a href="#[bc]">&gt;&gt;</a>&nbsp;&nbsp;&nbsp;logo
<LI><a href="#[b4]">&gt;&gt;</a>&nbsp;&nbsp;&nbsp;manu
<LI><a href="#[c0]">&gt;&gt;</a>&nbsp;&nbsp;&nbsp;LED_Init
<LI><a href="#[ab]">&gt;&gt;</a>&nbsp;&nbsp;&nbsp;Stm32_Clock_Init
<LI><a href="#[bf]">&gt;&gt;</a>&nbsp;&nbsp;&nbsp;JTAG_Set
<LI><a href="#[be]">&gt;&gt;</a>&nbsp;&nbsp;&nbsp;delay_init
<LI><a href="#[cc]">&gt;&gt;</a>&nbsp;&nbsp;&nbsp;TIM_Cmd
</UL>
<BR>[Called By]<UL><LI><a href="#[57]">&gt;&gt;</a>&nbsp;&nbsp;&nbsp;main
</UL>

<P><STRONG><a name="[c1]"></a>BEEP_Init</STRONG> (Thumb, 44 bytes, Stack size 0 bytes, beep.o(.text))
<BR><BR>[Called By]<UL><LI><a href="#[64]">&gt;&gt;</a>&nbsp;&nbsp;&nbsp;SuperShark_Init
</UL>

<P><STRONG><a name="[5e]"></a>BEEP_ON</STRONG> (Thumb, 8 bytes, Stack size 0 bytes, beep.o(.text))
<BR><BR>[Called By]<UL><LI><a href="#[8e]">&gt;&gt;</a>&nbsp;&nbsp;&nbsp;Track_Qomolangma_To
<LI><a href="#[8b]">&gt;&gt;</a>&nbsp;&nbsp;&nbsp;Track_Doorsill_Turn
<LI><a href="#[88]">&gt;&gt;</a>&nbsp;&nbsp;&nbsp;Track_Speaicl_BridgeZM_to
<LI><a href="#[86]">&gt;&gt;</a>&nbsp;&nbsp;&nbsp;Track_GapBridge
<LI><a href="#[84]">&gt;&gt;</a>&nbsp;&nbsp;&nbsp;Track_cmp_ward
<LI><a href="#[83]">&gt;&gt;</a>&nbsp;&nbsp;&nbsp;Track_crash_ward
<LI><a href="#[17]">&gt;&gt;</a>&nbsp;&nbsp;&nbsp;EXTI4_IRQHandler
</UL>

<P><STRONG><a name="[5f]"></a>BEEP_OFF</STRONG> (Thumb, 8 bytes, Stack size 0 bytes, beep.o(.text))
<BR><BR>[Called By]<UL><LI><a href="#[8e]">&gt;&gt;</a>&nbsp;&nbsp;&nbsp;Track_Qomolangma_To
<LI><a href="#[8b]">&gt;&gt;</a>&nbsp;&nbsp;&nbsp;Track_Doorsill_Turn
<LI><a href="#[88]">&gt;&gt;</a>&nbsp;&nbsp;&nbsp;Track_Speaicl_BridgeZM_to
<LI><a href="#[86]">&gt;&gt;</a>&nbsp;&nbsp;&nbsp;Track_GapBridge
<LI><a href="#[84]">&gt;&gt;</a>&nbsp;&nbsp;&nbsp;Track_cmp_ward
<LI><a href="#[83]">&gt;&gt;</a>&nbsp;&nbsp;&nbsp;Track_crash_ward
<LI><a href="#[17]">&gt;&gt;</a>&nbsp;&nbsp;&nbsp;EXTI4_IRQHandler
</UL>

<P><STRONG><a name="[cd]"></a>SPI_SSSet</STRONG> (Thumb, 18 bytes, Stack size 0 bytes, lcd12864.o(.text))
<BR><BR>[Called By]<UL><LI><a href="#[d2]">&gt;&gt;</a>&nbsp;&nbsp;&nbsp;PutChar_cn
<LI><a href="#[d1]">&gt;&gt;</a>&nbsp;&nbsp;&nbsp;PutChar
<LI><a href="#[d0]">&gt;&gt;</a>&nbsp;&nbsp;&nbsp;SetBackLight
<LI><a href="#[cf]">&gt;&gt;</a>&nbsp;&nbsp;&nbsp;FontMode
<LI><a href="#[b0]">&gt;&gt;</a>&nbsp;&nbsp;&nbsp;ShowVar
<LI><a href="#[bd]">&gt;&gt;</a>&nbsp;&nbsp;&nbsp;PutBitmap
<LI><a href="#[b6]">&gt;&gt;</a>&nbsp;&nbsp;&nbsp;FontSet_cn
<LI><a href="#[b5]">&gt;&gt;</a>&nbsp;&nbsp;&nbsp;FontSet
<LI><a href="#[b7]">&gt;&gt;</a>&nbsp;&nbsp;&nbsp;ClrScreen
</UL>

<P><STRONG><a name="[ce]"></a>SPI_Send</STRONG> (Thumb, 58 bytes, Stack size 0 bytes, lcd12864.o(.text))
<BR><BR>[Called By]<UL><LI><a href="#[d2]">&gt;&gt;</a>&nbsp;&nbsp;&nbsp;PutChar_cn
<LI><a href="#[d1]">&gt;&gt;</a>&nbsp;&nbsp;&nbsp;PutChar
<LI><a href="#[d0]">&gt;&gt;</a>&nbsp;&nbsp;&nbsp;SetBackLight
<LI><a href="#[cf]">&gt;&gt;</a>&nbsp;&nbsp;&nbsp;FontMode
<LI><a href="#[b0]">&gt;&gt;</a>&nbsp;&nbsp;&nbsp;ShowVar
<LI><a href="#[bd]">&gt;&gt;</a>&nbsp;&nbsp;&nbsp;PutBitmap
<LI><a href="#[b6]">&gt;&gt;</a>&nbsp;&nbsp;&nbsp;FontSet_cn
<LI><a href="#[b5]">&gt;&gt;</a>&nbsp;&nbsp;&nbsp;FontSet
<LI><a href="#[b7]">&gt;&gt;</a>&nbsp;&nbsp;&nbsp;ClrScreen
</UL>

<P><STRONG><a name="[b7]"></a>ClrScreen</STRONG> (Thumb, 22 bytes, Stack size 0 bytes, lcd12864.o(.text))
<BR><BR>[Calls]<UL><LI><a href="#[ce]">&gt;&gt;</a>&nbsp;&nbsp;&nbsp;SPI_Send
<LI><a href="#[cd]">&gt;&gt;</a>&nbsp;&nbsp;&nbsp;SPI_SSSet
</UL>
<BR>[Called By]<UL><LI><a href="#[c2]">&gt;&gt;</a>&nbsp;&nbsp;&nbsp;LCD_Init
<LI><a href="#[bc]">&gt;&gt;</a>&nbsp;&nbsp;&nbsp;logo
<LI><a href="#[b4]">&gt;&gt;</a>&nbsp;&nbsp;&nbsp;manu
</UL>

<P><STRONG><a name="[b5]"></a>FontSet</STRONG> (Thumb, 68 bytes, Stack size 0 bytes, lcd12864.o(.text))
<BR><BR>[Calls]<UL><LI><a href="#[ce]">&gt;&gt;</a>&nbsp;&nbsp;&nbsp;SPI_Send
<LI><a href="#[cd]">&gt;&gt;</a>&nbsp;&nbsp;&nbsp;SPI_SSSet
</UL>
<BR>[Called By]<UL><LI><a href="#[c2]">&gt;&gt;</a>&nbsp;&nbsp;&nbsp;LCD_Init
<LI><a href="#[b4]">&gt;&gt;</a>&nbsp;&nbsp;&nbsp;manu
<LI><a href="#[64]">&gt;&gt;</a>&nbsp;&nbsp;&nbsp;SuperShark_Init
</UL>

<P><STRONG><a name="[cf]"></a>FontMode</STRONG> (Thumb, 40 bytes, Stack size 0 bytes, lcd12864.o(.text))
<BR><BR>[Calls]<UL><LI><a href="#[ce]">&gt;&gt;</a>&nbsp;&nbsp;&nbsp;SPI_Send
<LI><a href="#[cd]">&gt;&gt;</a>&nbsp;&nbsp;&nbsp;SPI_SSSet
</UL>
<BR>[Called By]<UL><LI><a href="#[c2]">&gt;&gt;</a>&nbsp;&nbsp;&nbsp;LCD_Init
</UL>

<P><STRONG><a name="[d0]"></a>SetBackLight</STRONG> (Thumb, 30 bytes, Stack size 0 bytes, lcd12864.o(.text))
<BR><BR>[Calls]<UL><LI><a href="#[ce]">&gt;&gt;</a>&nbsp;&nbsp;&nbsp;SPI_Send
<LI><a href="#[cd]">&gt;&gt;</a>&nbsp;&nbsp;&nbsp;SPI_SSSet
</UL>
<BR>[Called By]<UL><LI><a href="#[c2]">&gt;&gt;</a>&nbsp;&nbsp;&nbsp;LCD_Init
</UL>

<P><STRONG><a name="[c2]"></a>LCD_Init</STRONG> (Thumb, 218 bytes, Stack size 0 bytes, lcd12864.o(.text))
<BR><BR>[Calls]<UL><LI><a href="#[d0]">&gt;&gt;</a>&nbsp;&nbsp;&nbsp;SetBackLight
<LI><a href="#[cf]">&gt;&gt;</a>&nbsp;&nbsp;&nbsp;FontMode
<LI><a href="#[b5]">&gt;&gt;</a>&nbsp;&nbsp;&nbsp;FontSet
<LI><a href="#[b7]">&gt;&gt;</a>&nbsp;&nbsp;&nbsp;ClrScreen
<LI><a href="#[7b]">&gt;&gt;</a>&nbsp;&nbsp;&nbsp;delay_ms
</UL>
<BR>[Called By]<UL><LI><a href="#[64]">&gt;&gt;</a>&nbsp;&nbsp;&nbsp;SuperShark_Init
</UL>

<P><STRONG><a name="[b6]"></a>FontSet_cn</STRONG> (Thumb, 64 bytes, Stack size 0 bytes, lcd12864.o(.text))
<BR><BR>[Calls]<UL><LI><a href="#[ce]">&gt;&gt;</a>&nbsp;&nbsp;&nbsp;SPI_Send
<LI><a href="#[cd]">&gt;&gt;</a>&nbsp;&nbsp;&nbsp;SPI_SSSet
</UL>
<BR>[Called By]<UL><LI><a href="#[b4]">&gt;&gt;</a>&nbsp;&nbsp;&nbsp;manu
<LI><a href="#[64]">&gt;&gt;</a>&nbsp;&nbsp;&nbsp;SuperShark_Init
</UL>

<P><STRONG><a name="[d1]"></a>PutChar</STRONG> (Thumb, 46 bytes, Stack size 0 bytes, lcd12864.o(.text))
<BR><BR>[Calls]<UL><LI><a href="#[ce]">&gt;&gt;</a>&nbsp;&nbsp;&nbsp;SPI_Send
<LI><a href="#[cd]">&gt;&gt;</a>&nbsp;&nbsp;&nbsp;SPI_SSSet
</UL>
<BR>[Called By]<UL><LI><a href="#[66]">&gt;&gt;</a>&nbsp;&nbsp;&nbsp;PutString_cn
<LI><a href="#[67]">&gt;&gt;</a>&nbsp;&nbsp;&nbsp;PutString
</UL>

<P><STRONG><a name="[d2]"></a>PutChar_cn</STRONG> (Thumb, 54 bytes, Stack size 0 bytes, lcd12864.o(.text))
<BR><BR>[Calls]<UL><LI><a href="#[ce]">&gt;&gt;</a>&nbsp;&nbsp;&nbsp;SPI_Send
<LI><a href="#[cd]">&gt;&gt;</a>&nbsp;&nbsp;&nbsp;SPI_SSSet
</UL>
<BR>[Called By]<UL><LI><a href="#[66]">&gt;&gt;</a>&nbsp;&nbsp;&nbsp;PutString_cn
</UL>

<P><STRONG><a name="[66]"></a>PutString_cn</STRONG> (Thumb, 132 bytes, Stack size 0 bytes, lcd12864.o(.text))
<BR><BR>[Calls]<UL><LI><a href="#[d2]">&gt;&gt;</a>&nbsp;&nbsp;&nbsp;PutChar_cn
<LI><a href="#[d1]">&gt;&gt;</a>&nbsp;&nbsp;&nbsp;PutChar
</UL>
<BR>[Called By]<UL><LI><a href="#[b4]">&gt;&gt;</a>&nbsp;&nbsp;&nbsp;manu
<LI><a href="#[b3]">&gt;&gt;</a>&nbsp;&nbsp;&nbsp;anologTest
<LI><a href="#[b2]">&gt;&gt;</a>&nbsp;&nbsp;&nbsp;Digit0_15Test
<LI><a href="#[b1]">&gt;&gt;</a>&nbsp;&nbsp;&nbsp;Digit16_33Test
<LI><a href="#[af]">&gt;&gt;</a>&nbsp;&nbsp;&nbsp;Digit34_49Test
<LI><a href="#[57]">&gt;&gt;</a>&nbsp;&nbsp;&nbsp;main
</UL>

<P><STRONG><a name="[bd]"></a>PutBitmap</STRONG> (Thumb, 132 bytes, Stack size 0 bytes, lcd12864.o(.text))
<BR><BR>[Calls]<UL><LI><a href="#[ce]">&gt;&gt;</a>&nbsp;&nbsp;&nbsp;SPI_Send
<LI><a href="#[cd]">&gt;&gt;</a>&nbsp;&nbsp;&nbsp;SPI_SSSet
<LI><a href="#[7b]">&gt;&gt;</a>&nbsp;&nbsp;&nbsp;delay_ms
</UL>
<BR>[Called By]<UL><LI><a href="#[bc]">&gt;&gt;</a>&nbsp;&nbsp;&nbsp;logo
</UL>

<P><STRONG><a name="[67]"></a>PutString</STRONG> (Thumb, 76 bytes, Stack size 0 bytes, lcd12864.o(.text))
<BR><BR>[Calls]<UL><LI><a href="#[d1]">&gt;&gt;</a>&nbsp;&nbsp;&nbsp;PutChar
</UL>
<BR>[Called By]<UL><LI><a href="#[b4]">&gt;&gt;</a>&nbsp;&nbsp;&nbsp;manu
<LI><a href="#[57]">&gt;&gt;</a>&nbsp;&nbsp;&nbsp;main
</UL>

<P><STRONG><a name="[b0]"></a>ShowVar</STRONG> (Thumb, 114 bytes, Stack size 0 bytes, lcd12864.o(.text))
<BR><BR>[Calls]<UL><LI><a href="#[ce]">&gt;&gt;</a>&nbsp;&nbsp;&nbsp;SPI_Send
<LI><a href="#[cd]">&gt;&gt;</a>&nbsp;&nbsp;&nbsp;SPI_SSSet
</UL>
<BR>[Called By]<UL><LI><a href="#[b4]">&gt;&gt;</a>&nbsp;&nbsp;&nbsp;manu
<LI><a href="#[b3]">&gt;&gt;</a>&nbsp;&nbsp;&nbsp;anologTest
<LI><a href="#[b2]">&gt;&gt;</a>&nbsp;&nbsp;&nbsp;Digit0_15Test
<LI><a href="#[b1]">&gt;&gt;</a>&nbsp;&nbsp;&nbsp;Digit16_33Test
<LI><a href="#[af]">&gt;&gt;</a>&nbsp;&nbsp;&nbsp;Digit34_49Test
</UL>

<P><STRONG><a name="[d3]"></a>DMA_Configuration</STRONG> (Thumb, 68 bytes, Stack size 0 bytes, getsensor.o(.text))
<BR><BR>[Calls]<UL><LI><a href="#[d5]">&gt;&gt;</a>&nbsp;&nbsp;&nbsp;DMA_Init
<LI><a href="#[d4]">&gt;&gt;</a>&nbsp;&nbsp;&nbsp;DMA_DeInit
</UL>
<BR>[Called By]<UL><LI><a href="#[c3]">&gt;&gt;</a>&nbsp;&nbsp;&nbsp;Sensor_Init
</UL>

<P><STRONG><a name="[d6]"></a>ADC1_Configuration</STRONG> (Thumb, 344 bytes, Stack size 0 bytes, getsensor.o(.text))
<BR><BR>[Calls]<UL><LI><a href="#[de]">&gt;&gt;</a>&nbsp;&nbsp;&nbsp;ADC_StartCalibration
<LI><a href="#[dc]">&gt;&gt;</a>&nbsp;&nbsp;&nbsp;ADC_ResetCalibration
<LI><a href="#[d9]">&gt;&gt;</a>&nbsp;&nbsp;&nbsp;ADC_RegularChannelConfig
<LI><a href="#[d8]">&gt;&gt;</a>&nbsp;&nbsp;&nbsp;ADC_Init
<LI><a href="#[dd]">&gt;&gt;</a>&nbsp;&nbsp;&nbsp;ADC_GetResetCalibrationStatus
<LI><a href="#[df]">&gt;&gt;</a>&nbsp;&nbsp;&nbsp;ADC_GetCalibrationStatus
<LI><a href="#[d7]">&gt;&gt;</a>&nbsp;&nbsp;&nbsp;ADC_DeInit
<LI><a href="#[da]">&gt;&gt;</a>&nbsp;&nbsp;&nbsp;ADC_DMACmd
<LI><a href="#[db]">&gt;&gt;</a>&nbsp;&nbsp;&nbsp;ADC_Cmd
</UL>
<BR>[Called By]<UL><LI><a href="#[c3]">&gt;&gt;</a>&nbsp;&nbsp;&nbsp;Sensor_Init
</UL>

<P><STRONG><a name="[e0]"></a>GPIO_Configuration</STRONG> (Thumb, 170 bytes, Stack size 0 bytes, getsensor.o(.text))
<BR><BR>[Calls]<UL><LI><a href="#[e1]">&gt;&gt;</a>&nbsp;&nbsp;&nbsp;GPIO_Init
</UL>
<BR>[Called By]<UL><LI><a href="#[c3]">&gt;&gt;</a>&nbsp;&nbsp;&nbsp;Sensor_Init
</UL>

<P><STRONG><a name="[e2]"></a>RCC_Configuration</STRONG> (Thumb, 28 bytes, Stack size 0 bytes, getsensor.o(.text))
<BR><BR>[Calls]<UL><LI><a href="#[e3]">&gt;&gt;</a>&nbsp;&nbsp;&nbsp;RCC_APB2PeriphClockCmd
<LI><a href="#[e5]">&gt;&gt;</a>&nbsp;&nbsp;&nbsp;RCC_AHBPeriphClockCmd
<LI><a href="#[e4]">&gt;&gt;</a>&nbsp;&nbsp;&nbsp;RCC_ADCCLKConfig
</UL>
<BR>[Called By]<UL><LI><a href="#[c3]">&gt;&gt;</a>&nbsp;&nbsp;&nbsp;Sensor_Init
</UL>

<P><STRONG><a name="[c3]"></a>Sensor_Init</STRONG> (Thumb, 38 bytes, Stack size 0 bytes, getsensor.o(.text))
<BR><BR>[Calls]<UL><LI><a href="#[e7]">&gt;&gt;</a>&nbsp;&nbsp;&nbsp;DMA_Cmd
<LI><a href="#[e6]">&gt;&gt;</a>&nbsp;&nbsp;&nbsp;ADC_SoftwareStartConvCmd
<LI><a href="#[e2]">&gt;&gt;</a>&nbsp;&nbsp;&nbsp;RCC_Configuration
<LI><a href="#[e0]">&gt;&gt;</a>&nbsp;&nbsp;&nbsp;GPIO_Configuration
<LI><a href="#[d6]">&gt;&gt;</a>&nbsp;&nbsp;&nbsp;ADC1_Configuration
<LI><a href="#[d3]">&gt;&gt;</a>&nbsp;&nbsp;&nbsp;DMA_Configuration
</UL>
<BR>[Called By]<UL><LI><a href="#[64]">&gt;&gt;</a>&nbsp;&nbsp;&nbsp;SuperShark_Init
</UL>

<P><STRONG><a name="[e8]"></a>filter</STRONG> (Thumb, 40 bytes, Stack size 0 bytes, getsensor.o(.text))
<BR><BR>[Called By]<UL><LI><a href="#[6a]">&gt;&gt;</a>&nbsp;&nbsp;&nbsp;AnalogIn
</UL>

<P><STRONG><a name="[6a]"></a>AnalogIn</STRONG> (Thumb, 108 bytes, Stack size 0 bytes, getsensor.o(.text))
<BR><BR>[Calls]<UL><LI><a href="#[e8]">&gt;&gt;</a>&nbsp;&nbsp;&nbsp;filter
</UL>
<BR>[Called By]<UL><LI><a href="#[e9]">&gt;&gt;</a>&nbsp;&nbsp;&nbsp;BatteryVoltage
<LI><a href="#[b3]">&gt;&gt;</a>&nbsp;&nbsp;&nbsp;anologTest
<LI><a href="#[81]">&gt;&gt;</a>&nbsp;&nbsp;&nbsp;DigitalIn
<LI><a href="#[69]">&gt;&gt;</a>&nbsp;&nbsp;&nbsp;An_to_Di
</UL>

<P><STRONG><a name="[81]"></a>DigitalIn</STRONG> (Thumb, 1128 bytes, Stack size 0 bytes, getsensor.o(.text))
<BR><BR>[Calls]<UL><LI><a href="#[6a]">&gt;&gt;</a>&nbsp;&nbsp;&nbsp;AnalogIn
</UL>
<BR>[Called By]<UL><LI><a href="#[b2]">&gt;&gt;</a>&nbsp;&nbsp;&nbsp;Digit0_15Test
<LI><a href="#[b1]">&gt;&gt;</a>&nbsp;&nbsp;&nbsp;Digit16_33Test
<LI><a href="#[af]">&gt;&gt;</a>&nbsp;&nbsp;&nbsp;Digit34_49Test
<LI><a href="#[8d]">&gt;&gt;</a>&nbsp;&nbsp;&nbsp;Track_Doorsill_WavyLine
<LI><a href="#[8c]">&gt;&gt;</a>&nbsp;&nbsp;&nbsp;Track_Doorsill_line
<LI><a href="#[8b]">&gt;&gt;</a>&nbsp;&nbsp;&nbsp;Track_Doorsill_Turn
<LI><a href="#[89]">&gt;&gt;</a>&nbsp;&nbsp;&nbsp;Track_Taiping_To
<LI><a href="#[88]">&gt;&gt;</a>&nbsp;&nbsp;&nbsp;Track_Speaicl_BridgeZM_to
<LI><a href="#[86]">&gt;&gt;</a>&nbsp;&nbsp;&nbsp;Track_GapBridge
<LI><a href="#[84]">&gt;&gt;</a>&nbsp;&nbsp;&nbsp;Track_cmp_ward
<LI><a href="#[83]">&gt;&gt;</a>&nbsp;&nbsp;&nbsp;Track_crash_ward
<LI><a href="#[7f]">&gt;&gt;</a>&nbsp;&nbsp;&nbsp;mid_stop
</UL>

<P><STRONG><a name="[e9]"></a>BatteryVoltage</STRONG> (Thumb, 54 bytes, Stack size 0 bytes, getsensor.o(.text), UNUSED)
<BR><BR>[Calls]<UL><LI><a href="#[6a]">&gt;&gt;</a>&nbsp;&nbsp;&nbsp;AnalogIn
</UL>

<P><STRONG><a name="[c4]"></a>Key_Init</STRONG> (Thumb, 114 bytes, Stack size 0 bytes, key.o(.text))
<BR><BR>[Called By]<UL><LI><a href="#[64]">&gt;&gt;</a>&nbsp;&nbsp;&nbsp;SuperShark_Init
</UL>

<P><STRONG><a name="[65]"></a>Key_Start</STRONG> (Thumb, 14 bytes, Stack size 0 bytes, key.o(.text))
<BR><BR>[Called By]<UL><LI><a href="#[57]">&gt;&gt;</a>&nbsp;&nbsp;&nbsp;main
</UL>

[...]
</UL>

<P><STRONG><a name="[119]"></a>ADXL345_Init</STRONG> (Thumb, 80 bytes, Stack size 0 bytes, adxl345.o(.text), UNUSED)
<BR><BR>[Calls]<UL><LI><a href="#[118]">&gt;&gt;</a>&nbsp;&nbsp;&nbsp;ADXL345_RD_Reg
<LI><a href="#[117]">&gt;&gt;</a>&nbsp;&nbsp;&nbsp;ADXL345_WR_Reg
<LI><a href="#[c8]">&gt;&gt;</a>&nbsp;&nbsp;&nbsp;IIC_Init
</UL>

<P><STRONG><a name="[11a]"></a>ADXL345_RD_XYZ</STRONG> (Thumb, 142 bytes, Stack size 0 bytes, adxl345.o(.text))
<BR><BR>[Calls]<UL><LI><a href="#[116]">&gt;&gt;</a>&nbsp;&nbsp;&nbsp;IIC_Read_Byte
<LI><a href="#[115]">&gt;&gt;</a>&nbsp;&nbsp;&nbsp;IIC_Send_Byte
<LI><a href="#[112]">&gt;&gt;</a>&nbsp;&nbsp;&nbsp;IIC_Wait_Ack
<LI><a href="#[111]">&gt;&gt;</a>&nbsp;&nbsp;&nbsp;IIC_Stop
<LI><a href="#[110]">&gt;&gt;</a>&nbsp;&nbsp;&nbsp;IIC_Start
</UL>
<BR>[Called By]<UL><LI><a href="#[11b]">&gt;&gt;</a>&nbsp;&nbsp;&nbsp;ADXL345_RD_Avval
<LI><a href="#[ac]">&gt;&gt;</a>&nbsp;&nbsp;&nbsp;ADXL345_Read_Average
</UL>

<P><STRONG><a name="[11b]"></a>ADXL345_RD_Avval</STRONG> (Thumb, 106 bytes, Stack size 0 bytes, adxl345.o(.text))
<BR><BR>[Calls]<UL><LI><a href="#[11a]">&gt;&gt;</a>&nbsp;&nbsp;&nbsp;ADXL345_RD_XYZ
<LI><a href="#[7b]">&gt;&gt;</a>&nbsp;&nbsp;&nbsp;delay_ms
</UL>
<BR>[Called By]<UL><LI><a href="#[b9]">&gt;&gt;</a>&nbsp;&nbsp;&nbsp;ADXL345_AUTO_Adjust
</UL>

<P><STRONG><a name="[b9]"></a>ADXL345_AUTO_Adjust</STRONG> (Thumb, 252 bytes, Stack size 0 bytes, adxl345.o(.text))
<BR><BR>[Calls]<UL><LI><a href="#[11b]">&gt;&gt;</a>&nbsp;&nbsp;&nbsp;ADXL345_RD_Avval
<LI><a href="#[117]">&gt;&gt;</a>&nbsp;&nbsp;&nbsp;ADXL345_WR_Reg
<LI><a href="#[7b]">&gt;&gt;</a>&nbsp;&nbsp;&nbsp;delay_ms
</UL>
<BR>[Called By]<UL><LI><a href="#[b4]">&gt;&gt;</a>&nbsp;&nbsp;&nbsp;manu
<LI><a href="#[64]">&gt;&gt;</a>&nbsp;&nbsp;&nbsp;SuperShark_Init
</UL>

<P><STRONG><a name="[ac]"></a>ADXL345_Read_Average</STRONG> (Thumb, 130 bytes, Stack size 0 bytes, adxl345.o(.text))
<BR><BR>[Calls]<UL><LI><a href="#[11a]">&gt;&gt;</a>&nbsp;&nbsp;&nbsp;ADXL345_RD_XYZ
<LI><a href="#[7b]">&gt;&gt;</a>&nbsp;&nbsp;&nbsp;delay_ms
</UL>
<BR>[Called By]<UL><LI><a href="#[b4]">&gt;&gt;</a>&nbsp;&nbsp;&nbsp;manu
<LI><a href="#[8a]">&gt;&gt;</a>&nbsp;&nbsp;&nbsp;ADXL345
<LI><a href="#[64]">&gt;&gt;</a>&nbsp;&nbsp;&nbsp;SuperShark_Init
</UL>

<P><STRONG><a name="[ae]"></a>ADXL345_Get_Angle</STRONG> (Thumb, 370 bytes, Stack size 0 bytes, adxl345.o(.text))
<BR><BR>[Calls]<UL><LI><a href="#[11f]">&gt;&gt;</a>&nbsp;&nbsp;&nbsp;sqrt
<LI><a href="#[122]">&gt;&gt;</a>&nbsp;&nbsp;&nbsp;atan
<LI><a href="#[11d]">&gt;&gt;</a>&nbsp;&nbsp;&nbsp;__aeabi_fmul
<LI><a href="#[11e]">&gt;&gt;</a>&nbsp;&nbsp;&nbsp;__aeabi_fadd
<LI><a href="#[11c]">&gt;&gt;</a>&nbsp;&nbsp;&nbsp;__aeabi_f2d
<LI><a href="#[123]">&gt;&gt;</a>&nbsp;&nbsp;&nbsp;__aeabi_d2iz
<LI><a href="#[120]">&gt;&gt;</a>&nbsp;&nbsp;&nbsp;__aeabi_ddiv
<LI><a href="#[121]">&gt;&gt;</a>&nbsp;&nbsp;&nbsp;__aeabi_d2f
</UL>
<BR>[Called By]<UL><LI><a href="#[8a]">&gt;&gt;</a>&nbsp;&nbsp;&nbsp;ADXL345
</UL>

<P><STRONG><a name="[107]"></a>__RESETPRIMASK</STRONG> (Thumb, 0 bytes, Stack size 0 bytes, cortexm3_macro.o(.text), UNUSED)
<BR><BR>[Called By]<UL><LI><a href="#[106]">&gt;&gt;</a>&nbsp;&nbsp;&nbsp;NVIC_RESETPRIMASK
</UL>

<P><STRONG><a name="[105]"></a>__SETPRIMASK</STRONG> (Thumb, 0 bytes, Stack size 0 bytes, cortexm3_macro.o(.text), UNUSED)
<BR><BR>[Called By]<UL><LI><a href="#[104]">&gt;&gt;</a>&nbsp;&nbsp;&nbsp;NVIC_SETPRIMASK
</UL>

<P><STRONG><a name="[109]"></a>__SETFAULTMASK</STRONG> (Thumb, 0 bytes, Stack size 0 bytes, cortexm3_macro.o(.text), UNUSED)
<BR><BR>[Called By]<UL><LI><a href="#[108]">&gt;&gt;</a>&nbsp;&nbsp;&nbsp;NVIC_SETFAULTMASK
</UL>

<P><STRONG><a name="[10b]"></a>__RESETFAULTMASK</STRONG> (Thumb, 0 bytes, Stack size 0 bytes, cortexm3_macro.o(.text), UNUSED)
<BR><BR>[Called By]<UL><LI><a href="#[10a]">&gt;&gt;</a>&nbsp;&nbsp;&nbsp;NVIC_RESETFAULTMASK
</UL>

<P><STRONG><a name="[10d]"></a>__BASEPRICONFIG</STRONG> (Thumb, 0 bytes, Stack size 0 bytes, cortexm3_macro.o(.text), UNUSED)
<BR><BR>[Called By]<UL><LI><a href="#[10c]">&gt;&gt;</a>&nbsp;&nbsp;&nbsp;NVIC_BASEPRICONFIG
</UL>

<P><STRONG><a name="[10f]"></a>__GetBASEPRI</STRONG> (Thumb, 0 bytes, Stack size 0 bytes, cortexm3_macro.o(.text), UNUSED)
<BR><BR>[Called By]<UL><LI><a href="#[10e]">&gt;&gt;</a>&nbsp;&nbsp;&nbsp;NVIC_GetBASEPRI
</UL>

<P><STRONG><a name="[124]"></a>__read_errno</STRONG> (Thumb, 10 bytes, Stack size 0 bytes, _rserrno.o(.text), UNUSED)
<BR><BR>[Calls]<UL><LI><a href="#[125]">&gt;&gt;</a>&nbsp;&nbsp;&nbsp;__aeabi_errno_addr
</UL>

<P><STRONG><a name="[126]"></a>__set_errno</STRONG> (Thumb, 12 bytes, Stack size 0 bytes, _rserrno.o(.text))
<BR><BR>[Calls]<UL><LI><a href="#[125]">&gt;&gt;</a>&nbsp;&nbsp;&nbsp;__aeabi_errno_addr
</UL>
<BR>[Called By]<UL><LI><a href="#[11f]">&gt;&gt;</a>&nbsp;&nbsp;&nbsp;sqrt
</UL>

<P><STRONG><a name="[125]"></a>__aeabi_errno_addr</STRONG> (Thumb, 12 bytes, Stack size 0 bytes, rt_errno_addr_intlibspace.o(.text))
<BR><BR>[Called By]<UL><LI><a href="#[126]">&gt;&gt;</a>&nbsp;&nbsp;&nbsp;__set_errno
<LI><a href="#[124]">&gt;&gt;</a>&nbsp;&nbsp;&nbsp;__read_errno
</UL>

<P><STRONG><a name="[127]"></a>__user_perproc_libspace</STRONG> (Thumb, 0 bytes, Stack size 0 bytes, libspace.o(.text))
<BR><BR>[Called By]<UL><LI><a href="#[54]">&gt;&gt;</a>&nbsp;&nbsp;&nbsp;__user_setup_stackheap
</UL>

<P><STRONG><a name="[54]"></a>__user_setup_stackheap</STRONG> (Thumb, 74 bytes, Stack size 0 bytes, sys_stackheap_outer.o(.text))
<BR><BR>[Calls]<UL><LI><a href="#[4c]">&gt;&gt;</a>&nbsp;&nbsp;&nbsp;__user_initial_stackheap
<LI><a href="#[127]">&gt;&gt;</a>&nbsp;&nbsp;&nbsp;__user_perproc_libspace
</UL>
<BR>[Called By]<UL><LI><a href="#[53]">&gt;&gt;</a>&nbsp;&nbsp;&nbsp;__rt_entry_sh
</UL>

<P><STRONG><a name="[58]"></a>exit</STRONG> (Thumb, 12 bytes, Stack size 0 bytes, exit.o(.text))
<BR><BR>[Calls]<UL><LI><a href="#[128]">&gt;&gt;</a>&nbsp;&nbsp;&nbsp;__rt_exit
</UL>
<BR>[Called By]<UL><LI><a href="#[56]">&gt;&gt;</a>&nbsp;&nbsp;&nbsp;__rt_entry_main
</UL>

<P><STRONG><a name="[4a]"></a>Reset_Handler</STRONG> (Thumb, 4 bytes, Stack size 0 bytes, stm32f10x_vector.o(.text))

<P><STRONG><a name="[4c]"></a>__user_initial_stackheap</STRONG> (Thumb, 0 bytes, Stack size 0 bytes, stm32f10x_vector.o(.text))
<BR><BR>[Called By]<UL><LI><a href="#[54]">&gt;&gt;</a>&nbsp;&nbsp;&nbsp;__user_setup_stackheap
</UL>

<P><STRONG><a name="[145]"></a>__rt_fp_status_addr</STRONG> (Thumb, 12 bytes, Stack size 0 bytes, rt_fp_status_addr_intlibspace.o(.text))
<BR><BR>[Called By]<UL><LI><a href="#[52]">&gt;&gt;</a>&nbsp;&nbsp;&nbsp;_fp_init
</UL>

<P><STRONG><a name="[12e]"></a>__ARM_fpclassify</STRONG> (Thumb, 40 bytes, Stack size 0 bytes, fpclassify.o(i.__ARM_fpclassify))
<BR><BR>[Called By]<UL><LI><a href="#[122]">&gt;&gt;</a>&nbsp;&nbsp;&nbsp;atan
</UL>

<P><STRONG><a name="[129]"></a>__kernel_poly</STRONG> (Thumb, 170 bytes, Stack size 0 bytes, poly.o(i.__kernel_poly))
<BR><BR>[Calls]<UL><LI><a href="#[12a]">&gt;&gt;</a>&nbsp;&nbsp;&nbsp;__aeabi_dmul
<LI><a href="#[12b]">&gt;&gt;</a>&nbsp;&nbsp;&nbsp;__aeabi_dadd
</UL>
<BR>[Called By]<UL><LI><a href="#[122]">&gt;&gt;</a>&nbsp;&nbsp;&nbsp;atan
</UL>

<P><STRONG><a name="[12c]"></a>__mathlib_dbl_underflow</STRONG> (Thumb, 10 bytes, Stack size 0 bytes, dunder.o(i.__mathlib_dbl_underflow))
<BR><BR>[Calls]<UL><LI><a href="#[12d]">&gt;&gt;</a>&nbsp;&nbsp;&nbsp;scalbn
</UL>
<BR>[Called By]<UL><LI><a href="#[122]">&gt;&gt;</a>&nbsp;&nbsp;&nbsp;atan
</UL>

<P><STRONG><a name="[122]"></a>atan</STRONG> (Thumb, 480 bytes, Stack size 0 bytes, atan.o(i.atan))
<BR><BR>[Calls]<UL><LI><a href="#[129]">&gt;&gt;</a>&nbsp;&nbsp;&nbsp;__kernel_poly
<LI><a href="#[12e]">&gt;&gt;</a>&nbsp;&nbsp;&nbsp;__ARM_fpclassify
<LI><a href="#[12c]">&gt;&gt;</a>&nbsp;&nbsp;&nbsp;__mathlib_dbl_underflow
<LI><a href="#[12d]">&gt;&gt;</a>&nbsp;&nbsp;&nbsp;scalbn
<LI><a href="#[12a]">&gt;&gt;</a>&nbsp;&nbsp;&nbsp;__aeabi_dmul
<LI><a href="#[12f]">&gt;&gt;</a>&nbsp;&nbsp;&nbsp;__aeabi_dsub
<LI><a href="#[130]">&gt;&gt;</a>&nbsp;&nbsp;&nbsp;__aeabi_drsub
<LI><a href="#[12b]">&gt;&gt;</a>&nbsp;&nbsp;&nbsp;__aeabi_dadd
<LI><a href="#[120]">&gt;&gt;</a>&nbsp;&nbsp;&nbsp;__aeabi_ddiv
</UL>
<BR>[Called By]<UL><LI><a href="#[ae]">&gt;&gt;</a>&nbsp;&nbsp;&nbsp;ADXL345_Get_Angle
</UL>

<P><STRONG><a name="[11f]"></a>sqrt</STRONG> (Thumb, 74 bytes, Stack size 0 bytes, sqrt.o(i.sqrt))
<BR><BR>[Calls]<UL><LI><a href="#[131]">&gt;&gt;</a>&nbsp;&nbsp;&nbsp;_dsqrt
<LI><a href="#[126]">&gt;&gt;</a>&nbsp;&nbsp;&nbsp;__set_errno
</UL>
<BR>[Called By]<UL><LI><a href="#[ae]">&gt;&gt;</a>&nbsp;&nbsp;&nbsp;ADXL345_Get_Angle
</UL>

<P><STRONG><a name="[121]"></a>__aeabi_d2f</STRONG> (Thumb, 0 bytes, Stack size 0 bytes, d2f.o(x$fpl$d2f))
<BR><BR>[Called By]<UL><LI><a href="#[ae]">&gt;&gt;</a>&nbsp;&nbsp;&nbsp;ADXL345_Get_Angle
</UL>

<P><STRONG><a name="[132]"></a>_d2f</STRONG> (Thumb, 98 bytes, Stack size 0 bytes, d2f.o(x$fpl$d2f), UNUSED)
<BR><BR>[Calls]<UL><LI><a href="#[133]">&gt;&gt;</a>&nbsp;&nbsp;&nbsp;__fpl_fretinf
<LI><a href="#[134]">&gt;&gt;</a>&nbsp;&nbsp;&nbsp;__fpl_dnaninf
</UL>

<P><STRONG><a name="[12b]"></a>__aeabi_dadd</STRONG> (Thumb, 0 bytes, Stack size 0 bytes, daddsub_clz.o(x$fpl$dadd))
<BR><BR>[Called By]<UL><LI><a href="#[129]">&gt;&gt;</a>&nbsp;&nbsp;&nbsp;__kernel_poly
<LI><a href="#[122]">&gt;&gt;</a>&nbsp;&nbsp;&nbsp;atan
</UL>

<P><STRONG><a name="[135]"></a>_dadd</STRONG> (Thumb, 328 bytes, Stack size 0 bytes, daddsub_clz.o(x$fpl$dadd), UNUSED)
<BR><BR>[Calls]<UL><LI><a href="#[137]">&gt;&gt;</a>&nbsp;&nbsp;&nbsp;__fpl_dretinf
<LI><a href="#[134]">&gt;&gt;</a>&nbsp;&nbsp;&nbsp;__fpl_dnaninf
<LI><a href="#[136]">&gt;&gt;</a>&nbsp;&nbsp;&nbsp;_dsub1
</UL>

<P><STRONG><a name="[138]"></a>__fpl_dcheck_NaN1</STRONG> (Thumb, 10 bytes, Stack size 0 bytes, dcheck1.o(x$fpl$dcheck1))
<BR><BR>[Calls]<UL><LI><a href="#[139]">&gt;&gt;</a>&nbsp;&nbsp;&nbsp;__fpl_return_NaN
</UL>
<BR>[Called By]<UL><LI><a href="#[12d]">&gt;&gt;</a>&nbsp;&nbsp;&nbsp;scalbn
</UL>

<P><STRONG><a name="[120]"></a>__aeabi_ddiv</STRONG> (Thumb, 0 bytes, Stack size 0 bytes, ddiv.o(x$fpl$ddiv))
<BR><BR>[Called By]<UL><LI><a href="#[122]">&gt;&gt;</a>&nbsp;&nbsp;&nbsp;atan
<LI><a href="#[ae]">&gt;&gt;</a>&nbsp;&nbsp;&nbsp;ADXL345_Get_Angle
</UL>

<P><STRONG><a name="[13a]"></a>_ddiv</STRONG> (Thumb, 552 bytes, Stack size 0 bytes, ddiv.o(x$fpl$ddiv), UNUSED)
<BR><BR>[Calls]<UL><LI><a href="#[137]">&gt;&gt;</a>&nbsp;&nbsp;&nbsp;__fpl_dretinf
<LI><a href="#[134]">&gt;&gt;</a>&nbsp;&nbsp;&nbsp;__fpl_dnaninf
</UL>

<P><STRONG><a name="[123]"></a>__aeabi_d2iz</STRONG> (Thumb, 0 bytes, Stack size 0 bytes, dfix.o(x$fpl$dfix))
<BR><BR>[Called By]<UL><LI><a href="#[ae]">&gt;&gt;</a>&nbsp;&nbsp;&nbsp;ADXL345_Get_Angle
</UL>

<P><STRONG><a name="[13b]"></a>_dfix</STRONG> (Thumb, 94 bytes, Stack size 0 bytes, dfix.o(x$fpl$dfix), UNUSED)
<BR><BR>[Calls]<UL><LI><a href="#[134]">&gt;&gt;</a>&nbsp;&nbsp;&nbsp;__fpl_dnaninf
</UL>

<P><STRONG><a name="[12a]"></a>__aeabi_dmul</STRONG> (Thumb, 0 bytes, Stack size 0 bytes, dmul.o(x$fpl$dmul))
<BR><BR>[Called By]<UL><LI><a href="#[129]">&gt;&gt;</a>&nbsp;&nbsp;&nbsp;__kernel_poly
<LI><a href="#[122]">&gt;&gt;</a>&nbsp;&nbsp;&nbsp;atan
</UL>

<P><STRONG><a name="[13c]"></a>_dmul</STRONG> (Thumb, 332 bytes, Stack size 0 bytes, dmul.o(x$fpl$dmul), UNUSED)
<BR><BR>[Calls]<UL><LI><a href="#[137]">&gt;&gt;</a>&nbsp;&nbsp;&nbsp;__fpl_dretinf
<LI><a href="#[134]">&gt;&gt;</a>&nbsp;&nbsp;&nbsp;__fpl_dnaninf
</UL>

<P><STRONG><a name="[134]"></a>__fpl_dnaninf</STRONG> (Thumb, 156 bytes, Stack size 0 bytes, dnaninf.o(x$fpl$dnaninf))
<BR><BR>[Called By]<UL><LI><a href="#[131]">&gt;&gt;</a>&nbsp;&nbsp;&nbsp;_dsqrt
<LI><a href="#[13c]">&gt;&gt;</a>&nbsp;&nbsp;&nbsp;_dmul
<LI><a href="#[13f]">&gt;&gt;</a>&nbsp;&nbsp;&nbsp;_dsub
<LI><a href="#[135]">&gt;&gt;</a>&nbsp;&nbsp;&nbsp;_dadd
<LI><a href="#[13b]">&gt;&gt;</a>&nbsp;&nbsp;&nbsp;_dfix
<LI><a href="#[13a]">&gt;&gt;</a>&nbsp;&nbsp;&nbsp;_ddiv
<LI><a href="#[132]">&gt;&gt;</a>&nbsp;&nbsp;&nbsp;_d2f
</UL>

<P><STRONG><a name="[137]"></a>__fpl_dretinf</STRONG> (Thumb, 12 bytes, Stack size 0 bytes, dretinf.o(x$fpl$dretinf), UNUSED)
<BR><BR>[Called By]<UL><LI><a href="#[13c]">&gt;&gt;</a>&nbsp;&nbsp;&nbsp;_dmul
<LI><a href="#[135]">&gt;&gt;</a>&nbsp;&nbsp;&nbsp;_dadd
<LI><a href="#[140]">&gt;&gt;</a>&nbsp;&nbsp;&nbsp;_f2d
<LI><a href="#[13a]">&gt;&gt;</a>&nbsp;&nbsp;&nbsp;_ddiv
</UL>

<P><STRONG><a name="[130]"></a>__aeabi_drsub</STRONG> (Thumb, 0 bytes, Stack size 0 bytes, daddsub_clz.o(x$fpl$drsb))
<BR><BR>[Called By]<UL><LI><a href="#[122]">&gt;&gt;</a>&nbsp;&nbsp;&nbsp;atan
</UL>

<P><STRONG><a name="[13d]"></a>_drsb</STRONG> (Thumb, 22 bytes, Stack size 0 bytes, daddsub_clz.o(x$fpl$drsb), UNUSED)
<BR><BR>[Calls]<UL><LI><a href="#[136]">&gt;&gt;</a>&nbsp;&nbsp;&nbsp;_dsub1
<LI><a href="#[13e]">&gt;&gt;</a>&nbsp;&nbsp;&nbsp;_dadd1
</UL>

<P><STRONG><a name="[131]"></a>_dsqrt</STRONG> (Thumb, 456 bytes, Stack size 0 bytes, dsqrt_noumaal.o(x$fpl$dsqrt))
<BR><BR>[Calls]<UL><LI><a href="#[134]">&gt;&gt;</a>&nbsp;&nbsp;&nbsp;__fpl_dnaninf
</UL>
<BR>[Called By]<UL><LI><a href="#[11f]">&gt;&gt;</a>&nbsp;&nbsp;&nbsp;sqrt
</UL>

<P><STRONG><a name="[12f]"></a>__aeabi_dsub</STRONG> (Thumb, 0 bytes, Stack size 0 bytes, daddsub_clz.o(x$fpl$dsub))
<BR><BR>[Called By]<UL><LI><a href="#[122]">&gt;&gt;</a>&nbsp;&nbsp;&nbsp;atan
</UL>

<P><STRONG><a name="[13f]"></a>_dsub</STRONG> (Thumb, 464 bytes, Stack size 0 bytes, daddsub_clz.o(x$fpl$dsub), UNUSED)
<BR><BR>[Calls]<UL><LI><a href="#[134]">&gt;&gt;</a>&nbsp;&nbsp;&nbsp;__fpl_dnaninf
<LI><a href="#[13e]">&gt;&gt;</a>&nbsp;&nbsp;&nbsp;_dadd1
</UL>

<P><STRONG><a name="[11c]"></a>__aeabi_f2d</STRONG> (Thumb, 0 bytes, Stack size 0 bytes, f2d.o(x$fpl$f2d))
<BR><BR>[Called By]<UL><LI><a href="#[ae]">&gt;&gt;</a>&nbsp;&nbsp;&nbsp;ADXL345_Get_Angle
</UL>

<P><STRONG><a name="[140]"></a>_f2d</STRONG> (Thumb, 86 bytes, Stack size 0 bytes, f2d.o(x$fpl$f2d), UNUSED)
<BR><BR>[Calls]<UL><LI><a href="#[141]">&gt;&gt;</a>&nbsp;&nbsp;&nbsp;__fpl_fnaninf
<LI><a href="#[137]">&gt;&gt;</a>&nbsp;&nbsp;&nbsp;__fpl_dretinf
</UL>

<P><STRONG><a name="[11e]"></a>__aeabi_fadd</STRONG> (Thumb, 0 bytes, Stack size 0 bytes, faddsub_clz.o(x$fpl$fadd))
<BR><BR>[Called By]<UL><LI><a href="#[ae]">&gt;&gt;</a>&nbsp;&nbsp;&nbsp;ADXL345_Get_Angle
</UL>

<P><STRONG><a name="[142]"></a>_fadd</STRONG> (Thumb, 196 bytes, Stack size 0 bytes, faddsub_clz.o(x$fpl$fadd), UNUSED)
<BR><BR>[Calls]<UL><LI><a href="#[133]">&gt;&gt;</a>&nbsp;&nbsp;&nbsp;__fpl_fretinf
<LI><a href="#[141]">&gt;&gt;</a>&nbsp;&nbsp;&nbsp;__fpl_fnaninf
<LI><a href="#[143]">&gt;&gt;</a>&nbsp;&nbsp;&nbsp;_fsub1
</UL>

<P><STRONG><a name="[ad]"></a>__aeabi_i2f</STRONG> (Thumb, 0 bytes, Stack size 0 bytes, fflt_clz.o(x$fpl$fflt))
<BR><BR>[Called By]<UL><LI><a href="#[8a]">&gt;&gt;</a>&nbsp;&nbsp;&nbsp;ADXL345
</UL>

<P><STRONG><a name="[11d]"></a>__aeabi_fmul</STRONG> (Thumb, 0 bytes, Stack size 0 bytes, fmul.o(x$fpl$fmul))
<BR><BR>[Called By]<UL><LI><a href="#[ae]">&gt;&gt;</a>&nbsp;&nbsp;&nbsp;ADXL345_Get_Angle
</UL>

<P><STRONG><a name="[144]"></a>_fmul</STRONG> (Thumb, 258 bytes, Stack size 0 bytes, fmul.o(x$fpl$fmul), UNUSED)
<BR><BR>[Calls]<UL><LI><a href="#[133]">&gt;&gt;</a>&nbsp;&nbsp;&nbsp;__fpl_fretinf
<LI><a href="#[141]">&gt;&gt;</a>&nbsp;&nbsp;&nbsp;__fpl_fnaninf
</UL>

<P><STRONG><a name="[141]"></a>__fpl_fnaninf</STRONG> (Thumb, 140 bytes, Stack size 0 bytes, fnaninf.o(x$fpl$fnaninf), UNUSED)
<BR><BR>[Called By]<UL><LI><a href="#[144]">&gt;&gt;</a>&nbsp;&nbsp;&nbsp;_fmul
<LI><a href="#[146]">&gt;&gt;</a>&nbsp;&nbsp;&nbsp;_fsub
<LI><a href="#[142]">&gt;&gt;</a>&nbsp;&nbsp;&nbsp;_fadd
<LI><a href="#[140]">&gt;&gt;</a>&nbsp;&nbsp;&nbsp;_f2d
</UL>

<P><STRONG><a name="[52]"></a>_fp_init</STRONG> (Thumb, 14 bytes, Stack size 0 bytes, fpinit.o(x$fpl$fpinit))
<BR><BR>[Calls]<UL><LI><a href="#[145]">&gt;&gt;</a>&nbsp;&nbsp;&nbsp;__rt_fp_status_addr
</UL>
<BR>[Called By]<UL><LI><a href="#[51]">&gt;&gt;</a>&nbsp;&nbsp;&nbsp;__rt_lib_init
</UL>

<P><STRONG><a name="[133]"></a>__fpl_fretinf</STRONG> (Thumb, 10 bytes, Stack size 0 bytes, fretinf.o(x$fpl$fretinf), UNUSED)
<BR><BR>[Called By]<UL><LI><a href="#[144]">&gt;&gt;</a>&nbsp;&nbsp;&nbsp;_fmul
<LI><a href="#[142]">&gt;&gt;</a>&nbsp;&nbsp;&nbsp;_fadd
<LI><a href="#[132]">&gt;&gt;</a>&nbsp;&nbsp;&nbsp;_d2f
</UL>

<P><STRONG><a name="[146]"></a>_fsub</STRONG> (Thumb, 234 bytes, Stack size 0 bytes, faddsub_clz.o(x$fpl$fsub), UNUSED)
<BR><BR>[Calls]<UL><LI><a href="#[141]">&gt;&gt;</a>&nbsp;&nbsp;&nbsp;__fpl_fnaninf
<LI><a href="#[147]">&gt;&gt;</a>&nbsp;&nbsp;&nbsp;_fadd1
</UL>

<P><STRONG><a name="[139]"></a>__fpl_return_NaN</STRONG> (Thumb, 100 bytes, Stack size 0 bytes, retnan.o(x$fpl$retnan))
<BR><BR>[Calls]<UL><LI><a href="#[148]">&gt;&gt;</a>&nbsp;&nbsp;&nbsp;__fpl_cmpreturn
</UL>
<BR>[Called By]<UL><LI><a href="#[138]">&gt;&gt;</a>&nbsp;&nbsp;&nbsp;__fpl_dcheck_NaN1
</UL>

<P><STRONG><a name="[12d]"></a>scalbn</STRONG> (Thumb, 96 bytes, Stack size 0 bytes, scalbn.o(x$fpl$scalbn))
<BR><BR>[Calls]<UL><LI><a href="#[138]">&gt;&gt;</a>&nbsp;&nbsp;&nbsp;__fpl_dcheck_NaN1
</UL>
<BR>[Called By]<UL><LI><a href="#[12c]">&gt;&gt;</a>&nbsp;&nbsp;&nbsp;__mathlib_dbl_underflow
<LI><a href="#[122]">&gt;&gt;</a>&nbsp;&nbsp;&nbsp;atan
</UL>

<P><STRONG><a name="[148]"></a>__fpl_cmpreturn</STRONG> (Thumb, 48 bytes, Stack size 0 bytes, trapv.o(x$fpl$trapveneer))
<BR><BR>[Called By]<UL><LI><a href="#[139]">&gt;&gt;</a>&nbsp;&nbsp;&nbsp;__fpl_return_NaN
</UL>
<P>
<H3>
Local Symbols
</H3>
<P><STRONG><a name="[9c]"></a>TI4_Config</STRONG> (Thumb, 66 bytes, Stack size 0 bytes, stm32f10x_tim.o(.text), UNUSED)
<BR><BR>[Called By]<UL><LI><a href="#[95]">&gt;&gt;</a>&nbsp;&nbsp;&nbsp;TIM_ICInit
</UL>

<P><STRONG><a name="[9a]"></a>TI3_Config</STRONG> (Thumb, 60 bytes, Stack size 0 bytes, stm32f10x_tim.o(.text), UNUSED)
<BR><BR>[Called By]<UL><LI><a href="#[95]">&gt;&gt;</a>&nbsp;&nbsp;&nbsp;TIM_ICInit
</UL>

<P><STRONG><a name="[98]"></a>TI2_Config</STRONG> (Thumb, 80 bytes, Stack size 0 bytes, stm32f10x_tim.o(.text))
<BR><BR>[Called By]<UL><LI><a href="#[a1]">&gt;&gt;</a>&nbsp;&nbsp;&nbsp;TIM_TIxExternalClockConfig
<LI><a href="#[9e]">&gt;&gt;</a>&nbsp;&nbsp;&nbsp;TIM_PWMIConfig
<LI><a href="#[95]">&gt;&gt;</a>&nbsp;&nbsp;&nbsp;TIM_ICInit
</UL>

<P><STRONG><a name="[96]"></a>TI1_Config</STRONG> (Thumb, 50 bytes, Stack size 0 bytes, stm32f10x_tim.o(.text))
<BR><BR>[Called By]<UL><LI><a href="#[a1]">&gt;&gt;</a>&nbsp;&nbsp;&nbsp;TIM_TIxExternalClockConfig
<LI><a href="#[9e]">&gt;&gt;</a>&nbsp;&nbsp;&nbsp;TIM_PWMIConfig
<LI><a href="#[95]">&gt;&gt;</a>&nbsp;&nbsp;&nbsp;TIM_ICInit
</UL>

<P><STRONG><a name="[147]"></a>_fadd1</STRONG> (Thumb, 0 bytes, Stack size 0 bytes, faddsub_clz.o(x$fpl$fadd), UNUSED)
<BR><BR>[Called By]<UL><LI><a href="#[146]">&gt;&gt;</a>&nbsp;&nbsp;&nbsp;_fsub
</UL>

<P><STRONG><a name="[143]"></a>_fsub1</STRONG> (Thumb, 0 bytes, Stack size 0 bytes, faddsub_clz.o(x$fpl$fsub), UNUSED)
<BR><BR>[Called By]<UL><LI><a href="#[142]">&gt;&gt;</a>&nbsp;&nbsp;&nbsp;_fadd
</UL>

<P><STRONG><a name="[13e]"></a>_dadd1</STRONG> (Thumb, 0 bytes, Stack size 0 bytes, daddsub_clz.o(x$fpl$dadd), UNUSED)
<BR><BR>[Called By]<UL><LI><a href="#[13f]">&gt;&gt;</a>&nbsp;&nbsp;&nbsp;_dsub
<LI><a href="#[13d]">&gt;&gt;</a>&nbsp;&nbsp;&nbsp;_drsb
</UL>

<P><STRONG><a name="[136]"></a>_dsub1</STRONG> (Thumb, 0 bytes, Stack size 0 bytes, daddsub_clz.o(x$fpl$dsub), UNUSED)
<BR><BR>[Called By]<UL><LI><a href="#[13d]">&gt;&gt;</a>&nbsp;&nbsp;&nbsp;_drsb
<LI><a href="#[135]">&gt;&gt;</a>&nbsp;&nbsp;&nbsp;_dadd
</UL>
<P>
<H3>
Undefined Global Symbols
</H3><HR></body></html>
