ARM Linker, 4.1 [Build 481] [Standard]

==============================================================================

Section Cross References

    stm32f10x_it.o(.text) refers to remote.o(.text) for Pulse_Width_Check
    stm32f10x_it.o(.text) refers to sys.o(.text) for Sys_Soft_Reset
    stm32f10x_it.o(.text) refers to beep.o(.text) for BEEP_ON
    stm32f10x_it.o(.text) refers to stm32f10x_tim.o(.text) for TIM_GetITStatus
    stm32f10x_it.o(.text) refers to remote.o(.data) for Remote_Rdy
    stm32f10x_it.o(.text) refers to timer.o(.data) for TIM2_num
    main.o(.text) refers to supersharkv1.0.o(.text) for SuperShark_Init
    main.o(.text) refers to key.o(.text) for Key_Start
    main.o(.text) refers to lcd12864.o(.text) for PutString_cn
    main.o(.text) refers to track.o(.text) for DMotor_Control_Par
    main.o(.text) refers to delay.o(.text) for delay_ms
    track_jg.o(.text) refers to stm32f10x_gpio.o(.text) for GPIO_ReadInputDataBit
    track_jg.o(.text) refers to track.o(.text) for DMotor_Control_Par
    track_jg.o(.text) refers to delay.o(.text) for delay_ms
    track.o(.text) refers to getsensor.o(.text) for AnalogIn
    track.o(.text) refers to driver.o(.text) for DMotor
    track.o(.text) refers to compass.o(.text) for read_cmp
    track.o(.text) refers to track.o(.data) for back
    track.o(.text) refers to delay.o(.text) for delay_ms
    track.o(.text) refers to led.o(.text) for LED_ON
    track.o(.text) refers to beep.o(.text) for BEEP_ON
    track.o(.text) refers to supersharkv1.0.o(.text) for ADXL345
    arithmetic.o(.text) refers to track.o(.text) for DMotor_Control_Par
    arithmetic.o(.text) refers to delay.o(.text) for delay_ms
    arithmetic.o(.text) refers to beep.o(.text) for BEEP_ON
    arithmetic.o(.text) refers to getsensor.o(.text) for DigitalIn
    arithmetic.o(.text) refers to track.o(.data) for back
    stm32f10x_gpio.o(.text) refers to stm32f10x_rcc.o(.text) for RCC_APB2PeriphResetCmd
    stm32f10x_tim.o(.text) refers to stm32f10x_rcc.o(.text) for RCC_APB2PeriphResetCmd
    delay.o(.text) refers to delay.o(.data) for .data
    sys.o(.text) refers to sys.o(.emb_text) for WFI_SET
    supersharkv1.0.o(.text) refers to adxl345.o(.text) for ADXL345_Read_Average
    supersharkv1.0.o(.text) refers to fflt_clz.o(x$fpl$fflt) for __aeabi_i2f
    supersharkv1.0.o(.text) refers to lcd12864.o(.text) for PutString_cn
    supersharkv1.0.o(.text) refers to getsensor.o(.text) for DigitalIn
    supersharkv1.0.o(.text) refers to delay.o(.text) for delay_ms
    supersharkv1.0.o(.text) refers to supersharkv1.0.o(.data) for z
    supersharkv1.0.o(.text) refers to led.o(.text) for LED_OFF
    supersharkv1.0.o(.text) refers to stm32f10x_tim.o(.text) for TIM_SetCounter
    supersharkv1.0.o(.text) refers to compass.o(.text) for cal_on
    supersharkv1.0.o(.text) refers to sys.o(.text) for Stm32_Clock_Init
    supersharkv1.0.o(.text) refers to beep.o(.text) for BEEP_Init
    supersharkv1.0.o(.text) refers to key.o(.text) for Key_Init
    supersharkv1.0.o(.text) refers to remote.o(.text) for Remote_Init
    supersharkv1.0.o(.text) refers to driver.o(.text) for servo_Configuration
    supersharkv1.0.o(.text) refers to myiic.o(.text) for IIC_Init
    supersharkv1.0.o(.text) refers to timer.o(.text) for Timer2_init
    supersharkv1.0.o(.text) refers to exit.o(.text) for EXIT_Init
    supersharkv1.0.o(.text) refers to timer.o(.data) for lEncoderTotal
    lcd12864.o(.text) refers to delay.o(.text) for delay_ms
    lcd12864.o(.text) refers to lcd12864.o(.data) for X_Witch
    lcd12864.o(.text) refers to lcd12864.o(.constdata) for gImage_logo
    getsensor.o(.text) refers to stm32f10x_dma.o(.text) for DMA_DeInit
    getsensor.o(.text) refers to stm32f10x_adc.o(.text) for ADC_DeInit
    getsensor.o(.text) refers to stm32f10x_gpio.o(.text) for GPIO_Init
    getsensor.o(.text) refers to stm32f10x_rcc.o(.text) for RCC_APB2PeriphClockCmd
    getsensor.o(.text) refers to getsensor.o(.bss) for AD_Value
    remote.o(.text) refers to sys.o(.text) for Ex_NVIC_Config
    remote.o(.text) refers to delay.o(.text) for delay_us
    remote.o(.text) refers to remote.o(.data) for Remote_Odr
    driver.o(.text) refers to stm32f10x_rcc.o(.text) for RCC_APB1PeriphClockCmd
    driver.o(.text) refers to stm32f10x_tim.o(.text) for TIM_DeInit
    driver.o(.text) refers to stm32f10x_gpio.o(.text) for GPIO_PinRemapConfig
    timer.o(.text) refers to stm32f10x_rcc.o(.text) for RCC_APB1PeriphClockCmd
    timer.o(.text) refers to stm32f10x_tim.o(.text) for TIM_TimeBaseInit
    timer.o(.text) refers to stm32f10x_nvic.o(.text) for NVIC_Init
    timer.o(.text) refers to stm32f10x_gpio.o(.text) for GPIO_Init
    timer.o(.text) refers to timer.o(.data) for TIM2_num
    compass.o(.text) refers to delay.o(.text) for delay_us
    stm32f10x_rcc.o(.text) refers to stm32f10x_rcc.o(.constdata) for .constdata
[...]
    .ARM.Collect$$libinit$$0000000D          0x080001aa   Section        0  libinit2.o(.ARM.Collect$$libinit$$0000000D)
    .ARM.Collect$$libinit$$0000000F          0x080001aa   Section        0  libinit2.o(.ARM.Collect$$libinit$$0000000F)
    .ARM.Collect$$libinit$$00000011          0x080001aa   Section        0  libinit2.o(.ARM.Collect$$libinit$$00000011)
    .ARM.Collect$$libinit$$00000013          0x080001aa   Section        0  libinit2.o(.ARM.Collect$$libinit$$00000013)
    .ARM.Collect$$libinit$$00000015          0x080001aa   Section        0  libinit2.o(.ARM.Collect$$libinit$$00000015)
    .ARM.Collect$$libinit$$00000017          0x080001aa   Section        0  libinit2.o(.ARM.Collect$$libinit$$00000017)
    .ARM.Collect$$libinit$$00000019          0x080001aa   Section        0  libinit2.o(.ARM.Collect$$libinit$$00000019)
    .ARM.Collect$$libinit$$0000001B          0x080001aa   Section        0  libinit2.o(.ARM.Collect$$libinit$$0000001B)
    .ARM.Collect$$libinit$$0000001D          0x080001aa   Section        0  libinit2.o(.ARM.Collect$$libinit$$0000001D)
    .ARM.Collect$$libinit$$0000001F          0x080001aa   Section        0  libinit2.o(.ARM.Collect$$libinit$$0000001F)
    .ARM.Collect$$libinit$$00000021          0x080001aa   Section        0  libinit2.o(.ARM.Collect$$libinit$$00000021)
    .ARM.Collect$$libinit$$00000028          0x080001aa   Section        0  libinit2.o(.ARM.Collect$$libinit$$00000028)
    .ARM.Collect$$libinit$$0000002A          0x080001aa   Section        0  libinit2.o(.ARM.Collect$$libinit$$0000002A)
    .ARM.Collect$$libinit$$0000002C          0x080001aa   Section        0  libinit2.o(.ARM.Collect$$libinit$$0000002C)
    .ARM.Collect$$libinit$$0000002E          0x080001aa   Section        0  libinit2.o(.ARM.Collect$$libinit$$0000002E)
    .ARM.Collect$$libinit$$0000002F          0x080001aa   Section        2  libinit2.o(.ARM.Collect$$libinit$$0000002F)
    .ARM.Collect$$libshutdown$$00000000      0x080001ac   Section        2  libshutdown.o(.ARM.Collect$$libshutdown$$00000000)
    .ARM.Collect$$libshutdown$$00000003      0x080001ae   Section        0  libshutdown2.o(.ARM.Collect$$libshutdown$$00000003)
    .ARM.Collect$$libshutdown$$00000006      0x080001ae   Section        0  libshutdown2.o(.ARM.Collect$$libshutdown$$00000006)
    .ARM.Collect$$libshutdown$$00000009      0x080001ae   Section        0  libshutdown2.o(.ARM.Collect$$libshutdown$$00000009)
    .ARM.Collect$$libshutdown$$0000000B      0x080001ae   Section        0  libshutdown2.o(.ARM.Collect$$libshutdown$$0000000B)
    .ARM.Collect$$libshutdown$$0000000E      0x080001ae   Section        0  libshutdown2.o(.ARM.Collect$$libshutdown$$0000000E)
    .ARM.Collect$$libshutdown$$0000000F      0x080001ae   Section        2  libshutdown2.o(.ARM.Collect$$libshutdown$$0000000F)
    .ARM.Collect$$rtentry$$00000000          0x080001b0   Section        0  rtentry.o(.ARM.Collect$$rtentry$$00000000)
    .ARM.Collect$$rtentry$$00000002          0x080001b0   Section        0  rtentry2.o(.ARM.Collect$$rtentry$$00000002)
    .ARM.Collect$$rtentry$$00000004          0x080001b0   Section        6  rtentry4.o(.ARM.Collect$$rtentry$$00000004)
    .ARM.Collect$$rtentry$$00000009          0x080001b6   Section        0  rtentry2.o(.ARM.Collect$$rtentry$$00000009)
    .ARM.Collect$$rtentry$$0000000A          0x080001b6   Section        4  rtentry2.o(.ARM.Collect$$rtentry$$0000000A)
    .ARM.Collect$$rtentry$$0000000C          0x080001ba   Section        0  rtentry2.o(.ARM.Collect$$rtentry$$0000000C)
    .ARM.Collect$$rtentry$$0000000D          0x080001ba   Section        8  rtentry2.o(.ARM.Collect$$rtentry$$0000000D)
    .ARM.Collect$$rtexit$$00000000           0x080001c2   Section        2  rtexit.o(.ARM.Collect$$rtexit$$00000000)
    .ARM.Collect$$rtexit$$00000002           0x080001c4   Section        0  rtexit2.o(.ARM.Collect$$rtexit$$00000002)
    .ARM.Collect$$rtexit$$00000003           0x080001c4   Section        4  rtexit2.o(.ARM.Collect$$rtexit$$00000003)
    .ARM.Collect$$rtexit$$00000004           0x080001c8   Section        6  rtexit2.o(.ARM.Collect$$rtexit$$00000004)
    .emb_text                                0x080001d0   Section        2  sys.o(.emb_text)
    .text                                    0x080001d4   Section        0  stm32f10x_it.o(.text)
    .text                                    0x080003e0   Section        0  main.o(.text)
    .text                                    0x0800054c   Section        0  track.o(.text)
    .text                                    0x080023ac   Section        0  stm32f10x_gpio.o(.text)
    .text                                    0x080026c8   Section        0  stm32f10x_tim.o(.text)
    TI4_Config                               0x080029cb   Thumb Code    66  stm32f10x_tim.o(.text)
    TI3_Config                               0x08002a1f   Thumb Code    60  stm32f10x_tim.o(.text)
    TI2_Config                               0x08002a71   Thumb Code    80  stm32f10x_tim.o(.text)
    TI1_Config                               0x08002ad3   Thumb Code    50  stm32f10x_tim.o(.text)
    .text                                    0x080031e4   Section        0  delay.o(.text)
    .text                                    0x08003280   Section      740  sys.o(.text)
    .text                                    0x08003564   Section        0  led.o(.text)
    .text                                    0x080035ac   Section        0  supersharkv1.0.o(.text)
    .text                                    0x080042a4   Section        0  beep.o(.text)
    .text                                    0x080042ec   Section        0  lcd12864.o(.text)
    .text                                    0x0800471c   Section        0  getsensor.o(.text)
    .text                                    0x08004ee8   Section        0  key.o(.text)
    .text                                    0x08004f7c   Section        0  remote.o(.text)
    .text                                    0x08005034   Section        0  driver.o(.text)
    .text                                    0x080053c8   Section        0  timer.o(.text)
    .text                                    0x080054e0   Section        0  compass.o(.text)
    .text                                    0x08005780   Section        0  stm32f10x_rcc.o(.text)
    .text                                    0x08005b0c   Section        0  stm32f10x_adc.o(.text)
    .text                                    0x08005f30   Section        0  stm32f10x_dma.o(.text)
    .text                                    0x08006180   Section        0  stm32f10x_nvic.o(.text)
    .text                                    0x0800656c   Section        0  myiic.o(.text)
    .text                                    0x08006808   Section        0  exit.o(.text)
    .text                                    0x08006898   Section        0  adxl345.o(.text)
    .text                                    0x08006d4c   Section      122  cortexm3_macro.o(.text)
    .text                                    0x08006dc6   Section        0  _rserrno.o(.text)
    .text                                    0x08006ddc   Section       12  rt_errno_addr_intlibspace.o(.text)
    .text                                    0x08006de8   Section        8  libspace.o(.text)
    .text                                    0x08006df0   Section       74  sys_stackheap_outer.o(.text)
    .text                                    0x08006e3a   Section        0  exit.o(.text)
    .text                                    0x08006e48   Section       36  stm32f10x_vector.o(.text)
    .text                                    0x08006e6c   Section       12  rt_fp_status_addr_intlibspace.o(.text)
    .text                                    0x08006e78   Section        0  heapauxi.o(.text)
    i.__ARM_fpclassify                       0x08006e7e   Section        0  fpclassify.o(i.__ARM_fpclassify)
    i.__kernel_poly                          0x08006ea6   Section        0  poly.o(i.__kernel_poly)
    i.__mathlib_dbl_underflow                0x08006f50   Section        0  dunder.o(i.__mathlib_dbl_underflow)
    i.atan                                   0x08006f60   Section        0  atan.o(i.atan)
    i.sqrt                                   0x08007184   Section        0  sqrt.o(i.sqrt)
    x$fpl$d2f                                0x080071d0   Section       98  d2f.o(x$fpl$d2f)
    x$fpl$dadd                               0x08007234   Section      332  daddsub_clz.o(x$fpl$dadd)
    _dadd1                                   0x08007245   Thumb Code     0  daddsub_clz.o(x$fpl$dadd)
    x$fpl$dcheck1                            0x08007380   Section       16  dcheck1.o(x$fpl$dcheck1)
    x$fpl$ddiv                               0x08007390   Section      688  ddiv.o(x$fpl$ddiv)
    ddiv_entry                               0x08007397   Thumb Code     0  ddiv.o(x$fpl$ddiv)
    x$fpl$dfix                               0x08007640   Section       94  dfix.o(x$fpl$dfix)
    x$fpl$dmul                               0x080076a0   Section      340  dmul.o(x$fpl$dmul)
    x$fpl$dnaninf                            0x080077f4   Section      156  dnaninf.o(x$fpl$dnaninf)
    x$fpl$dretinf                            0x08007890   Section       12  dretinf.o(x$fpl$dretinf)
    x$fpl$drsb                               0x0800789c   Section       22  daddsub_clz.o(x$fpl$drsb)
    x$fpl$dsqrt                              0x080078b4   Section      460  dsqrt_noumaal.o(x$fpl$dsqrt)
    x$fpl$dsub                               0x08007a80   Section      468  daddsub_clz.o(x$fpl$dsub)
    _dsub1                                   0x08007a91   Thumb Code     0  daddsub_clz.o(x$fpl$dsub)
    x$fpl$f2d                                0x08007c54   Section       86  f2d.o(x$fpl$f2d)
    x$fpl$fadd                               0x08007cac   Section      196  faddsub_clz.o(x$fpl$fadd)
    _fadd1                                   0x08007cbb   Thumb Code     0  faddsub_clz.o(x$fpl$fadd)
    x$fpl$fflt                               0x08007d70   Section       48  fflt_clz.o(x$fpl$fflt)
    x$fpl$fmul                               0x08007da0   Section      258  fmul.o(x$fpl$fmul)
    x$fpl$fnaninf                            0x08007ea2   Section      140  fnaninf.o(x$fpl$fnaninf)
    x$fpl$fpinit                             0x08007f2e   Section       14  fpinit.o(x$fpl$fpinit)
    x$fpl$fretinf                            0x08007f3c   Section       10  fretinf.o(x$fpl$fretinf)
    x$fpl$fsub                               0x08007f48   Section      234  faddsub_clz.o(x$fpl$fsub)
    _fsub1                                   0x08007f57   Thumb Code     0  faddsub_clz.o(x$fpl$fsub)
    x$fpl$retnan                             0x08008032   Section      100  retnan.o(x$fpl$retnan)
    x$fpl$scalbn                             0x08008096   Section       96  scalbn.o(x$fpl$scalbn)
    x$fpl$trapveneer                         0x080080f6   Section       48  trapv.o(x$fpl$trapveneer)
    .constdata                               0x08008126   Section      576  lcd12864.o(.constdata)
    x$fpl$usenofp                            0x08008126   Section        0  usenofp.o(x$fpl$usenofp)
    .constdata                               0x08008366   Section       20  stm32f10x_rcc.o(.constdata)
    APBAHBPrescTable                         0x08008366   Data          16  stm32f10x_rcc.o(.constdata)
    ADCPrescTable                            0x08008376   Data           4  stm32f10x_rcc.o(.constdata)
    .constdata                               0x08008380   Section      152  atan.o(.constdata)
    atanhi                                   0x08008380   Data          32  atan.o(.constdata)
    atanlo                                   0x080083a0   Data          32  atan.o(.constdata)
    aTodd                                    0x080083c0   Data          40  atan.o(.constdata)
    aTeven                                   0x080083e8   Data          48  atan.o(.constdata)
    .data                                    0x20000000   Section        1  track.o(.data)
    .data                                    0x20000002   Section        4  delay.o(.data)
    fac_us                                   0x20000002   Data           1  delay.o(.data)
    fac_ms                                   0x20000004   Data           2  delay.o(.data)
    .data                                    0x20000006   Section       12  supersharkv1.0.o(.data)
    .data                                    0x20000012   Section        5  lcd12864.o(.data)
    .data                                    0x20000018   Section        6  remote.o(.data)
    .data                                    0x20000020   Section       16  timer.o(.data)
    .bss                                     0x20000030   Section      132  getsensor.o(.bss)
    .bss                                     0x200000b4   Section       96  libspace.o(.bss)
    HEAP                                     0x20000118   Section     1024  stm32f10x_vector.o(HEAP)
    Heap_Mem                                 0x20000118   Data        1024  stm32f10x_vector.o(HEAP)
    STACK                                    0x20000518   Section     1024  stm32f10x_vector.o(STACK)
    Stack_Mem                                0x20000518   Data        1024  stm32f10x_vector.o(STACK)
    __initial_sp                             0x20000918   Data           0  stm32f10x_vector.o(STACK)

    Global Symbols

    Symbol Name                              Value     Ov Type        Size  Object(Section)

    BuildAttributes$$THM_ISAv4$P$D$K$B$S$PE$A:L22UL41UL21$X:L11$S22US41US21$IEEE1$IW$USESV6$~STKCKD$USESV7$~SHL$OTIME$ROPI$IEEEX$EBA8$UX$STANDARDLIB$REQ8$PRES8$EABIv2 0x00000000   Number         0  anon$$obj.o ABSOLUTE
    __ARM_use_no_argv                        0x00000000   Number         0  main.o ABSOLUTE
    __ARM_exceptions_init                     - Undefined Weak Reference
    __alloca_initialize                       - Undefined Weak Reference
    __cpp_initialize__aeabi_                  - Undefined Weak Reference
    __cxa_finalize                            - Undefined Weak Reference
    __fpl_infinity                            - Undefined Weak Reference
    __rt_locale                               - Undefined Weak Reference
    __sigvec_lookup                           - Undefined Weak Reference
    _atexit_init                              - Undefined Weak Reference
    _call_atexit_fns                          - Undefined Weak Reference
    _clock_init                               - Undefined Weak Reference
    _fp_trap_init                             - Undefined Weak Reference
    _fp_trap_shutdown                         - Undefined Weak Reference
    _get_lc_collate                           - Undefined Weak Reference
    _get_lc_ctype                             - Undefined Weak Reference
    _get_lc_monetary                          - Undefined Weak Reference
    _get_lc_numeric                           - Undefined Weak Reference
    _get_lc_time                              - Undefined Weak Reference
    _getenv_init                              - Undefined Weak Reference
    _handle_redirection                       - Undefined Weak Reference
    _init_alloc                               - Undefined Weak Reference
    _init_user_alloc                          - Undefined Weak Reference
    _initio                                   - Undefined Weak Reference
    _rand_init                                - Undefined Weak Reference
    _signal_finish                            - Undefined Weak Reference
    _signal_init                              - Undefined Weak Reference
    _terminate_alloc                          - Undefined Weak Reference
    _terminate_user_alloc                     - Undefined Weak Reference
    _terminateio                              - Undefined Weak Reference
    __Vectors                                0x08000000   Data           4  stm32f10x_vector.o(RESET)
    __main                                   0x08000131   Thumb Code     8  __main.o(!!!main)
    __scatterload                            0x08000139   Thumb Code     0  __scatter.o(!!!scatter)
    __scatterload_rt2                        0x08000139   Thumb Code    44  __scatter.o(!!!scatter)
    __scatterload_rt2_thumb_only             0x08000139   Thumb Code     0  __scatter.o(!!!scatter)
    __scatterload_null                       0x08000147   Thumb Code     0  __scatter.o(!!!scatter)
    __scatterload_copy                       0x0800016d   Thumb Code    26  __scatter_copy.o(!!handler_copy)
    __scatterload_zeroinit                   0x08000189   Thumb Code    28  __scatter_zi.o(!!handler_zi)
    __rt_lib_init                            0x080001a5   Thumb Code     0  libinit.o(.ARM.Collect$$libinit$$00000000)
    __rt_lib_init_alloca_1                   0x080001ab   Thumb Code     0  libinit2.o(.ARM.Collect$$libinit$$0000002A)
    __rt_lib_init_argv_1                     0x080001ab   Thumb Code     0  libinit2.o(.ARM.Collect$$libinit$$00000028)
    __rt_lib_init_atexit_1                   0x080001ab   Thumb Code     0  libinit2.o(.ARM.Collect$$libinit$$00000017)
    __rt_lib_init_clock_1                    0x080001ab   Thumb Code     0  libinit2.o(.ARM.Collect$$libinit$$0000001D)
    __rt_lib_init_cpp_1                      0x080001ab   Thumb Code     0  libinit2.o(.ARM.Collect$$libinit$$0000002E)
    __rt_lib_init_exceptions_1               0x080001ab   Thumb Code     0  libinit2.o(.ARM.Collect$$libinit$$0000002C)
    __rt_lib_init_fp_trap_1                  0x080001ab   Thumb Code     0  libinit2.o(.ARM.Collect$$libinit$$0000001B)
    __rt_lib_init_getenv_1                   0x080001ab   Thumb Code     0  libinit2.o(.ARM.Collect$$libinit$$0000001F)
    __rt_lib_init_heap_1                     0x080001ab   Thumb Code     0  libinit2.o(.ARM.Collect$$libinit$$00000006)
    __rt_lib_init_lc_collate_1               0x080001ab   Thumb Code     0  libinit2.o(.ARM.Collect$$libinit$$0000000D)
    __rt_lib_init_lc_ctype_1                 0x080001ab   Thumb Code     0  libinit2.o(.ARM.Collect$$libinit$$0000000F)
    __rt_lib_init_lc_monetary_1              0x080001ab   Thumb Code     0  libinit2.o(.ARM.Collect$$libinit$$00000011)
    __rt_lib_init_lc_numeric_1               0x080001ab   Thumb Code     0  libinit2.o(.ARM.Collect$$libinit$$00000013)
    __rt_lib_init_lc_time_1                  0x080001ab   Thumb Code     0  libinit2.o(.ARM.Collect$$libinit$$00000015)
    __rt_lib_init_rand_1                     0x080001ab   Thumb Code     0  libinit2.o(.ARM.Collect$$libinit$$0000000A)
    __rt_lib_init_return                     0x080001ab   Thumb Code     0  libinit2.o(.ARM.Collect$$libinit$$0000002F)
    __rt_lib_init_signal_1                   0x080001ab   Thumb Code     0  libinit2.o(.ARM.Collect$$libinit$$00000019)
    __rt_lib_init_stdio_1                    0x080001ab   Thumb Code     0  libinit2.o(.ARM.Collect$$libinit$$00000021)
    __rt_lib_init_user_alloc_1               0x080001ab   Thumb Code     0  libinit2.o(.ARM.Collect$$libinit$$00000008)
    __rt_lib_shutdown                        0x080001ad   Thumb Code     0  libshutdown.o(.ARM.Collect$$libshutdown$$00000000)
    __rt_lib_shutdown_fp_trap_1              0x080001af   Thumb Code     0  libshutdown2.o(.ARM.Collect$$libshutdown$$00000006)
    __rt_lib_shutdown_heap_1                 0x080001af   Thumb Code     0  libshutdown2.o(.ARM.Collect$$libshutdown$$0000000E)
    __rt_lib_shutdown_return                 0x080001af   Thumb Code     0  libshutdown2.o(.ARM.Collect$$libshutdown$$0000000F)
    __rt_lib_shutdown_signal_1               0x080001af   Thumb Code     0  libshutdown2.o(.ARM.Collect$$libshutdown$$00000009)
    __rt_lib_shutdown_stdio_1                0x080001af   Thumb Code     0  libshutdown2.o(.ARM.Collect$$libshutdown$$00000003)
    __rt_lib_shutdown_user_alloc_1           0x080001af   Thumb Code     0  libshutdown2.o(.ARM.Collect$$libshutdown$$0000000B)
    __rt_entry                               0x080001b1   Thumb Code     0  rtentry.o(.ARM.Collect$$rtentry$$00000000)
    __rt_entry_presh_1                       0x080001b1   Thumb Code     0  rtentry2.o(.ARM.Collect$$rtentry$$00000002)
    __rt_entry_sh                            0x080001b1   Thumb Code     0  rtentry4.o(.ARM.Collect$$rtentry$$00000004)
    __rt_entry_li                            0x080001b7   Thumb Code     0  rtentry2.o(.ARM.Collect$$rtentry$$0000000A)
    __rt_entry_postsh_1                      0x080001b7   Thumb Code     0  rtentry2.o(.ARM.Collect$$rtentry$$00000009)
    __rt_entry_main                          0x080001bb   Thumb Code     0  rtentry2.o(.ARM.Collect$$rtentry$$0000000D)
    __rt_entry_postli_1                      0x080001bb   Thumb Code     0  rtentry2.o(.ARM.Collect$$rtentry$$0000000C)
    __rt_exit                                0x080001c3   Thumb Code     0  rtexit.o(.ARM.Collect$$rtexit$$00000000)
    __rt_exit_ls                             0x080001c5   Thumb Code     0  rtexit2.o(.ARM.Collect$$rtexit$$00000003)
    __rt_exit_prels_1                        0x080001c5   Thumb Code     0  rtexit2.o(.ARM.Collect$$rtexit$$00000002)
    __rt_exit_exit                           0x080001c9   Thumb Code     0  rtexit2.o(.ARM.Collect$$rtexit$$00000004)
    WFI_SET                                  0x080001d1   Thumb Code     2  sys.o(.emb_text)
    NMIException                             0x080001d5   Thumb Code     2  stm32f10x_it.o(.text)
    HardFaultException                       0x080001d7   Thumb Code     4  stm32f10x_it.o(.text)
    MemManageException                       0x080001db   Thumb Code     4  stm32f10x_it.o(.text)
    BusFaultException                        0x080001df   Thumb Code     4  stm32f10x_it.o(.text)
    UsageFaultException                      0x080001e3   Thumb Code     4  stm32f10x_it.o(.text)
    DebugMonitor                             0x080001e7   Thumb Code     2  stm32f10x_it.o(.text)
    SVCHandler                               0x080001e9   Thumb Code     2  stm32f10x_it.o(.text)
    PendSVC                                  0x080001eb   Thumb Code     2  stm32f10x_it.o(.text)
    SysTickHandler                           0x080001ed   Thumb Code     2  stm32f10x_it.o(.text)
    WWDG_IRQHandler                          0x080001ef   Thumb Code     2  stm32f10x_it.o(.text)
    PVD_IRQHandler                           0x080001f1   Thumb Code     2  stm32f10x_it.o(.text)
    TAMPER_IRQHandler                        0x080001f3   Thumb Code     2  stm32f10x_it.o(.text)
    RTC_IRQHandler                           0x080001f5   Thumb Code     2  stm32f10x_it.o(.text)
    FLASH_IRQHandler                         0x080001f7   Thumb Code     2  stm32f10x_it.o(.text)
    RCC_IRQHandler                           0x080001f9   Thumb Code     2  stm32f10x_it.o(.text)
    EXTI0_IRQHandler                         0x080001fb   Thumb Code     2  stm32f10x_it.o(.text)
    EXTI1_IRQHandler                         0x080001fd   Thumb Code     2  stm32f10x_it.o(.text)
    EXTI2_IRQHandler                         0x080001ff   Thumb Code     2  stm32f10x_it.o(.text)
    EXTI3_IRQHandler                         0x08000201   Thumb Code     2  stm32f10x_it.o(.text)
    EXTI4_IRQHandler                         0x08000203   Thumb Code   250  stm32f10x_it.o(.text)
    DMA1_Channel1_IRQHandler                 0x080002fd   Thumb Code     2  stm32f10x_it.o(.text)
    DMA1_Channel2_IRQHandler                 0x080002ff   Thumb Code     2  stm32f10x_it.o(.text)
    DMA1_Channel3_IRQHandler                 0x08000301   Thumb Code     2  stm32f10x_it.o(.text)
    DMA1_Channel4_IRQHandler                 0x08000303   Thumb Code     2  stm32f10x_it.o(.text)
    DMA1_Channel5_IRQHandler                 0x08000305   Thumb Code     2  stm32f10x_it.o(.text)
    DMA1_Channel6_IRQHandler                 0x08000307   Thumb Code     2  stm32f10x_it.o(.text)
    DMA1_Channel7_IRQHandler                 0x08000309   Thumb Code     2  stm32f10x_it.o(.text)
    ADC1_2_IRQHandler                        0x0800030b   Thumb Code     2  stm32f10x_it.o(.text)
    USB_HP_CAN_TX_IRQHandler                 0x0800030d   Thumb Code     2  stm32f10x_it.o(.text)
    USB_LP_CAN_RX0_IRQHandler                0x0800030f   Thumb Code     2  stm32f10x_it.o(.text)
    CAN_RX1_IRQHandler                       0x08000311   Thumb Code     2  stm32f10x_it.o(.text)
    CAN_SCE_IRQHandler                       0x08000313   Thumb Code     2  stm32f10x_it.o(.text)
    EXTI9_5_IRQHandler                       0x08000315   Thumb Code     2  stm32f10x_it.o(.text)
    TIM1_BRK_IRQHandler                      0x08000317   Thumb Code     2  stm32f10x_it.o(.text)
    TIM1_UP_IRQHandler                       0x08000319   Thumb Code     2  stm32f10x_it.o(.text)
    TIM1_TRG_COM_IRQHandler                  0x0800031b   Thumb Code     2  stm32f10x_it.o(.text)
    TIM1_CC_IRQHandler                       0x0800031d   Thumb Code     2  stm32f10x_it.o(.text)
    TIM2_IRQHandler                          0x0800031f   Thumb Code    92  stm32f10x_it.o(.text)
    TIM3_IRQHandler                          0x0800037b   Thumb Code     2  stm32f10x_it.o(.text)
    TIM4_IRQHandler                          0x0800037d   Thumb Code     2  stm32f10x_it.o(.text)
    I2C1_EV_IRQHandler                       0x0800037f   Thumb Code     2  stm32f10x_it.o(.text)
    I2C1_ER_IRQHandler                       0x08000381   Thumb Code     2  stm32f10x_it.o(.text)
    I2C2_EV_IRQHandler                       0x08000383   Thumb Code     2  stm32f10x_it.o(.text)
    I2C2_ER_IRQHandler                       0x08000385   Thumb Code     2  stm32f10x_it.o(.text)
    SPI1_IRQHandler                          0x08000387   Thumb Code     2  stm32f10x_it.o(.text)
    SPI2_IRQHandler                          0x08000389   Thumb Code     2  stm32f10x_it.o(.text)
    USART1_IRQHandler                        0x0800038b   Thumb Code     2  stm32f10x_it.o(.text)
    USART2_IRQHandler                        0x0800038d   Thumb Code     2  stm32f10x_it.o(.text)
    USART3_IRQHandler                        0x0800038f   Thumb Code     2  stm32f10x_it.o(.text)
    EXTI15_10_IRQHandler                     0x08000391   Thumb Code     2  stm32f10x_it.o(.text)
    RTCAlarm_IRQHandler                      0x08000393   Thumb Code     2  stm32f10x_it.o(.text)
    USBWakeUp_IRQHandler                     0x08000395   Thumb Code     2  stm32f10x_it.o(.text)
    TIM8_BRK_IRQHandler                      0x08000397   Thumb Code     2  stm32f10x_it.o(.text)
    TIM8_UP_IRQHandler                       0x08000399   Thumb Code     2  stm32f10x_it.o(.text)
    TIM8_TRG_COM_IRQHandler                  0x0800039b   Thumb Code     2  stm32f10x_it.o(.text)
    TIM8_CC_IRQHandler                       0x0800039d   Thumb Code     2  stm32f10x_it.o(.text)
    ADC3_IRQHandler                          0x0800039f   Thumb Code     2  stm32f10x_it.o(.text)
    FSMC_IRQHandler                          0x080003a1   Thumb Code     2  stm32f10x_it.o(.text)
    SDIO_IRQHandler                          0x080003a3   Thumb Code     2  stm32f10x_it.o(.text)
    TIM5_IRQHandler                          0x080003a5   Thumb Code     2  stm32f10x_it.o(.text)
    SPI3_IRQHandler                          0x080003a7   Thumb Code     2  stm32f10x_it.o(.text)
    UART4_IRQHandler                         0x080003a9   Thumb Code     2  stm32f10x_it.o(.text)
    UART5_IRQHandler                         0x080003ab   Thumb Code     2  stm32f10x_it.o(.text)
    TIM6_IRQHandler                          0x080003ad   Thumb Code     2  stm32f10x_it.o(.text)
    TIM7_IRQHandler                          0x080003af   Thumb Code     2  stm32f10x_it.o(.text)
    DMA2_Channel1_IRQHandler                 0x080003b1   Thumb Code     2  stm32f10x_it.o(.text)
    DMA2_Channel2_IRQHandler                 0x080003b3   Thumb Code     2  stm32f10x_it.o(.text)
    DMA2_Channel3_IRQHandler                 0x080003b5   Thumb Code     2  stm32f10x_it.o(.text)
    DMA2_Channel4_5_IRQHandler               0x080003b7   Thumb Code     2  stm32f10x_it.o(.text)
    main                                     0x080003e1   Thumb Code   328  main.o(.text)
    An_to_Di                                 0x0800054d   Thumb Code    44  track.o(.text)
    DMotor_Control                           0x08000579   Thumb Code    56  track.o(.text)
    DMotor_Control_Par                       0x080005b1   Thumb Code    36  track.o(.text)
    Track_steep_line                         0x080005d5   Thumb Code   148  track.o(.text)
    Track_steep_Moderato                     0x08000669   Thumb Code   198  track.o(.text)
    Track_steep_low                          0x0800072f   Thumb Code   200  track.o(.text)
    Track_steep_turn                         0x080007f7   Thumb Code   222  track.o(.text)
    Track_steep_turn_Moderato                0x080008d5   Thumb Code   658  track.o(.text)
    Track_steep_turn_low                     0x08000b67   Thumb Code   162  track.o(.text)
    Track_steep_cmp                          0x08000c09   Thumb Code   290  track.o(.text)
    Track_steep_Moderato_low                 0x08000d2b   Thumb Code   198  track.o(.text)
    Track_steep_turn_Moderato_low            0x08000df1   Thumb Code   220  track.o(.text)
    Track_steep_WavyLine                     0x08000ecd   Thumb Code   440  track.o(.text)
    Track_round                              0x08001085   Thumb Code   378  track.o(.text)
    Track_straight_line                      0x080011ff   Thumb Code    60  track.o(.text)
    Track_wheel_left                         0x0800123b   Thumb Code   332  track.o(.text)
    Track_wheel_left180                      0x08001387   Thumb Code    26  track.o(.text)
    Track_wheel_right                        0x080013a1   Thumb Code   570  track.o(.text)
    my_intersection                          0x080015db   Thumb Code   440  track.o(.text)
    mid_stop                                 0x08001793   Thumb Code   604  track.o(.text)
    Track_crash_ward                         0x080019ef   Thumb Code   114  track.o(.text)
    Track_cmp_ward                           0x08001a61   Thumb Code    56  track.o(.text)
    Track_JudgeBarrier_Place                 0x08001a99   Thumb Code   356  track.o(.text)
    Track_GapBridge                          0x08001bfd   Thumb Code   256  track.o(.text)
    Fork_road_intersection                   0x08001cfd   Thumb Code   502  track.o(.text)
    Track_Speaicl_BridgeZM_to                0x08001ef3   Thumb Code   320  track.o(.text)
    Track_Taiping_To                         0x08002033   Thumb Code   144  track.o(.text)
    Track_Doorsill_Turn                      0x080020c3   Thumb Code   140  track.o(.text)
    Track_Doorsill_line                      0x0800214f   Thumb Code   100  track.o(.text)
    Track_Doorsill_WavyLine                  0x080021b3   Thumb Code   102  track.o(.text)
    Track_Qomolangma_To                      0x08002219   Thumb Code   306  track.o(.text)
    Track_Triaxial_Uphill                    0x0800234b   Thumb Code    96  track.o(.text)
    GPIO_DeInit                              0x080023ad   Thumb Code   188  stm32f10x_gpio.o(.text)
    GPIO_AFIODeInit                          0x08002469   Thumb Code    20  stm32f10x_gpio.o(.text)
    GPIO_Init                                0x0800247d   Thumb Code   268  stm32f10x_gpio.o(.text)
    GPIO_StructInit                          0x08002589   Thumb Code    16  stm32f10x_gpio.o(.text)
    GPIO_ReadInputDataBit                    0x08002599   Thumb Code    18  stm32f10x_gpio.o(.text)
    GPIO_ReadInputData                       0x080025ab   Thumb Code     8  stm32f10x_gpio.o(.text)
    GPIO_ReadOutputDataBit                   0x080025b3   Thumb Code    18  stm32f10x_gpio.o(.text)
    GPIO_ReadOutputData                      0x080025c5   Thumb Code     8  stm32f10x_gpio.o(.text)
    GPIO_SetBits                             0x080025cd   Thumb Code     4  stm32f10x_gpio.o(.text)
    GPIO_ResetBits                           0x080025d1   Thumb Code     4  stm32f10x_gpio.o(.text)
    GPIO_WriteBit                            0x080025d5   Thumb Code    10  stm32f10x_gpio.o(.text)
    GPIO_Write                               0x080025df   Thumb Code     4  stm32f10x_gpio.o(.text)
    GPIO_PinLockConfig                       0x080025e3   Thumb Code    18  stm32f10x_gpio.o(.text)
    GPIO_EventOutputConfig                   0x080025f5   Thumb Code    24  stm32f10x_gpio.o(.text)
    GPIO_EventOutputCmd                      0x0800260d   Thumb Code     6  stm32f10x_gpio.o(.text)
    GPIO_PinRemapConfig                      0x08002613   Thumb Code   104  stm32f10x_gpio.o(.text)
    GPIO_EXTILineConfig                      0x0800267b   Thumb Code    60  stm32f10x_gpio.o(.text)
    TIM_DeInit                               0x080026c9   Thumb Code   214  stm32f10x_tim.o(.text)
    TIM_TimeBaseInit                         0x0800279f   Thumb Code    50  stm32f10x_tim.o(.text)
    TIM_OC1Init                              0x080027d1   Thumb Code   110  stm32f10x_tim.o(.text)
    TIM_OC2Init                              0x0800283f   Thumb Code   140  stm32f10x_tim.o(.text)
    TIM_OC3Init                              0x080028cb   Thumb Code   136  stm32f10x_tim.o(.text)
    TIM_OC4Init                              0x08002953   Thumb Code    98  stm32f10x_tim.o(.text)
    TIM_SetIC4Prescaler                      0x080029b5   Thumb Code    22  stm32f10x_tim.o(.text)
    TIM_SetIC3Prescaler                      0x08002a0d   Thumb Code    18  stm32f10x_tim.o(.text)
    TIM_SetIC2Prescaler                      0x08002a5b   Thumb Code    22  stm32f10x_tim.o(.text)
    TIM_SetIC1Prescaler                      0x08002ac1   Thumb Code    18  stm32f10x_tim.o(.text)
    TIM_ICInit                               0x08002b05   Thumb Code   110  stm32f10x_tim.o(.text)
    TIM_PWMIConfig                           0x08002b73   Thumb Code   124  stm32f10x_tim.o(.text)
    TIM_BDTRConfig                           0x08002bef   Thumb Code    32  stm32f10x_tim.o(.text)
    TIM_TimeBaseStructInit                   0x08002c0f   Thumb Code    18  stm32f10x_tim.o(.text)
    TIM_OCStructInit                         0x08002c21   Thumb Code    20  stm32f10x_tim.o(.text)
    TIM_ICStructInit                         0x08002c35   Thumb Code    18  stm32f10x_tim.o(.text)
    TIM_BDTRStructInit                       0x08002c47   Thumb Code    18  stm32f10x_tim.o(.text)
    TIM_Cmd                                  0x08002c59   Thumb Code    24  stm32f10x_tim.o(.text)
    TIM_CtrlPWMOutputs                       0x08002c71   Thumb Code    30  stm32f10x_tim.o(.text)
    TIM_ITConfig                             0x08002c8f   Thumb Code    24  stm32f10x_tim.o(.text)
    TIM_GenerateEvent                        0x08002ca7   Thumb Code     4  stm32f10x_tim.o(.text)
    TIM_DMAConfig                            0x08002cab   Thumb Code    10  stm32f10x_tim.o(.text)
    TIM_DMACmd                               0x08002cb5   Thumb Code    24  stm32f10x_tim.o(.text)
    TIM_InternalClockConfig                  0x08002ccd   Thumb Code    12  stm32f10x_tim.o(.text)
    TIM_SelectInputTrigger                   0x08002cd9   Thumb Code    16  stm32f10x_tim.o(.text)
    TIM_ITRxExternalClockConfig              0x08002ce9   Thumb Code    24  stm32f10x_tim.o(.text)
    TIM_TIxExternalClockConfig               0x08002d01   Thumb Code    62  stm32f10x_tim.o(.text)
    TIM_ETRConfig                            0x08002d3f   Thumb Code    24  stm32f10x_tim.o(.text)
    TIM_ETRClockMode1Config                  0x08002d57   Thumb Code    54  stm32f10x_tim.o(.text)
    TIM_ETRClockMode2Config                  0x08002d8d   Thumb Code    32  stm32f10x_tim.o(.text)
    TIM_PrescalerConfig                      0x08002dad   Thumb Code     6  stm32f10x_tim.o(.text)
    TIM_CounterModeConfig                    0x08002db3   Thumb Code    16  stm32f10x_tim.o(.text)
    TIM_EncoderInterfaceConfig               0x08002dc3   Thumb Code    56  stm32f10x_tim.o(.text)
    TIM_ForcedOC1Config                      0x08002dfb   Thumb Code    16  stm32f10x_tim.o(.text)
    TIM_ForcedOC2Config                      0x08002e0b   Thumb Code    20  stm32f10x_tim.o(.text)
    TIM_ForcedOC3Config                      0x08002e1f   Thumb Code    16  stm32f10x_tim.o(.text)
    TIM_ForcedOC4Config                      0x08002e2f   Thumb Code    20  stm32f10x_tim.o(.text)
    TIM_ARRPreloadConfig                     0x08002e43   Thumb Code    24  stm32f10x_tim.o(.text)
    TIM_SelectCOM                            0x08002e5b   Thumb Code    24  stm32f10x_tim.o(.text)
    TIM_SelectCCDMA                          0x08002e73   Thumb Code    24  stm32f10x_tim.o(.text)
    TIM_CCPreloadControl                     0x08002e8b   Thumb Code    24  stm32f10x_tim.o(.text)
    TIM_OC1PreloadConfig                     0x08002ea3   Thumb Code    16  stm32f10x_tim.o(.text)
    TIM_OC2PreloadConfig                     0x08002eb3   Thumb Code    20  stm32f10x_tim.o(.text)
    TIM_OC3PreloadConfig                     0x08002ec7   Thumb Code    16  stm32f10x_tim.o(.text)
    TIM_OC4PreloadConfig                     0x08002ed7   Thumb Code    20  stm32f10x_tim.o(.text)
    TIM_OC1FastConfig                        0x08002eeb   Thumb Code    16  stm32f10x_tim.o(.text)
    TIM_OC2FastConfig                        0x08002efb   Thumb Code    20  stm32f10x_tim.o(.text)
    TIM_OC3FastConfig                        0x08002f0f   Thumb Code    16  stm32f10x_tim.o(.text)
    TIM_OC4FastConfig                        0x08002f1f   Thumb Code    20  stm32f10x_tim.o(.text)
    TIM_ClearOC1Ref                          0x08002f33   Thumb Code    16  stm32f10x_tim.o(.text)
    TIM_ClearOC2Ref                          0x08002f43   Thumb Code    18  stm32f10x_tim.o(.text)
    TIM_ClearOC3Ref                          0x08002f55   Thumb Code    16  stm32f10x_tim.o(.text)
    TIM_ClearOC4Ref                          0x08002f65   Thumb Code    18  stm32f10x_tim.o(.text)
    TIM_OC1PolarityConfig                    0x08002f77   Thumb Code    16  stm32f10x_tim.o(.text)
    TIM_OC1NPolarityConfig                   0x08002f87   Thumb Code    16  stm32f10x_tim.o(.text)
    TIM_OC2PolarityConfig                    0x08002f97   Thumb Code    20  stm32f10x_tim.o(.text)
    TIM_OC2NPolarityConfig                   0x08002fab   Thumb Code    20  stm32f10x_tim.o(.text)
    TIM_OC3PolarityConfig                    0x08002fbf   Thumb Code    20  stm32f10x_tim.o(.text)
    TIM_OC3NPolarityConfig                   0x08002fd3   Thumb Code    20  stm32f10x_tim.o(.text)
    TIM_OC4PolarityConfig                    0x08002fe7   Thumb Code    20  stm32f10x_tim.o(.text)
    TIM_CCxCmd                               0x08002ffb   Thumb Code    30  stm32f10x_tim.o(.text)
    TIM_CCxNCmd                              0x08003019   Thumb Code    30  stm32f10x_tim.o(.text)
    TIM_SelectOCxM                           0x08003037   Thumb Code   142  stm32f10x_tim.o(.text)
    TIM_UpdateDisableConfig                  0x080030c5   Thumb Code    24  stm32f10x_tim.o(.text)
    TIM_UpdateRequestConfig                  0x080030dd   Thumb Code    24  stm32f10x_tim.o(.text)
    TIM_SelectHallSensor                     0x080030f5   Thumb Code    24  stm32f10x_tim.o(.text)
    TIM_SelectOnePulseMode                   0x0800310d   Thumb Code    18  stm32f10x_tim.o(.text)
    TIM_SelectOutputTrigger                  0x0800311f   Thumb Code    18  stm32f10x_tim.o(.text)
    TIM_SelectSlaveMode                      0x08003131   Thumb Code    18  stm32f10x_tim.o(.text)
    TIM_SelectMasterSlaveMode                0x08003143   Thumb Code    18  stm32f10x_tim.o(.text)
    TIM_SetCounter                           0x08003155   Thumb Code     4  stm32f10x_tim.o(.text)
    TIM_SetAutoreload                        0x08003159   Thumb Code     4  stm32f10x_tim.o(.text)
    TIM_SetCompare1                          0x0800315d   Thumb Code     4  stm32f10x_tim.o(.text)
    TIM_SetCompare2                          0x08003161   Thumb Code     4  stm32f10x_tim.o(.text)
    TIM_SetCompare3                          0x08003165   Thumb Code     4  stm32f10x_tim.o(.text)
    TIM_SetCompare4                          0x08003169   Thumb Code     6  stm32f10x_tim.o(.text)
    TIM_SetClockDivision                     0x0800316f   Thumb Code    14  stm32f10x_tim.o(.text)
    TIM_GetCapture1                          0x0800317d   Thumb Code     6  stm32f10x_tim.o(.text)
    TIM_GetCapture2                          0x08003183   Thumb Code     6  stm32f10x_tim.o(.text)
    TIM_GetCapture3                          0x08003189   Thumb Code     6  stm32f10x_tim.o(.text)
    TIM_GetCapture4                          0x0800318f   Thumb Code     8  stm32f10x_tim.o(.text)
    TIM_GetCounter                           0x08003197   Thumb Code     6  stm32f10x_tim.o(.text)
    TIM_GetPrescaler                         0x0800319d   Thumb Code     6  stm32f10x_tim.o(.text)
    TIM_GetFlagStatus                        0x080031a3   Thumb Code    18  stm32f10x_tim.o(.text)
    TIM_ClearFlag                            0x080031b5   Thumb Code     6  stm32f10x_tim.o(.text)
    TIM_GetITStatus                          0x080031bb   Thumb Code    34  stm32f10x_tim.o(.text)
    TIM_ClearITPendingBit                    0x080031dd   Thumb Code     6  stm32f10x_tim.o(.text)
    delay_init                               0x080031e5   Thumb Code    46  delay.o(.text)
    delay_ms                                 0x08003213   Thumb Code    54  delay.o(.text)
    delay_us                                 0x08003249   Thumb Code    52  delay.o(.text)
    MY_NVIC_SetVectorTable                   0x08003281   Thumb Code    12  sys.o(.text)
    MY_NVIC_PriorityGroupConfig              0x0800328d   Thumb Code    36  sys.o(.text)
    MY_NVIC_Init                             0x080032b1   Thumb Code   148  sys.o(.text)
    Ex_NVIC_Config                           0x08003345   Thumb Code   148  sys.o(.text)
    MYRCC_DeInit                             0x080033d9   Thumb Code    90  sys.o(.text)
    Sys_Standby                              0x08003433   Thumb Code    70  sys.o(.text)
    Sys_Soft_Reset                           0x08003479   Thumb Code    12  sys.o(.text)
    JTAG_Set                                 0x08003485   Thumb Code    44  sys.o(.text)
    Stm32_Clock_Init                         0x080034b1   Thumb Code   130  sys.o(.text)
    LED_Init                                 0x08003565   Thumb Code    44  led.o(.text)
    LED_ON                                   0x08003591   Thumb Code     8  led.o(.text)
    LED_OFF                                  0x08003599   Thumb Code     8  led.o(.text)
    ADXL345                                  0x080035ad   Thumb Code   192  supersharkv1.0.o(.text)
    Digit34_49Test                           0x0800366d   Thumb Code   388  supersharkv1.0.o(.text)
    Digit16_33Test                           0x080037f1   Thumb Code   532  supersharkv1.0.o(.text)
    Digit0_15Test                            0x08003a05   Thumb Code   382  supersharkv1.0.o(.text)
    anologTest                               0x08003b83   Thumb Code   388  supersharkv1.0.o(.text)
    manu                                     0x08003d07   Thumb Code   958  supersharkv1.0.o(.text)
    logo                                     0x080040c5   Thumb Code    28  supersharkv1.0.o(.text)
    SuperShark_Init                          0x080040e1   Thumb Code   212  supersharkv1.0.o(.text)
    BEEP_Init                                0x080042a5   Thumb Code    44  beep.o(.text)
    BEEP_ON                                  0x080042d1   Thumb Code     8  beep.o(.text)
    BEEP_OFF                                 0x080042d9   Thumb Code     8  beep.o(.text)
    SPI_SSSet                                0x080042ed   Thumb Code    18  lcd12864.o(.text)
    SPI_Send                                 0x080042ff   Thumb Code    58  lcd12864.o(.text)
    ClrScreen                                0x08004339   Thumb Code    22  lcd12864.o(.text)
    FontSet                                  0x0800434f   Thumb Code    68  lcd12864.o(.text)
    FontMode                                 0x08004393   Thumb Code    40  lcd12864.o(.text)
    SetBackLight                             0x080043bb   Thumb Code    30  lcd12864.o(.text)
    LCD_Init                                 0x080043d9   Thumb Code   218  lcd12864.o(.text)
    FontSet_cn                               0x080044b3   Thumb Code    64  lcd12864.o(.text)
    PutChar                                  0x080044f3   Thumb Code    46  lcd12864.o(.text)
    PutChar_cn                               0x08004521   Thumb Code    54  lcd12864.o(.text)
    PutString_cn                             0x08004557   Thumb Code   132  lcd12864.o(.text)
    PutBitmap                                0x080045db   Thumb Code   132  lcd12864.o(.text)
    PutString                                0x0800465f   Thumb Code    76  lcd12864.o(.text)
    ShowVar                                  0x080046ab   Thumb Code   114  lcd12864.o(.text)
    DMA_Configuration                        0x0800471d   Thumb Code    68  getsensor.o(.text)
    ADC1_Configuration                       0x08004761   Thumb Code   344  getsensor.o(.text)
    GPIO_Configuration                       0x080048b9   Thumb Code   170  getsensor.o(.text)
    RCC_Configuration                        0x08004963   Thumb Code    28  getsensor.o(.text)
    Sensor_Init                              0x0800497f   Thumb Code    38  getsensor.o(.text)
    filter                                   0x080049a5   Thumb Code    40  getsensor.o(.text)
    AnalogIn                                 0x080049cd   Thumb Code   108  getsensor.o(.text)
    DigitalIn                                0x08004a39   Thumb Code  1128  getsensor.o(.text)
    BatteryVoltage                           0x08004ea1   Thumb Code    54  getsensor.o(.text)
    Key_Init                                 0x08004ee9   Thumb Code   114  key.o(.text)
    Key_Start                                0x08004f5b   Thumb Code    14  key.o(.text)
    Remote_Init                              0x08004f7d   Thumb Code    68  remote.o(.text)
    Pulse_Width_Check                        0x08004fc1   Thumb Code    36  remote.o(.text)
    Remote_Process                           0x08004fe5   Thumb Code    60  remote.o(.text)
    servo_Configuration                      0x08005035   Thumb Code   228  driver.o(.text)
    speed_Configuration                      0x08005119   Thumb Code   288  driver.o(.text)
    SMotor                                   0x08005239   Thumb Code   118  driver.o(.text)
    DMotor                                   0x080052af   Thumb Code   246  driver.o(.text)
    Timer2_init                              0x080053c9   Thumb Code    94  timer.o(.text)
    Code_init                                0x08005427   Thumb Code   110  timer.o(.text)
    StartTimer                               0x08005495   Thumb Code    26  timer.o(.text)
    GetTimer                                 0x080054af   Thumb Code    26  timer.o(.text)
    AT24C04_Start                            0x080054e1   Thumb Code    72  compass.o(.text)
    AT24C04_Stop                             0x08005529   Thumb Code    64  compass.o(.text)
    AT24C04_SendACK                          0x08005569   Thumb Code    66  compass.o(.text)
    AT24C04_RecvACK                          0x080055ab   Thumb Code    72  compass.o(.text)
    AT24C04_SendByte                         0x080055f3   Thumb Code    88  compass.o(.text)
    AT24C04_RecvByte                         0x0800564b   Thumb Code   128  compass.o(.text)
    read_cmp                                 0x080056cb   Thumb Code   106  compass.o(.text)
    cal_on                                   0x08005735   Thumb Code    30  compass.o(.text)
    cal_off                                  0x08005753   Thumb Code    30  compass.o(.text)
    RCC_DeInit                               0x08005781   Thumb Code    62  stm32f10x_rcc.o(.text)
    RCC_HSEConfig                            0x080057bf   Thumb Code    70  stm32f10x_rcc.o(.text)
    RCC_GetFlagStatus                        0x08005805   Thumb Code    56  stm32f10x_rcc.o(.text)
    RCC_WaitForHSEStartUp                    0x0800583d   Thumb Code    46  stm32f10x_rcc.o(.text)
    RCC_AdjustHSICalibrationValue            0x0800586b   Thumb Code    18  stm32f10x_rcc.o(.text)
    RCC_HSICmd                               0x0800587d   Thumb Code     6  stm32f10x_rcc.o(.text)
    RCC_PLLConfig                            0x08005883   Thumb Code    22  stm32f10x_rcc.o(.text)
    RCC_PLLCmd                               0x08005899   Thumb Code     6  stm32f10x_rcc.o(.text)
    RCC_SYSCLKConfig                         0x0800589f   Thumb Code    16  stm32f10x_rcc.o(.text)
    RCC_GetSYSCLKSource                      0x080058af   Thumb Code    10  stm32f10x_rcc.o(.text)
    RCC_HCLKConfig                           0x080058b9   Thumb Code    16  stm32f10x_rcc.o(.text)
    RCC_PCLK1Config                          0x080058c9   Thumb Code    16  stm32f10x_rcc.o(.text)
    RCC_PCLK2Config                          0x080058d9   Thumb Code    18  stm32f10x_rcc.o(.text)
    RCC_ITConfig                             0x080058eb   Thumb Code    30  stm32f10x_rcc.o(.text)
    RCC_USBCLKConfig                         0x08005909   Thumb Code     8  stm32f10x_rcc.o(.text)
    RCC_ADCCLKConfig                         0x08005911   Thumb Code    16  stm32f10x_rcc.o(.text)
    RCC_LSEConfig                            0x08005921   Thumb Code    50  stm32f10x_rcc.o(.text)
    RCC_LSICmd                               0x08005953   Thumb Code     6  stm32f10x_rcc.o(.text)
    RCC_RTCCLKConfig                         0x08005959   Thumb Code    12  stm32f10x_rcc.o(.text)
    RCC_RTCCLKCmd                            0x08005965   Thumb Code     8  stm32f10x_rcc.o(.text)
    RCC_GetClocksFreq                        0x0800596d   Thumb Code   194  stm32f10x_rcc.o(.text)
    RCC_AHBPeriphClockCmd                    0x08005a2f   Thumb Code    26  stm32f10x_rcc.o(.text)
    RCC_APB2PeriphClockCmd                   0x08005a49   Thumb Code    26  stm32f10x_rcc.o(.text)
    RCC_APB1PeriphClockCmd                   0x08005a63   Thumb Code    26  stm32f10x_rcc.o(.text)
    RCC_APB2PeriphResetCmd                   0x08005a7d   Thumb Code    26  stm32f10x_rcc.o(.text)
    RCC_APB1PeriphResetCmd                   0x08005a97   Thumb Code    26  stm32f10x_rcc.o(.text)
    RCC_BackupResetCmd                       0x08005ab1   Thumb Code     8  stm32f10x_rcc.o(.text)
    RCC_ClockSecuritySystemCmd               0x08005ab9   Thumb Code     6  stm32f10x_rcc.o(.text)
    RCC_MCOConfig                            0x08005abf   Thumb Code     6  stm32f10x_rcc.o(.text)
    RCC_ClearFlag                            0x08005ac5   Thumb Code    14  stm32f10x_rcc.o(.text)
    RCC_GetITStatus                          0x08005ad3   Thumb Code    20  stm32f10x_rcc.o(.text)
    RCC_ClearITPendingBit                    0x08005ae7   Thumb Code     6  stm32f10x_rcc.o(.text)
    ADC_DeInit                               0x08005b0d   Thumb Code    90  stm32f10x_adc.o(.text)
    ADC_Init                                 0x08005b67   Thumb Code    68  stm32f10x_adc.o(.text)
    ADC_StructInit                           0x08005bab   Thumb Code    18  stm32f10x_adc.o(.text)
    ADC_Cmd                                  0x08005bbd   Thumb Code    22  stm32f10x_adc.o(.text)
    ADC_DMACmd                               0x08005bd3   Thumb Code    22  stm32f10x_adc.o(.text)
    ADC_ITConfig                             0x08005be9   Thumb Code    24  stm32f10x_adc.o(.text)
    ADC_ResetCalibration                     0x08005c01   Thumb Code    10  stm32f10x_adc.o(.text)
    ADC_GetResetCalibrationStatus            0x08005c0b   Thumb Code    20  stm32f10x_adc.o(.text)
    ADC_StartCalibration                     0x08005c1f   Thumb Code    10  stm32f10x_adc.o(.text)
    ADC_GetCalibrationStatus                 0x08005c29   Thumb Code    20  stm32f10x_adc.o(.text)
    ADC_SoftwareStartConvCmd                 0x08005c3d   Thumb Code    22  stm32f10x_adc.o(.text)
    ADC_GetSoftwareStartConvStatus           0x08005c53   Thumb Code    20  stm32f10x_adc.o(.text)
    ADC_DiscModeChannelCountConfig           0x08005c67   Thumb Code    22  stm32f10x_adc.o(.text)
    ADC_DiscModeCmd                          0x08005c7d   Thumb Code    22  stm32f10x_adc.o(.text)
    ADC_RegularChannelConfig                 0x08005c93   Thumb Code   180  stm32f10x_adc.o(.text)
    ADC_ExternalTrigConvCmd                  0x08005d47   Thumb Code    22  stm32f10x_adc.o(.text)
    ADC_GetConversionValue                   0x08005d5d   Thumb Code     8  stm32f10x_adc.o(.text)
    ADC_GetDualModeConversionValue           0x08005d65   Thumb Code     6  stm32f10x_adc.o(.text)
    ADC_AutoInjectedConvCmd                  0x08005d6b   Thumb Code    22  stm32f10x_adc.o(.text)
    ADC_InjectedDiscModeCmd                  0x08005d81   Thumb Code    22  stm32f10x_adc.o(.text)
    ADC_ExternalTrigInjectedConvConfig       0x08005d97   Thumb Code    14  stm32f10x_adc.o(.text)
    ADC_ExternalTrigInjectedConvCmd          0x08005da5   Thumb Code    22  stm32f10x_adc.o(.text)
    ADC_SoftwareStartInjectedConvCmd         0x08005dbb   Thumb Code    22  stm32f10x_adc.o(.text)
    ADC_GetSoftwareStartInjectedConvCmdStatus 0x08005dd1   Thumb Code    20  stm32f10x_adc.o(.text)
    ADC_InjectedChannelConfig                0x08005de5   Thumb Code   126  stm32f10x_adc.o(.text)
    ADC_InjectedSequencerLengthConfig        0x08005e63   Thumb Code    22  stm32f10x_adc.o(.text)
    ADC_SetInjectedOffset                    0x08005e79   Thumb Code     4  stm32f10x_adc.o(.text)
    ADC_GetInjectedConversionValue           0x08005e7d   Thumb Code    10  stm32f10x_adc.o(.text)
    ADC_AnalogWatchdogCmd                    0x08005e87   Thumb Code    14  stm32f10x_adc.o(.text)
    ADC_AnalogWatchdogThresholdsConfig       0x08005e95   Thumb Code     6  stm32f10x_adc.o(.text)
    ADC_AnalogWatchdogSingleChannelConfig    0x08005e9b   Thumb Code    14  stm32f10x_adc.o(.text)
    ADC_TempSensorVrefintCmd                 0x08005ea9   Thumb Code    38  stm32f10x_adc.o(.text)
    ADC_GetFlagStatus                        0x08005ecf   Thumb Code    18  stm32f10x_adc.o(.text)
    ADC_ClearFlag                            0x08005ee1   Thumb Code     6  stm32f10x_adc.o(.text)
    ADC_GetITStatus                          0x08005ee7   Thumb Code    62  stm32f10x_adc.o(.text)
    ADC_ClearITPendingBit                    0x08005f25   Thumb Code    10  stm32f10x_adc.o(.text)
    DMA_DeInit                               0x08005f31   Thumb Code   326  stm32f10x_dma.o(.text)
    DMA_Init                                 0x08006077   Thumb Code    60  stm32f10x_dma.o(.text)
    DMA_StructInit                           0x080060b3   Thumb Code    26  stm32f10x_dma.o(.text)
    DMA_Cmd                                  0x080060cd   Thumb Code    22  stm32f10x_dma.o(.text)
    DMA_ITConfig                             0x080060e3   Thumb Code    18  stm32f10x_dma.o(.text)
    DMA_GetCurrDataCounter                   0x080060f5   Thumb Code     8  stm32f10x_dma.o(.text)
    DMA_GetFlagStatus                        0x080060fd   Thumb Code    38  stm32f10x_dma.o(.text)
    DMA_ClearFlag                            0x08006123   Thumb Code    20  stm32f10x_dma.o(.text)
    DMA_GetITStatus                          0x08006137   Thumb Code    38  stm32f10x_dma.o(.text)
    DMA_ClearITPendingBit                    0x0800615d   Thumb Code    20  stm32f10x_dma.o(.text)
    NVIC_DeInit                              0x08006181   Thumb Code    54  stm32f10x_nvic.o(.text)
    NVIC_SCBDeInit                           0x080061b7   Thumb Code    92  stm32f10x_nvic.o(.text)
    NVIC_PriorityGroupConfig                 0x08006213   Thumb Code    12  stm32f10x_nvic.o(.text)
    NVIC_Init                                0x0800621f   Thumb Code   154  stm32f10x_nvic.o(.text)
    NVIC_StructInit                          0x080062b9   Thumb Code    12  stm32f10x_nvic.o(.text)
    NVIC_SETPRIMASK                          0x080062c5   Thumb Code     8  stm32f10x_nvic.o(.text)
    NVIC_RESETPRIMASK                        0x080062cd   Thumb Code     8  stm32f10x_nvic.o(.text)
    NVIC_SETFAULTMASK                        0x080062d5   Thumb Code     8  stm32f10x_nvic.o(.text)
    NVIC_RESETFAULTMASK                      0x080062dd   Thumb Code     8  stm32f10x_nvic.o(.text)
    NVIC_BASEPRICONFIG                       0x080062e5   Thumb Code    12  stm32f10x_nvic.o(.text)
    NVIC_GetBASEPRI                          0x080062f1   Thumb Code     8  stm32f10x_nvic.o(.text)
    NVIC_GetCurrentPendingIRQChannel         0x080062f9   Thumb Code    10  stm32f10x_nvic.o(.text)
    NVIC_GetIRQChannelPendingBitStatus       0x08006303   Thumb Code    42  stm32f10x_nvic.o(.text)
    NVIC_SetIRQChannelPendingBit             0x0800632d   Thumb Code     6  stm32f10x_nvic.o(.text)
    NVIC_ClearIRQChannelPendingBit           0x08006333   Thumb Code    20  stm32f10x_nvic.o(.text)
    NVIC_GetCurrentActiveHandler             0x08006347   Thumb Code    10  stm32f10x_nvic.o(.text)
    NVIC_GetIRQChannelActiveBitStatus        0x08006351   Thumb Code    42  stm32f10x_nvic.o(.text)
    NVIC_GetCPUID                            0x0800637b   Thumb Code     8  stm32f10x_nvic.o(.text)
    NVIC_SetVectorTable                      0x08006383   Thumb Code    14  stm32f10x_nvic.o(.text)
    NVIC_GenerateSystemReset                 0x08006391   Thumb Code    12  stm32f10x_nvic.o(.text)
    NVIC_GenerateCoreReset                   0x0800639d   Thumb Code    12  stm32f10x_nvic.o(.text)
    NVIC_SystemLPConfig                      0x080063a9   Thumb Code    38  stm32f10x_nvic.o(.text)
    NVIC_SystemHandlerConfig                 0x080063cf   Thumb Code    52  stm32f10x_nvic.o(.text)
    NVIC_SystemHandlerPriorityConfig         0x08006403   Thumb Code    98  stm32f10x_nvic.o(.text)
    NVIC_GetSystemHandlerPendingBitStatus    0x08006465   Thumb Code    44  stm32f10x_nvic.o(.text)
    NVIC_SetSystemHandlerPendingBit          0x08006491   Thumb Code    26  stm32f10x_nvic.o(.text)
    NVIC_ClearSystemHandlerPendingBit        0x080064ab   Thumb Code    30  stm32f10x_nvic.o(.text)
    NVIC_GetSystemHandlerActiveBitStatus     0x080064c9   Thumb Code    42  stm32f10x_nvic.o(.text)
    NVIC_GetFaultHandlerSources              0x080064f3   Thumb Code    66  stm32f10x_nvic.o(.text)
    NVIC_GetFaultAddress                     0x08006535   Thumb Code    28  stm32f10x_nvic.o(.text)
    IIC_Init                                 0x0800656d   Thumb Code    58  myiic.o(.text)
    IIC_Start                                0x080065a7   Thumb Code    72  myiic.o(.text)
    IIC_Stop                                 0x080065ef   Thumb Code    72  myiic.o(.text)
    IIC_Wait_Ack                             0x08006637   Thumb Code    90  myiic.o(.text)
    IIC_Ack                                  0x08006691   Thumb Code    78  myiic.o(.text)
    IIC_NAck                                 0x080066df   Thumb Code    78  myiic.o(.text)
    IIC_Send_Byte                            0x0800672d   Thumb Code    98  myiic.o(.text)
    IIC_Read_Byte                            0x0800678f   Thumb Code   106  myiic.o(.text)
    EXIT_Init                                0x08006809   Thumb Code   134  exit.o(.text)
    ADXL345_WR_Reg                           0x08006899   Thumb Code    46  adxl345.o(.text)
    ADXL345_RD_Reg                           0x080068c7   Thumb Code    66  adxl345.o(.text)
    ADXL345_Init                             0x08006909   Thumb Code    80  adxl345.o(.text)
    ADXL345_RD_XYZ                           0x08006959   Thumb Code   142  adxl345.o(.text)
    ADXL345_RD_Avval                         0x080069e7   Thumb Code   106  adxl345.o(.text)
    ADXL345_AUTO_Adjust                      0x08006a51   Thumb Code   252  adxl345.o(.text)
    ADXL345_Read_Average                     0x08006b4d   Thumb Code   130  adxl345.o(.text)
    ADXL345_Get_Angle                        0x08006bcf   Thumb Code   370  adxl345.o(.text)
    __WFI                                    0x08006d4d   Thumb Code     0  cortexm3_macro.o(.text)
    __WFE                                    0x08006d51   Thumb Code     0  cortexm3_macro.o(.text)
    __SEV                                    0x08006d55   Thumb Code     0  cortexm3_macro.o(.text)
    __ISB                                    0x08006d59   Thumb Code     0  cortexm3_macro.o(.text)
    __DSB                                    0x08006d5f   Thumb Code     0  cortexm3_macro.o(.text)
    __DMB                                    0x08006d65   Thumb Code     0  cortexm3_macro.o(.text)
    __SVC                                    0x08006d6b   Thumb Code     0  cortexm3_macro.o(.text)
    __MRS_CONTROL                            0x08006d6f   Thumb Code     0  cortexm3_macro.o(.text)
    __MSR_CONTROL                            0x08006d75   Thumb Code     0  cortexm3_macro.o(.text)
    __MRS_PSP                                0x08006d7f   Thumb Code     0  cortexm3_macro.o(.text)
    __MSR_PSP                                0x08006d85   Thumb Code     0  cortexm3_macro.o(.text)
    __MRS_MSP                                0x08006d8b   Thumb Code     0  cortexm3_macro.o(.text)
    __MSR_MSP                                0x08006d91   Thumb Code     0  cortexm3_macro.o(.text)
    __RESETPRIMASK                           0x08006d97   Thumb Code     0  cortexm3_macro.o(.text)
    __SETPRIMASK                             0x08006d9b   Thumb Code     0  cortexm3_macro.o(.text)
    __READ_PRIMASK                           0x08006d9f   Thumb Code     0  cortexm3_macro.o(.text)
    __SETFAULTMASK                           0x08006da5   Thumb Code     0  cortexm3_macro.o(.text)
    __RESETFAULTMASK                         0x08006da9   Thumb Code     0  cortexm3_macro.o(.text)
    __READ_FAULTMASK                         0x08006dad   Thumb Code     0  cortexm3_macro.o(.text)
    __BASEPRICONFIG                          0x08006db3   Thumb Code     0  cortexm3_macro.o(.text)
    __GetBASEPRI                             0x08006db9   Thumb Code     0  cortexm3_macro.o(.text)
    __REV_HalfWord                           0x08006dbf   Thumb Code     0  cortexm3_macro.o(.text)
    __REV_Word                               0x08006dc3   Thumb Code     0  cortexm3_macro.o(.text)
    __read_errno                             0x08006dc7   Thumb Code    10  _rserrno.o(.text)
    __set_errno                              0x08006dd1   Thumb Code    12  _rserrno.o(.text)
    __aeabi_errno_addr                       0x08006ddd   Thumb Code    12  rt_errno_addr_intlibspace.o(.text)
    __errno$intlibspace                      0x08006ddd   Thumb Code     0  rt_errno_addr_intlibspace.o(.text)
    __rt_errno_addr$intlibspace              0x08006ddd   Thumb Code     0  rt_errno_addr_intlibspace.o(.text)
    __user_libspace                          0x08006de9   Thumb Code     8  libspace.o(.text)
    __user_perproc_libspace                  0x08006de9   Thumb Code     0  libspace.o(.text)
    __user_perthread_libspace                0x08006de9   Thumb Code     0  libspace.o(.text)
    __user_setup_stackheap                   0x08006df1   Thumb Code    74  sys_stackheap_outer.o(.text)
    exit                                     0x08006e3b   Thumb Code    12  exit.o(.text)
    Reset_Handler                            0x08006e49   Thumb Code     4  stm32f10x_vector.o(.text)
    __user_initial_stackheap                 0x08006e4d   Thumb Code     0  stm32f10x_vector.o(.text)
    __rt_fp_status_addr                      0x08006e6d   Thumb Code    12  rt_fp_status_addr_intlibspace.o(.text)
    __use_two_region_memory                  0x08006e79   Thumb Code     2  heapauxi.o(.text)
    __rt_heap_escrow$2region                 0x08006e7b   Thumb Code     2  heapauxi.o(.text)
    __rt_heap_expand$2region                 0x08006e7d   Thumb Code     2  heapauxi.o(.text)
    __ARM_fpclassify                         0x08006e7f   Thumb Code    40  fpclassify.o(i.__ARM_fpclassify)
    __kernel_poly                            0x08006ea7   Thumb Code   170  poly.o(i.__kernel_poly)
    __mathlib_dbl_underflow                  0x08006f51   Thumb Code    10  dunder.o(i.__mathlib_dbl_underflow)
    atan                                     0x08006f61   Thumb Code   480  atan.o(i.atan)
    sqrt                                     0x08007185   Thumb Code    74  sqrt.o(i.sqrt)
    __aeabi_d2f                              0x080071d1   Thumb Code     0  d2f.o(x$fpl$d2f)
    _d2f                                     0x080071d1   Thumb Code    98  d2f.o(x$fpl$d2f)
    __aeabi_dadd                             0x08007235   Thumb Code     0  daddsub_clz.o(x$fpl$dadd)
    _dadd                                    0x08007235   Thumb Code   328  daddsub_clz.o(x$fpl$dadd)
    __fpl_dcheck_NaN1                        0x08007381   Thumb Code    10  dcheck1.o(x$fpl$dcheck1)
    __aeabi_ddiv                             0x08007391   Thumb Code     0  ddiv.o(x$fpl$ddiv)
    _ddiv                                    0x08007391   Thumb Code   552  ddiv.o(x$fpl$ddiv)
    __aeabi_d2iz                             0x08007641   Thumb Code     0  dfix.o(x$fpl$dfix)
    _dfix                                    0x08007641   Thumb Code    94  dfix.o(x$fpl$dfix)
    __aeabi_dmul                             0x080076a1   Thumb Code     0  dmul.o(x$fpl$dmul)
    _dmul                                    0x080076a1   Thumb Code   332  dmul.o(x$fpl$dmul)
    __fpl_dnaninf                            0x080077f5   Thumb Code   156  dnaninf.o(x$fpl$dnaninf)
    __fpl_dretinf                            0x08007891   Thumb Code    12  dretinf.o(x$fpl$dretinf)
    __aeabi_drsub                            0x0800789d   Thumb Code     0  daddsub_clz.o(x$fpl$drsb)
    _drsb                                    0x0800789d   Thumb Code    22  daddsub_clz.o(x$fpl$drsb)
    _dsqrt                                   0x080078b5   Thumb Code   456  dsqrt_noumaal.o(x$fpl$dsqrt)
    __aeabi_dsub                             0x08007a81   Thumb Code     0  daddsub_clz.o(x$fpl$dsub)
    _dsub                                    0x08007a81   Thumb Code   464  daddsub_clz.o(x$fpl$dsub)
    __aeabi_f2d                              0x08007c55   Thumb Code     0  f2d.o(x$fpl$f2d)
    _f2d                                     0x08007c55   Thumb Code    86  f2d.o(x$fpl$f2d)
    __aeabi_fadd                             0x08007cad   Thumb Code     0  faddsub_clz.o(x$fpl$fadd)
    _fadd                                    0x08007cad   Thumb Code   196  faddsub_clz.o(x$fpl$fadd)
    __aeabi_i2f                              0x08007d71   Thumb Code     0  fflt_clz.o(x$fpl$fflt)
    _fflt                                    0x08007d71   Thumb Code    48  fflt_clz.o(x$fpl$fflt)
    __aeabi_fmul                             0x08007da1   Thumb Code     0  fmul.o(x$fpl$fmul)
    _fmul                                    0x08007da1   Thumb Code   258  fmul.o(x$fpl$fmul)
    __fpl_fnaninf                            0x08007ea3   Thumb Code   140  fnaninf.o(x$fpl$fnaninf)
    _fp_init                                 0x08007f2f   Thumb Code    14  fpinit.o(x$fpl$fpinit)
    __fplib_config_pureend_doubles           0x08007f3b   Thumb Code     0  fpinit.o(x$fpl$fpinit)
    __fpl_fretinf                            0x08007f3d   Thumb Code    10  fretinf.o(x$fpl$fretinf)
    __aeabi_fsub                             0x08007f49   Thumb Code     0  faddsub_clz.o(x$fpl$fsub)
    _fsub                                    0x08007f49   Thumb Code   234  faddsub_clz.o(x$fpl$fsub)
    __fpl_return_NaN                         0x08008033   Thumb Code   100  retnan.o(x$fpl$retnan)
    __ARM_scalbn                             0x08008097   Thumb Code     0  scalbn.o(x$fpl$scalbn)
    scalbn                                   0x08008097   Thumb Code    96  scalbn.o(x$fpl$scalbn)
    __fpl_inf_scalbn                         0x080080f5   Thumb Code     0  scalbn.o(x$fpl$scalbn)
    __fpl_cmpreturn                          0x080080f7   Thumb Code    48  trapv.o(x$fpl$trapveneer)
    __I$use$fp                               0x08008127   Thumb Code     0  usenofp.o(x$fpl$usenofp)
    gImage_logo                              0x08008126   Data         576  lcd12864.o(.constdata)
    Region$$Table$$Base                      0x08008418   Number         0  anon$$obj.o(Region$$Table)
    Region$$Table$$Limit                     0x08008438   Number         0  anon$$obj.o(Region$$Table)
    back                                     0x20000000   Data           1  track.o(.data)
    x                                        0x20000006   Data           2  supersharkv1.0.o(.data)
    y                                        0x20000008   Data           2  supersharkv1.0.o(.data)
    z                                        0x2000000a   Data           2  supersharkv1.0.o(.data)
    angx                                     0x2000000c   Data           2  supersharkv1.0.o(.data)
    angy                                     0x2000000e   Data           2  supersharkv1.0.o(.data)
    angz                                     0x20000010   Data           2  supersharkv1.0.o(.data)
    X_Witch                                  0x20000012   Data           1  lcd12864.o(.data)
    Y_Witch                                  0x20000013   Data           1  lcd12864.o(.data)
    X_Witch_cn                               0x20000014   Data           1  lcd12864.o(.data)
    Y_Witch_cn                               0x20000015   Data           1  lcd12864.o(.data)
    Dis_Zero                                 0x20000016   Data           1  lcd12864.o(.data)
    Remote_Odr                               0x20000018   Data           4  remote.o(.data)
    Remote_Cnt                               0x2000001c   Data           1  remote.o(.data)
    Remote_Rdy                               0x2000001d   Data           1  remote.o(.data)
    TIM2_num                                 0x20000020   Data           4  timer.o(.data)
    lEncoderTotal                            0x20000024   Data           4  timer.o(.data)
    iEncoderMax                              0x20000028   Data           4  timer.o(.data)
    iEncoder                                 0x2000002c   Data           4  timer.o(.data)
    AD_Value                                 0x20000030   Data         100  getsensor.o(.bss)
    After_filter                             0x20000094   Data          32  getsensor.o(.bss)
    __libspace_start                         0x200000b4   Data          96  libspace.o(.bss)
    __temporary_stack_top$libspace           0x20000114   Data           0  libspace.o(.bss)



==============================================================================

Memory Map of the image

  Image Entry point : 0x08006e49

  Load Region LR_1 (Base: 0x08000000, Size: 0x00008468, Max: 0xffffffff, ABSOLUTE)

    Execution Region ER_RO (Base: 0x08000000, Size: 0x00008438, Max: 0xffffffff, ABSOLUTE)

    Base Addr    Size         Type   Attr      Idx    E Section Name        Object

    0x08000000   0x00000130   Data   RO          119    RESET               SuperSharkV1.0.lib(stm32f10x_vector.o)(SuperSharkV1.0.lib)
    0x08000130   0x00000008   Code   RO           40  * !!!main             c_w.l(__main.o)(c_w.l)
    0x08000138   0x00000034   Code   RO          227    !!!scatter          c_w.l(__scatter.o)(c_w.l)
    0x0800016c   0x0000001a   Code   RO          228    !!handler_copy      c_w.l(__scatter_copy.o)(c_w.l)
    0x08000186   0x00000002   PAD
    0x08000188   0x0000001c   Code   RO          229    !!handler_zi        c_w.l(__scatter_zi.o)(c_w.l)
    0x080001a4   0x00000006   Code   RO          115    .ARM.Collect$$libinit$$00000000  c_w.l(libinit.o)(c_w.l)
    0x080001aa   0x00000000   Code   RO          125    .ARM.Collect$$libinit$$00000006  c_w.l(libinit2.o)(c_w.l)
    0x080001aa   0x00000000   Code   RO          127    .ARM.Collect$$libinit$$00000008  c_w.l(libinit2.o)(c_w.l)
    0x080001aa   0x00000000   Code   RO          129    .ARM.Collect$$libinit$$0000000A  c_w.l(libinit2.o)(c_w.l)
    0x080001aa   0x00000000   Code   RO          132    .ARM.Collect$$libinit$$0000000D  c_w.l(libinit2.o)(c_w.l)
    0x080001aa   0x00000000   Code   RO          134    .ARM.Collect$$libinit$$0000000F  c_w.l(libinit2.o)(c_w.l)
    0x080001aa   0x00000000   Code   RO          136    .ARM.Collect$$libinit$$00000011  c_w.l(libinit2.o)(c_w.l)
    0x080001aa   0x00000000   Code   RO          138    .ARM.Collect$$libinit$$00000013  c_w.l(libinit2.o)(c_w.l)
    0x080001aa   0x00000000   Code   RO          140    .ARM.Collect$$libinit$$00000015  c_w.l(libinit2.o)(c_w.l)
    0x080001aa   0x00000000   Code   RO          142    .ARM.Collect$$libinit$$00000017  c_w.l(libinit2.o)(c_w.l)
    0x080001aa   0x00000000   Code   RO          144    .ARM.Collect$$libinit$$00000019  c_w.l(libinit2.o)(c_w.l)
    0x080001aa   0x00000000   Code   RO          146    .ARM.Collect$$libinit$$0000001B  c_w.l(libinit2.o)(c_w.l)
    0x080001aa   0x00000000   Code   RO          148    .ARM.Collect$$libinit$$0000001D  c_w.l(libinit2.o)(c_w.l)
    0x080001aa   0x00000000   Code   RO          150    .ARM.Collect$$libinit$$0000001F  c_w.l(libinit2.o)(c_w.l)
    0x080001aa   0x00000000   Code   RO          152    .ARM.Collect$$libinit$$00000021  c_w.l(libinit2.o)(c_w.l)
    0x080001aa   0x00000000   Code   RO          156    .ARM.Collect$$libinit$$00000028  c_w.l(libinit2.o)(c_w.l)
    0x080001aa   0x00000000   Code   RO          158    .ARM.Collect$$libinit$$0000002A  c_w.l(libinit2.o)(c_w.l)
    0x080001aa   0x00000000   Code   RO          160    .ARM.Collect$$libinit$$0000002C  c_w.l(libinit2.o)(c_w.l)
    0x080001aa   0x00000000   Code   RO          162    .ARM.Collect$$libinit$$0000002E  c_w.l(libinit2.o)(c_w.l)
    0x080001aa   0x00000002   Code   RO          163    .ARM.Collect$$libinit$$0000002F  c_w.l(libinit2.o)(c_w.l)
    0x080001ac   0x00000002   Code   RO          184    .ARM.Collect$$libshutdown$$00000000  c_w.l(libshutdown.o)(c_w.l)
    0x080001ae   0x00000000   Code   RO          192    .ARM.Collect$$libshutdown$$00000003  c_w.l(libshutdown2.o)(c_w.l)
    0x080001ae   0x00000000   Code   RO          195    .ARM.Collect$$libshutdown$$00000006  c_w.l(libshutdown2.o)(c_w.l)
    0x080001ae   0x00000000   Code   RO          198    .ARM.Collect$$libshutdown$$00000009  c_w.l(libshutdown2.o)(c_w.l)
    0x080001ae   0x00000000   Code   RO          200    .ARM.Collect$$libshutdown$$0000000B  c_w.l(libshutdown2.o)(c_w.l)
    0x080001ae   0x00000000   Code   RO          203    .ARM.Collect$$libshutdown$$0000000E  c_w.l(libshutdown2.o)(c_w.l)
    0x080001ae   0x00000002   Code   RO          204    .ARM.Collect$$libshutdown$$0000000F  c_w.l(libshutdown2.o)(c_w.l)
    0x080001b0   0x00000000   Code   RO           64    .ARM.Collect$$rtentry$$00000000  c_w.l(rtentry.o)(c_w.l)
    0x080001b0   0x00000000   Code   RO           86    .ARM.Collect$$rtentry$$00000002  c_w.l(rtentry2.o)(c_w.l)
    0x080001b0   0x00000006   Code   RO          101    .ARM.Collect$$rtentry$$00000004  c_w.l(rtentry4.o)(c_w.l)
    0x080001b6   0x00000000   Code   RO           88    .ARM.Collect$$rtentry$$00000009  c_w.l(rtentry2.o)(c_w.l)
    0x080001b6   0x00000004   Code   RO           89    .ARM.Collect$$rtentry$$0000000A  c_w.l(rtentry2.o)(c_w.l)
    0x080001ba   0x00000000   Code   RO           91    .ARM.Collect$$rtentry$$0000000C  c_w.l(rtentry2.o)(c_w.l)
    0x080001ba   0x00000008   Code   RO           92    .ARM.Collect$$rtentry$$0000000D  c_w.l(rtentry2.o)(c_w.l)
    0x080001c2   0x00000002   Code   RO          121    .ARM.Collect$$rtexit$$00000000  c_w.l(rtexit.o)(c_w.l)
    0x080001c4   0x00000000   Code   RO          167    .ARM.Collect$$rtexit$$00000002  c_w.l(rtexit2.o)(c_w.l)
    0x080001c4   0x00000004   Code   RO          168    .ARM.Collect$$rtexit$$00000003  c_w.l(rtexit2.o)(c_w.l)
    0x080001c8   0x00000006   Code   RO          169    .ARM.Collect$$rtexit$$00000004  c_w.l(rtexit2.o)(c_w.l)
    0x080001ce   0x00000002   PAD
    0x080001d0   0x00000002   Code   RO           11    .emb_text           SuperSharkV1.0.lib(sys.o)(SuperSharkV1.0.lib)
    0x080001d2   0x00000002   PAD
    0x080001d4   0x0000020c   Code   RO            1    .text               stm32f10x_it.o
    0x080003e0   0x0000016c   Code   RO            2    .text               main.o
    0x0800054c   0x00001e5e   Code   RO            4    .text               track.o
    0x080023aa   0x00000002   PAD
    0x080023ac   0x0000031c   Code   RO            7    .text               SuperSharkV1.0.lib(stm32f10x_gpio.o)(SuperSharkV1.0.lib)
    0x080026c8   0x00000b1a   Code   RO            8    .text               SuperSharkV1.0.lib(stm32f10x_tim.o)(SuperSharkV1.0.lib)
    0x080031e2   0x00000002   PAD
    0x080031e4   0x0000009c   Code   RO            9    .text               SuperSharkV1.0.lib(delay.o)(SuperSharkV1.0.lib)
    0x08003280   0x000002e4   Code   RO           12    .text               SuperSharkV1.0.lib(sys.o)(SuperSharkV1.0.lib)
    0x08003564   0x00000048   Code   RO           13    .text               SuperSharkV1.0.lib(led.o)(SuperSharkV1.0.lib)
    0x080035ac   0x00000cf8   Code   RO           14    .text               SuperSharkV1.0.lib(supersharkv1.0.o)(SuperSharkV1.0.lib)
    0x080042a4   0x00000048   Code   RO           16    .text               SuperSharkV1.0.lib(beep.o)(SuperSharkV1.0.lib)
    0x080042ec   0x00000430   Code   RO           17    .text               SuperSharkV1.0.lib(lcd12864.o)(SuperSharkV1.0.lib)
    0x0800471c   0x000007cc   Code   RO           20    .text               SuperSharkV1.0.lib(getsensor.o)(SuperSharkV1.0.lib)
    0x08004ee8   0x00000094   Code   RO           22    .text               SuperSharkV1.0.lib(key.o)(SuperSharkV1.0.lib)
    0x08004f7c   0x000000b8   Code   RO           23    .text               SuperSharkV1.0.lib(remote.o)(SuperSharkV1.0.lib)
    0x08005034   0x00000394   Code   RO           25    .text               SuperSharkV1.0.lib(driver.o)(SuperSharkV1.0.lib)
    0x080053c8   0x00000118   Code   RO           26    .text               SuperSharkV1.0.lib(timer.o)(SuperSharkV1.0.lib)
    0x080054e0   0x000002a0   Code   RO           28    .text               SuperSharkV1.0.lib(compass.o)(SuperSharkV1.0.lib)
    0x08005780   0x0000038c   Code   RO           29    .text               SuperSharkV1.0.lib(stm32f10x_rcc.o)(SuperSharkV1.0.lib)
    0x08005b0c   0x00000422   Code   RO           31    .text               SuperSharkV1.0.lib(stm32f10x_adc.o)(SuperSharkV1.0.lib)
    0x08005f2e   0x00000002   PAD
    0x08005f30   0x00000250   Code   RO           32    .text               SuperSharkV1.0.lib(stm32f10x_dma.o)(SuperSharkV1.0.lib)
    0x08006180   0x000003ec   Code   RO           33    .text               SuperSharkV1.0.lib(stm32f10x_nvic.o)(SuperSharkV1.0.lib)
    0x0800656c   0x0000029c   Code   RO           34    .text               SuperSharkV1.0.lib(myiic.o)(SuperSharkV1.0.lib)
    0x08006808   0x00000090   Code   RO           35    .text               SuperSharkV1.0.lib(exit.o)(SuperSharkV1.0.lib)
    0x08006898   0x000004b4   Code   RO           36    .text               SuperSharkV1.0.lib(adxl345.o)(SuperSharkV1.0.lib)
    0x08006d4c   0x0000007a   Code   RO           37    .text               SuperSharkV1.0.lib(cortexm3_macro.o)(SuperSharkV1.0.lib)
    0x08006dc6   0x00000016   Code   RO           66    .text               c_w.l(_rserrno.o)(c_w.l)
    0x08006ddc   0x0000000c   Code   RO          105    .text               c_w.l(rt_errno_addr_intlibspace.o)(c_w.l)
    0x08006de8   0x00000008   Code   RO          108    .text               c_w.l(libspace.o)(c_w.l)
    0x08006df0   0x0000004a   Code   RO          110    .text               c_w.l(sys_stackheap_outer.o)(c_w.l)
    0x08006e3a   0x0000000c   Code   RO          111    .text               c_w.l(exit.o)(c_w.l)
    0x08006e46   0x00000002   PAD
    0x08006e48   0x00000024   Code   RO          120  * .text               SuperSharkV1.0.lib(stm32f10x_vector.o)(SuperSharkV1.0.lib)
    0x08006e6c   0x0000000c   Code   RO          176    .text               c_w.l(rt_fp_status_addr_intlibspace.o)(c_w.l)
    0x08006e78   0x00000006   Code   RO          177    .text               c_w.l(heapauxi.o)(c_w.l)
    0x08006e7e   0x00000028   Code   RO           83    i.__ARM_fpclassify  m_ws.l(fpclassify.o)(m_ws.l)
    0x08006ea6   0x000000aa   Code   RO           84    i.__kernel_poly     m_ws.l(poly.o)(m_ws.l)
    0x08006f50   0x00000010   Code   RO           82    i.__mathlib_dbl_underflow  m_ws.l(dunder.o)(m_ws.l)
    0x08006f60   0x00000224   Code   RO           55    i.atan              m_ws.l(atan.o)(m_ws.l)
    0x08007184   0x0000004a   Code   RO           61    i.sqrt              m_ws.l(sqrt.o)(m_ws.l)
    0x080071ce   0x00000002   PAD
    0x080071d0   0x00000062   Code   RO           41    x$fpl$d2f           fz_ws.l(d2f.o)(fz_ws.l)
    0x08007232   0x00000002   PAD
    0x08007234   0x0000014c   Code   RO           67    x$fpl$dadd          fz_ws.l(daddsub_clz.o)(fz_ws.l)
    0x08007380   0x00000010   Code   RO          106    x$fpl$dcheck1       fz_ws.l(dcheck1.o)(fz_ws.l)
    0x08007390   0x000002b0   Code   RO           43    x$fpl$ddiv          fz_ws.l(ddiv.o)(fz_ws.l)
    0x08007640   0x0000005e   Code   RO           44    x$fpl$dfix          fz_ws.l(dfix.o)(fz_ws.l)
    0x0800769e   0x00000002   PAD
    0x080076a0   0x00000154   Code   RO           71    x$fpl$dmul          fz_ws.l(dmul.o)(fz_ws.l)
    0x080077f4   0x0000009c   Code   RO           72    x$fpl$dnaninf       fz_ws.l(dnaninf.o)(fz_ws.l)
    0x08007890   0x0000000c   Code   RO           73    x$fpl$dretinf       fz_ws.l(dretinf.o)(fz_ws.l)
    0x0800789c   0x00000016   Code   RO           68    x$fpl$drsb          fz_ws.l(daddsub_clz.o)(fz_ws.l)
    0x080078b2   0x00000002   PAD
    0x080078b4   0x000001cc   Code   RO           74    x$fpl$dsqrt         fz_ws.l(dsqrt_noumaal.o)(fz_ws.l)
    0x08007a80   0x000001d4   Code   RO           69    x$fpl$dsub          fz_ws.l(daddsub_clz.o)(fz_ws.l)
    0x08007c54   0x00000056   Code   RO           46    x$fpl$f2d           fz_ws.l(f2d.o)(fz_ws.l)
    0x08007caa   0x00000002   PAD
    0x08007cac   0x000000c4   Code   RO           47    x$fpl$fadd          fz_ws.l(faddsub_clz.o)(fz_ws.l)
    0x08007d70   0x00000030   Code   RO           51    x$fpl$fflt          fz_ws.l(fflt_clz.o)(fz_ws.l)
    0x08007da0   0x00000102   Code   RO           53    x$fpl$fmul          fz_ws.l(fmul.o)(fz_ws.l)
    0x08007ea2   0x0000008c   Code   RO           75    x$fpl$fnaninf       fz_ws.l(fnaninf.o)(fz_ws.l)
    0x08007f2e   0x0000000e   Code   RO          164    x$fpl$fpinit        fz_ws.l(fpinit.o)(fz_ws.l)
    0x08007f3c   0x0000000a   Code   RO           76    x$fpl$fretinf       fz_ws.l(fretinf.o)(fz_ws.l)
    0x08007f46   0x00000002   PAD
    0x08007f48   0x000000ea   Code   RO           49    x$fpl$fsub          fz_ws.l(faddsub_clz.o)(fz_ws.l)
    0x08008032   0x00000064   Code   RO          116    x$fpl$retnan        fz_ws.l(retnan.o)(fz_ws.l)
    0x08008096   0x00000060   Code   RO           80    x$fpl$scalbn        fz_ws.l(scalbn.o)(fz_ws.l)
    0x080080f6   0x00000030   Code   RO          165    x$fpl$trapveneer    fz_ws.l(trapv.o)(fz_ws.l)
    0x08008126   0x00000000   Code   RO           81    x$fpl$usenofp       fz_ws.l(usenofp.o)(fz_ws.l)
    0x08008126   0x00000240   Data   RO           18    .constdata          SuperSharkV1.0.lib(lcd12864.o)(SuperSharkV1.0.lib)
    0x08008366   0x00000014   Data   RO           30    .constdata          SuperSharkV1.0.lib(stm32f10x_rcc.o)(SuperSharkV1.0.lib)
    0x0800837a   0x00000006   PAD
    0x08008380   0x00000098   Data   RO           56    .constdata          m_ws.l(atan.o)(m_ws.l)
    0x08008418   0x00000020   Data   RO          225    Region$$Table       anon$$obj.o


    Execution Region ER_RW (Base: 0x20000000, Size: 0x00000030, Max: 0xffffffff, ABSOLUTE)

    Base Addr    Size         Type   Attr      Idx    E Section Name        Object

    0x20000000   0x00000001   Data   RW            5    .data               track.o
    0x20000001   0x00000001   PAD
    0x20000002   0x00000004   Data   RW           10    .data               SuperSharkV1.0.lib(delay.o)(SuperSharkV1.0.lib)
    0x20000006   0x0000000c   Data   RW           15    .data               SuperSharkV1.0.lib(supersharkv1.0.o)(SuperSharkV1.0.lib)
    0x20000012   0x00000005   Data   RW           19    .data               SuperSharkV1.0.lib(lcd12864.o)(SuperSharkV1.0.lib)
    0x20000017   0x00000001   PAD
    0x20000018   0x00000006   Data   RW           24    .data               SuperSharkV1.0.lib(remote.o)(SuperSharkV1.0.lib)
    0x2000001e   0x00000002   PAD
    0x20000020   0x00000010   Data   RW           27    .data               SuperSharkV1.0.lib(timer.o)(SuperSharkV1.0.lib)


    Execution Region ER_ZI (Base: 0x20000030, Size: 0x000008e8, Max: 0xffffffff, ABSOLUTE)

    Base Addr    Size         Type   Attr      Idx    E Section Name        Object

    0x20000030   0x00000084   Zero   RW           21    .bss                SuperSharkV1.0.lib(getsensor.o)(SuperSharkV1.0.lib)
    0x200000b4   0x00000060   Zero   RW          109    .bss                c_w.l(libspace.o)(c_w.l)
    0x20000114   0x00000004   PAD
    0x20000118   0x00000400   Zero   RW          118    HEAP                SuperSharkV1.0.lib(stm32f10x_vector.o)(SuperSharkV1.0.lib)
    0x20000518   0x00000400   Zero   RW          117    STACK               SuperSharkV1.0.lib(stm32f10x_vector.o)(SuperSharkV1.0.lib)


==============================================================================

Image component sizes


      Code (inc. data)   RO Data    RW Data    ZI Data      Debug   Object Name

       364         36          0          0          0          0   main.o
       524         40          0          0          0          0   stm32f10x_it.o
      7774         18          0          1          0          0   track.o

    ----------------------------------------------------------------------
      8664         94         32          2          0          0   Object Totals
         0          0         32          0          0          0   (incl. Generated)
         2          0          0          1          0          0   (incl. Padding)

    ----------------------------------------------------------------------

      Code (inc. data)   RO Data    RW Data    ZI Data      Debug   Library Member Name

      1204         12          0          0          0          0   adxl345.o
        72         12          0          0          0          0   beep.o
       672         16          0          0          0          0   compass.o
       122          0          0          0          0          0   cortexm3_macro.o
       156          4          0          4          0          0   delay.o
       916         36          0          0          0          0   driver.o
       144         10          0          0          0          0   exit.o
      1996        126          0          0        132          0   getsensor.o
       148         20          0          0          0          0   key.o
      1072         56        576          5          0          0   lcd12864.o
        72         12          0          0          0          0   led.o
       668         16          0          0          0          0   myiic.o
       184         20          0          6          0          0   remote.o
      1058         26          0          0          0          0   stm32f10x_adc.o
       592         16          0          0          0          0   stm32f10x_dma.o
       796         18          0          0          0          0   stm32f10x_gpio.o
      1004         28          0          0          0          0   stm32f10x_nvic.o
       908         32         20          0          0          0   stm32f10x_rcc.o
      2842         16          0          0          0          0   stm32f10x_tim.o
        36         22        304          0       2048          0   stm32f10x_vector.o
      3320        456          0         12          0          0   supersharkv1.0.o
       742         50          0          0          0          0   sys.o
       280         24          0         16          0          0   timer.o
         8          0          0          0          0          0   __main.o
        52          8          0          0          0          0   __scatter.o
        26          0          0          0          0          0   __scatter_copy.o
        28          0          0          0          0          0   __scatter_zi.o
        22          0          0          0          0          0   _rserrno.o
        12          0          0          0          0          0   exit.o
         6          0          0          0          0          0   heapauxi.o
         6          0          0          0          0          0   libinit.o
         2          0          0          0          0          0   libinit2.o
         2          0          0          0          0          0   libshutdown.o
         2          0          0          0          0          0   libshutdown2.o
         8          4          0          0         96          0   libspace.o
        12          4          0          0          0          0   rt_errno_addr_intlibspace.o
        12          4          0          0          0          0   rt_fp_status_addr_intlibspace.o
         0          0          0          0          0          0   rtentry.o
        12          0          0          0          0          0   rtentry2.o
         6          0          0          0          0          0   rtentry4.o
         2          0          0          0          0          0   rtexit.o
        10          0          0          0          0          0   rtexit2.o
        74          0          0          0          0          0   sys_stackheap_outer.o
        98          4          0          0          0          0   d2f.o
       822         16          0          0          0          0   daddsub_clz.o
        16          4          0          0          0          0   dcheck1.o
       688        140          0          0          0          0   ddiv.o
        94          4          0          0          0          0   dfix.o
       340         12          0          0          0          0   dmul.o
       156          4          0          0          0          0   dnaninf.o
        12          0          0          0          0          0   dretinf.o
       460         56          0          0          0          0   dsqrt_noumaal.o
        86          4          0          0          0          0   f2d.o
       430          8          0          0          0          0   faddsub_clz.o
        48          0          0          0          0          0   fflt_clz.o
       258          4          0          0          0          0   fmul.o
       140          4          0          0          0          0   fnaninf.o
        14          0          0          0          0          0   fpinit.o
        10          0          0          0          0          0   fretinf.o
       100          0          0          0          0          0   retnan.o
        96          0          0          0          0          0   scalbn.o
        48          0          0          0          0          0   trapv.o
         0          0          0          0          0          0   usenofp.o
       548         68        152          0          0          0   atan.o
        16          6          0          0          0          0   dunder.o
        40          0          0          0          0          0   fpclassify.o
       170          0          0          0          0          0   poly.o
        74          0          0          0          0          0   sqrt.o

    ----------------------------------------------------------------------
     24094       1382       1058         46       2280          0   Library Totals
        24          0          6          3          4          0   (incl. Padding)

    ----------------------------------------------------------------------

      Code (inc. data)   RO Data    RW Data    ZI Data      Debug   Library Name

     19004       1028        900         43       2180          0   SuperSharkV1.0.lib
       302         20          0          0         96          0   c_w.l
      3916        260          0          0          0          0   fz_ws.l
       848         74        152          0          0          0   m_ws.l

    ----------------------------------------------------------------------
     24094       1382       1058         46       2280          0   Library Totals

    ----------------------------------------------------------------------

==============================================================================


      Code (inc. data)   RO Data    RW Data    ZI Data      Debug   

     32758       1476       1090         48       2280          0   Grand Totals
     32758       1476       1090         48       2280          0   ELF Image Totals
     32758       1476       1090         48          0          0   ROM Totals

==============================================================================

    Total RO  Size (Code + RO Data)                33848 (  33.05kB)
    Total RW  Size (RW Data + ZI Data)              2328 (   2.27kB)
    Total ROM Size (Code + RO Data + RW Data)      33896 (  33.10kB)

==============================================================================

