ARM Linker, RVCT4.0 [Build 524] for uVision [Evaluation]

==============================================================================

Section Cross References

    stm32f10x_vector.o(STACK) refers (Special) to heapauxi.o(.text) for __use_two_region_memory
    stm32f10x_vector.o(HEAP) refers (Special) to heapauxi.o(.text) for __use_two_region_memory
    stm32f10x_vector.o(RESET) refers (Special) to heapauxi.o(.text) for __use_two_region_memory
    stm32f10x_vector.o(RESET) refers to stm32f10x_vector.o(STACK) for __initial_sp
    stm32f10x_vector.o(RESET) refers to stm32f10x_vector.o(.text) for Reset_Handler
    stm32f10x_vector.o(RESET) refers to stm32f10x_it.o(.text) for NMIException
    stm32f10x_vector.o(.text) refers (Special) to heapauxi.o(.text) for __use_two_region_memory
    stm32f10x_vector.o(.text) refers to __main.o(!!!main) for __main
    stm32f10x_vector.o(.text) refers to stm32f10x_vector.o(HEAP) for Heap_Mem
    stm32f10x_vector.o(.text) refers to stm32f10x_vector.o(STACK) for Stack_Mem
    stm32f10x_gpio.o(.text) refers to stm32f10x_rcc.o(.text) for RCC_APB2PeriphResetCmd
    stm32f10x_rcc.o(.text) refers to stm32f10x_rcc.o(.constdata) for .constdata
    stm32f10x_adc.o(.text) refers to stm32f10x_rcc.o(.text) for RCC_APB2PeriphResetCmd
    stm32f10x_nvic.o(.text) refers to cortexm3_macro.o(.text) for __SETPRIMASK
    stm32f10x_tim.o(.text) refers to stm32f10x_rcc.o(.text) for RCC_APB2PeriphResetCmd
    stm32f10x_it.o(.text) refers to remote.o(.text) for Pulse_Width_Check
    stm32f10x_it.o(.text) refers to driver.o(.text) for DMotor
    stm32f10x_it.o(.text) refers to beep.o(.text) for BEEP_ON
    stm32f10x_it.o(.text) refers to stm32f10x_tim.o(.text) for TIM_GetITStatus
    stm32f10x_it.o(.text) refers to remote.o(.data) for Remote_Rdy
    stm32f10x_it.o(.text) refers to stm32f10x_it.o(.data) for TIM2_num
    main.o(.text) refers to supersharkv1.0.o(.text) for SuperShark_Init
    main.o(.text) refers to led.o(.text) for LED_ON
    main.o(.text) refers to timer.o(.text) for StartTimer
    main.o(.text) refers to delay.o(.text) for delay_ms
    main.o(.text) refers to lcd12864.o(.text) for ClrScreen
    delay.o(.text) refers to delay.o(.data) for .data
    sys.o(.text) refers to sys.o(.emb_text) for WFI_SET
    usart.o(.text) refers (Special) to use_no_semi_2.o(.text) for __use_no_semihosting
    usart.o(.text) refers to fflt_clz.o(x$fpl$ffltu) for __aeabi_ui2f
    usart.o(.text) refers to fdiv.o(x$fpl$fdiv) for __aeabi_fdiv
    usart.o(.text) refers to ffixu.o(x$fpl$ffixu) for __aeabi_f2uiz
    usart.o(.text) refers to faddsub_clz.o(x$fpl$frsb) for __aeabi_frsub
    usart.o(.text) refers to fmul.o(x$fpl$fmul) for __aeabi_fmul
    usart.o(.data) refers (Special) to use_no_semi_2.o(.text) for __use_no_semihosting
    supersharkv1.0.o(.text) refers to lcd12864.o(.text) for PutBitmap
    supersharkv1.0.o(.text) refers to delay.o(.text) for delay_ms
    supersharkv1.0.o(.text) refers to sys.o(.text) for Stm32_Clock_Init
    supersharkv1.0.o(.text) refers to led.o(.text) for LED_Init
    supersharkv1.0.o(.text) refers to beep.o(.text) for BEEP_Init
    supersharkv1.0.o(.text) refers to getsensor.o(.text) for Sensor_Init
    supersharkv1.0.o(.text) refers to key.o(.text) for Key_Init
    supersharkv1.0.o(.text) refers to remote.o(.text) for Remote_Init
    supersharkv1.0.o(.text) refers to driver.o(.text) for servo_Configuration
    supersharkv1.0.o(.text) refers to myiic.o(.text) for IIC_Init
    supersharkv1.0.o(.text) refers to gy273.o(.text) for Init_HMC5883
    supersharkv1.0.o(.text) refers to timer.o(.text) for Timer2_init
    lcd12864.o(.text) refers to delay.o(.text) for delay_ms
    lcd12864.o(.text) refers to lcd12864.o(.data) for X_Witch
    lcd12864.o(.text) refers to lcd12864.o(.constdata) for gImage_logo
    getsensor.o(.text) refers to stm32f10x_dma.o(.text) for DMA_DeInit
    getsensor.o(.text) refers to stm32f10x_adc.o(.text) for ADC_DeInit
    getsensor.o(.text) refers to stm32f10x_gpio.o(.text) for GPIO_Init
    getsensor.o(.text) refers to stm32f10x_rcc.o(.text) for RCC_APB2PeriphClockCmd
    getsensor.o(.text) refers to getsensor.o(.bss) for AD_Value
    remote.o(.text) refers to sys.o(.text) for Ex_NVIC_Config
    remote.o(.text) refers to delay.o(.text) for delay_us
    remote.o(.text) refers to remote.o(.data) for Remote_Odr
    driver.o(.text) refers to stm32f10x_rcc.o(.text) for RCC_APB1PeriphClockCmd
    driver.o(.text) refers to stm32f10x_tim.o(.text) for TIM_DeInit
    driver.o(.text) refers to stm32f10x_gpio.o(.text) for GPIO_PinRemapConfig
    myiic.o(.text) refers to delay.o(.text) for delay_us
    gy273.o(.text) refers to myiic.o(.text) for IIC_Start
    gy273.o(.text) refers to delay.o(.text) for delay_ms
    gy273.o(.text) refers to fflt_clz.o(x$fpl$fflt) for __aeabi_i2f
    gy273.o(.text) refers to f2d.o(x$fpl$f2d) for __aeabi_f2d
    gy273.o(.text) refers to atan2.o(i.atan2) for atan2
[...]
    ../../signal.c                           0x00000000   Number         0  defsig_rtmem_formal.o ABSOLUTE
    ../../signal.c                           0x00000000   Number         0  defsig_rtmem_outer.o ABSOLUTE
    ../../signal.c                           0x00000000   Number         0  defsig_other.o ABSOLUTE
    ../../signal.c                           0x00000000   Number         0  defsig_segv_inner.o ABSOLUTE
    ../../signal.c                           0x00000000   Number         0  defsig_cppl_inner.o ABSOLUTE
    ../../signal.s                           0x00000000   Number         0  defsig.o ABSOLUTE
    ../../stdlib.c                           0x00000000   Number         0  exit.o ABSOLUTE
    ../../trapv.s                            0x00000000   Number         0  trapv.o ABSOLUTE
    ../../usenofp.s                          0x00000000   Number         0  usenofp.o ABSOLUTE
    ..\HARDWARE\BEEP\beep.c                  0x00000000   Number         0  beep.o ABSOLUTE
    ..\HARDWARE\DRIVER\driver.c              0x00000000   Number         0  driver.o ABSOLUTE
    ..\HARDWARE\GETSENSOR\getsensor.c        0x00000000   Number         0  getsensor.o ABSOLUTE
    ..\HARDWARE\IIC\24cxx.c                  0x00000000   Number         0  24cxx.o ABSOLUTE
    ..\HARDWARE\IIC\GY273.c                  0x00000000   Number         0  gy273.o ABSOLUTE
    ..\HARDWARE\IIC\myiic.c                  0x00000000   Number         0  myiic.o ABSOLUTE
    ..\HARDWARE\KEY\key.c                    0x00000000   Number         0  key.o ABSOLUTE
    ..\HARDWARE\LCD12864\lcd12864.c          0x00000000   Number         0  lcd12864.o ABSOLUTE
    ..\HARDWARE\LED\led.c                    0x00000000   Number         0  led.o ABSOLUTE
    ..\HARDWARE\REMOTE\remote.c              0x00000000   Number         0  remote.o ABSOLUTE
    ..\HARDWARE\TIMER\TIMER.c                0x00000000   Number         0  timer.o ABSOLUTE
    ..\LIB\src\stm32f10x_adc.c               0x00000000   Number         0  stm32f10x_adc.o ABSOLUTE
    ..\LIB\src\stm32f10x_dma.c               0x00000000   Number         0  stm32f10x_dma.o ABSOLUTE
    ..\LIB\src\stm32f10x_gpio.c              0x00000000   Number         0  stm32f10x_gpio.o ABSOLUTE
    ..\LIB\src\stm32f10x_nvic.c              0x00000000   Number         0  stm32f10x_nvic.o ABSOLUTE
    ..\LIB\src\stm32f10x_rcc.c               0x00000000   Number         0  stm32f10x_rcc.o ABSOLUTE
    ..\LIB\src\stm32f10x_tim.c               0x00000000   Number         0  stm32f10x_tim.o ABSOLUTE
    ..\SYSTEM\delay\delay.c                  0x00000000   Number         0  delay.o ABSOLUTE
    ..\SYSTEM\sys\sys.c                      0x00000000   Number         0  sys.o ABSOLUTE
    ..\SYSTEM\usart\usart.c                  0x00000000   Number         0  usart.o ABSOLUTE
    ..\\SYSTEM\\sys\\sys.c                   0x00000000   Number         0  sys.o ABSOLUTE
    ..\start\cortexm3_macro.s                0x00000000   Number         0  cortexm3_macro.o ABSOLUTE
    ..\start\stm32f10x_vector.s              0x00000000   Number         0  stm32f10x_vector.o ABSOLUTE
    SuperSharkV1.0.c                         0x00000000   Number         0  supersharkv1.0.o ABSOLUTE
    dc.s                                     0x00000000   Number         0  dc.o ABSOLUTE
    main.c                                   0x00000000   Number         0  main.o ABSOLUTE
    stm32f10x_it.c                           0x00000000   Number         0  stm32f10x_it.o ABSOLUTE
    RESET                                    0x08000000   Section      304  stm32f10x_vector.o(RESET)
    !!!main                                  0x08000130   Section        8  __main.o(!!!main)
    !!!scatter                               0x08000138   Section       52  __scatter.o(!!!scatter)
    !!handler_copy                           0x0800016c   Section       26  __scatter_copy.o(!!handler_copy)
    !!handler_zi                             0x08000188   Section       28  __scatter_zi.o(!!handler_zi)
    .ARM.Collect$$libinit$$00000000          0x080001a4   Section        6  libinit.o(.ARM.Collect$$libinit$$00000000)
    .ARM.Collect$$libinit$$00000006          0x080001aa   Section        0  libinit2.o(.ARM.Collect$$libinit$$00000006)
    .ARM.Collect$$libinit$$00000008          0x080001aa   Section        0  libinit2.o(.ARM.Collect$$libinit$$00000008)
    .ARM.Collect$$libinit$$0000000A          0x080001aa   Section        0  libinit2.o(.ARM.Collect$$libinit$$0000000A)
    .ARM.Collect$$libinit$$0000000D          0x080001aa   Section        0  libinit2.o(.ARM.Collect$$libinit$$0000000D)
    .ARM.Collect$$libinit$$0000000F          0x080001aa   Section        0  libinit2.o(.ARM.Collect$$libinit$$0000000F)
    .ARM.Collect$$libinit$$00000011          0x080001aa   Section        0  libinit2.o(.ARM.Collect$$libinit$$00000011)
    .ARM.Collect$$libinit$$00000013          0x080001aa   Section        0  libinit2.o(.ARM.Collect$$libinit$$00000013)
    .ARM.Collect$$libinit$$00000015          0x080001aa   Section        0  libinit2.o(.ARM.Collect$$libinit$$00000015)
    .ARM.Collect$$libinit$$00000017          0x080001aa   Section        0  libinit2.o(.ARM.Collect$$libinit$$00000017)
    .ARM.Collect$$libinit$$00000019          0x080001aa   Section        0  libinit2.o(.ARM.Collect$$libinit$$00000019)
    .ARM.Collect$$libinit$$0000001B          0x080001aa   Section        0  libinit2.o(.ARM.Collect$$libinit$$0000001B)
    .ARM.Collect$$libinit$$0000001D          0x080001aa   Section        0  libinit2.o(.ARM.Collect$$libinit$$0000001D)
    .ARM.Collect$$libinit$$0000001F          0x080001aa   Section        0  libinit2.o(.ARM.Collect$$libinit$$0000001F)
    .ARM.Collect$$libinit$$00000021          0x080001aa   Section        0  libinit2.o(.ARM.Collect$$libinit$$00000021)
    .ARM.Collect$$libinit$$00000028          0x080001aa   Section        0  libinit2.o(.ARM.Collect$$libinit$$00000028)
    .ARM.Collect$$libinit$$0000002A          0x080001aa   Section        0  libinit2.o(.ARM.Collect$$libinit$$0000002A)
    .ARM.Collect$$libinit$$0000002C          0x080001aa   Section        0  libinit2.o(.ARM.Collect$$libinit$$0000002C)
    .ARM.Collect$$libinit$$0000002E          0x080001aa   Section        0  libinit2.o(.ARM.Collect$$libinit$$0000002E)
    .ARM.Collect$$libinit$$0000002F          0x080001aa   Section        2  libinit2.o(.ARM.Collect$$libinit$$0000002F)
    .ARM.Collect$$libshutdown$$00000000      0x080001ac   Section        2  libshutdown.o(.ARM.Collect$$libshutdown$$00000000)
    .ARM.Collect$$libshutdown$$00000003      0x080001ae   Section        0  libshutdown2.o(.ARM.Collect$$libshutdown$$00000003)
    .ARM.Collect$$libshutdown$$00000006      0x080001ae   Section        0  libshutdown2.o(.ARM.Collect$$libshutdown$$00000006)
    .ARM.Collect$$libshutdown$$00000009      0x080001ae   Section        0  libshutdown2.o(.ARM.Collect$$libshutdown$$00000009)
    .ARM.Collect$$libshutdown$$0000000B      0x080001ae   Section        0  libshutdown2.o(.ARM.Collect$$libshutdown$$0000000B)
    .ARM.Collect$$libshutdown$$0000000E      0x080001ae   Section        0  libshutdown2.o(.ARM.Collect$$libshutdown$$0000000E)
    .ARM.Collect$$libshutdown$$0000000F      0x080001ae   Section        2  libshutdown2.o(.ARM.Collect$$libshutdown$$0000000F)
    .ARM.Collect$$rtentry$$00000000          0x080001b0   Section        0  rtentry.o(.ARM.Collect$$rtentry$$00000000)
    .ARM.Collect$$rtentry$$00000002          0x080001b0   Section        0  rtentry2.o(.ARM.Collect$$rtentry$$00000002)
    .ARM.Collect$$rtentry$$00000004          0x080001b0   Section        6  rtentry4.o(.ARM.Collect$$rtentry$$00000004)
    .ARM.Collect$$rtentry$$00000009          0x080001b6   Section        0  rtentry2.o(.ARM.Collect$$rtentry$$00000009)
    .ARM.Collect$$rtentry$$0000000A          0x080001b6   Section        4  rtentry2.o(.ARM.Collect$$rtentry$$0000000A)
    .ARM.Collect$$rtentry$$0000000C          0x080001ba   Section        0  rtentry2.o(.ARM.Collect$$rtentry$$0000000C)
    .ARM.Collect$$rtentry$$0000000D          0x080001ba   Section        8  rtentry2.o(.ARM.Collect$$rtentry$$0000000D)
    .ARM.Collect$$rtexit$$00000000           0x080001c2   Section        0  rtexit.o(.ARM.Collect$$rtexit$$00000000)
    .ARM.Collect$$rtexit$$00000002           0x080001c2   Section        0  rtexit2.o(.ARM.Collect$$rtexit$$00000002)
    .ARM.Collect$$rtexit$$00000003           0x080001c2   Section        4  rtexit2.o(.ARM.Collect$$rtexit$$00000003)
    .ARM.Collect$$rtexit$$00000004           0x080001c6   Section        4  rtexit2.o(.ARM.Collect$$rtexit$$00000004)
    .emb_text                                0x080001cc   Section        2  sys.o(.emb_text)
    .text                                    0x080001d0   Section      122  cortexm3_macro.o(.text)
    .text                                    0x0800024c   Section       36  stm32f10x_vector.o(.text)
    .text                                    0x08000270   Section      796  stm32f10x_gpio.o(.text)
    .text                                    0x0800058c   Section      908  stm32f10x_rcc.o(.text)
    .text                                    0x08000918   Section     1058  stm32f10x_adc.o(.text)
    .text                                    0x08000d3c   Section      592  stm32f10x_dma.o(.text)
    .text                                    0x08000f8c   Section     1004  stm32f10x_nvic.o(.text)
    .text                                    0x08001378   Section     2842  stm32f10x_tim.o(.text)
    TI4_Config                               0x0800167b   Thumb Code    66  stm32f10x_tim.o(.text)
    TI3_Config                               0x080016cf   Thumb Code    60  stm32f10x_tim.o(.text)
    TI2_Config                               0x08001721   Thumb Code    80  stm32f10x_tim.o(.text)
    TI1_Config                               0x08001783   Thumb Code    50  stm32f10x_tim.o(.text)
    .text                                    0x08001e94   Section      552  stm32f10x_it.o(.text)
    .text                                    0x080020bc   Section      202  main.o(.text)
    .text                                    0x08002188   Section      156  delay.o(.text)
    .text                                    0x08002224   Section      740  sys.o(.text)
    .text                                    0x08002508   Section      236  usart.o(.text)
    .text                                    0x080025f4   Section       72  led.o(.text)
    .text                                    0x0800263c   Section      164  supersharkv1.0.o(.text)
    .text                                    0x080026e0   Section       72  beep.o(.text)
    .text                                    0x08002728   Section     1072  lcd12864.o(.text)
    .text                                    0x08002b58   Section     1964  getsensor.o(.text)
    .text                                    0x08003304   Section      132  key.o(.text)
    .text                                    0x08003388   Section      184  remote.o(.text)
    .text                                    0x08003440   Section      916  driver.o(.text)
    .text                                    0x080037d4   Section      668  myiic.o(.text)
    .text                                    0x08003a70   Section      548  gy273.o(.text)
    .text                                    0x08003c94   Section      136  timer.o(.text)
    .text                                    0x08003d1c   Section        2  use_no_semi_2.o(.text)
    .text                                    0x08003d1e   Section        6  heapauxi.o(.text)
    .text                                    0x08003d24   Section        2  use_no_semi.o(.text)
    .text                                    0x08003d26   Section       22  _rserrno.o(.text)
    .text                                    0x08003d3c   Section       12  rt_errno_addr_intlibspace.o(.text)
    .text                                    0x08003d48   Section        8  libspace.o(.text)
    .text                                    0x08003d50   Section       74  sys_stackheap_outer.o(.text)
    .text                                    0x08003d9a   Section       12  exit.o(.text)
    i.__kernel_poly                          0x08003da6   Section      162  poly.o(i.__kernel_poly)
    i.atan                                   0x08003e48   Section      552  atan.o(i.atan)
    i.atan2                                  0x08004070   Section      376  atan2.o(i.atan2)
    x$fpl$d2f                                0x080041e8   Section      148  d2f.o(x$fpl$d2f)
    x$fpl$dadd                               0x0800427c   Section      440  daddsub_clz.o(x$fpl$dadd)
    _dadd1                                   0x0800428d   Thumb Code     0  daddsub_clz.o(x$fpl$dadd)
    x$fpl$dcheck                             0x08004434   Section       16  dcheck.o(x$fpl$dcheck)
    x$fpl$dcheck1                            0x08004444   Section       16  dcheck1.o(x$fpl$dcheck1)
    x$fpl$dcmpinfnan                         0x08004454   Section      120  dcmpin.o(x$fpl$dcmpinfnan)
    x$fpl$ddiv                               0x080044cc   Section     1024  ddiv.o(x$fpl$ddiv)
    ddiv_entry                               0x080044cf   Thumb Code     0  ddiv.o(x$fpl$ddiv)
    x$fpl$dflt                               0x080048cc   Section       44  dflt_clz.o(x$fpl$dflt)
    x$fpl$dmul                               0x080048f8   Section      456  dmul.o(x$fpl$dmul)
    x$fpl$drleqf                             0x08004ac0   Section      136  drleqf.o(x$fpl$drleqf)
    x$fpl$drsb                               0x08004b48   Section       22  daddsub_clz.o(x$fpl$drsb)
    x$fpl$dsub                               0x08004b60   Section      584  daddsub_clz.o(x$fpl$dsub)
    _dsub1                                   0x08004b71   Thumb Code     0  daddsub_clz.o(x$fpl$dsub)
    x$fpl$dunder                             0x08004da8   Section      236  dunder.o(x$fpl$dunder)
    x$fpl$f2d                                0x08004e94   Section       80  f2d.o(x$fpl$f2d)
    x$fpl$fadd                               0x08004ee4   Section      256  faddsub_clz.o(x$fpl$fadd)
    _fadd1                                   0x08004ef3   Thumb Code     0  faddsub_clz.o(x$fpl$fadd)
    x$fpl$fcheck                             0x08004fe4   Section       12  fcheck.o(x$fpl$fcheck)
    x$fpl$fcheck1                            0x08004ff0   Section       12  fcheck1.o(x$fpl$fcheck1)
    x$fpl$fdiv                               0x08004ffc   Section      484  fdiv.o(x$fpl$fdiv)
    _fdiv1                                   0x08004ffd   Thumb Code     0  fdiv.o(x$fpl$fdiv)
    x$fpl$ffixu                              0x080051e0   Section       88  ffixu.o(x$fpl$ffixu)
    x$fpl$fflt                               0x08005238   Section       50  fflt_clz.o(x$fpl$fflt)
    x$fpl$ffltu                              0x0800526a   Section        8  fflt_clz.o(x$fpl$ffltu)
    x$fpl$fmul                               0x08005274   Section      264  fmul.o(x$fpl$fmul)
    x$fpl$fnorm2                             0x0800537c   Section       74  fnorm2_clz.o(x$fpl$fnorm2)
    x$fpl$frsb                               0x080053c6   Section       20  faddsub_clz.o(x$fpl$frsb)
    x$fpl$fsub                               0x080053dc   Section      292  faddsub_clz.o(x$fpl$fsub)
    _fsub1                                   0x080053eb   Thumb Code     0  faddsub_clz.o(x$fpl$fsub)
    x$fpl$funder                             0x08005500   Section      134  funder.o(x$fpl$funder)
    x$fpl$retnan                             0x08005586   Section      100  retnan.o(x$fpl$retnan)
    x$fpl$scalbn                             0x080055ea   Section       96  scalbn.o(x$fpl$scalbn)
    x$fpl$trapveneer                         0x0800564a   Section       48  trapv.o(x$fpl$trapveneer)
    .constdata                               0x0800567a   Section       20  stm32f10x_rcc.o(.constdata)
    x$fpl$usenofp                            0x0800567a   Section        0  usenofp.o(x$fpl$usenofp)
    APBAHBPrescTable                         0x0800567a   Data          16  stm32f10x_rcc.o(.constdata)
    ADCPrescTable                            0x0800568a   Data           4  stm32f10x_rcc.o(.constdata)
    .constdata                               0x0800568e   Section      576  lcd12864.o(.constdata)
    .constdata                               0x080058d0   Section      152  atan.o(.constdata)
    atanhi                                   0x080058d0   Data          32  atan.o(.constdata)
    atanlo                                   0x080058f0   Data          32  atan.o(.constdata)
    aTodd                                    0x08005910   Data          40  atan.o(.constdata)
    aTeven                                   0x08005938   Data          48  atan.o(.constdata)
    .constdata                               0x08005968   Section        8  qnan.o(.constdata)
    .data                                    0x20000000   Section        4  stm32f10x_it.o(.data)
    .data                                    0x20000004   Section        4  delay.o(.data)
    fac_us                                   0x20000004   Data           1  delay.o(.data)
    fac_ms                                   0x20000006   Data           2  delay.o(.data)
    .data                                    0x20000008   Section        5  lcd12864.o(.data)
    .data                                    0x20000010   Section        6  remote.o(.data)
    .bss                                     0x20000018   Section      132  getsensor.o(.bss)
    .bss                                     0x2000009c   Section       96  libspace.o(.bss)
    HEAP                                     0x20000100   Section     1024  stm32f10x_vector.o(HEAP)
    Heap_Mem                                 0x20000100   Data        1024  stm32f10x_vector.o(HEAP)
    STACK                                    0x20000500   Section     1024  stm32f10x_vector.o(STACK)
    Stack_Mem                                0x20000500   Data        1024  stm32f10x_vector.o(STACK)
    __initial_sp                             0x20000900   Data           0  stm32f10x_vector.o(STACK)

    Global Symbols

    Symbol Name                              Value     Ov Type        Size  Object(Section)

    BuildAttributes$$THM_ISAv4$P$D$K$B$S$PE$A:L22UL41UL21$X:L11$S22US41US21$IEEE1$IW$USESV6$~STKCKD$USESV7$~SHL$OSPACE$ROPI$IEEEJ$EBA8$UX$STANDARDLIB$REQ8$PRES8$EABIv2 0x00000000   Number         0  anon$$obj.o ABSOLUTE
    __ARM_use_no_argv                        0x00000000   Number         0  main.o ABSOLUTE
    __ARM_exceptions_init                     - Undefined Weak Reference
    __alloca_initialize                       - Undefined Weak Reference
    __cpp_initialize__aeabi_                  - Undefined Weak Reference
    __cxa_finalize                            - Undefined Weak Reference
    __fpl_infinity                            - Undefined Weak Reference
    __rt_locale                               - Undefined Weak Reference
    __sigvec_lookup                           - Undefined Weak Reference
    _atexit_init                              - Undefined Weak Reference
    _call_atexit_fns                          - Undefined Weak Reference
    _clock_init                               - Undefined Weak Reference
    _fp_trap_init                             - Undefined Weak Reference
    _fp_trap_shutdown                         - Undefined Weak Reference
    _get_lc_collate                           - Undefined Weak Reference
    _get_lc_ctype                             - Undefined Weak Reference
    _get_lc_monetary                          - Undefined Weak Reference
    _get_lc_numeric                           - Undefined Weak Reference
    _get_lc_time                              - Undefined Weak Reference
    _getenv_init                              - Undefined Weak Reference
    _handle_redirection                       - Undefined Weak Reference
    _init_alloc                               - Undefined Weak Reference
    _init_user_alloc                          - Undefined Weak Reference
    _initio                                   - Undefined Weak Reference
    _rand_init                                - Undefined Weak Reference
    _signal_finish                            - Undefined Weak Reference
    _signal_init                              - Undefined Weak Reference
    _terminate_alloc                          - Undefined Weak Reference
    _terminate_user_alloc                     - Undefined Weak Reference
    _terminateio                              - Undefined Weak Reference
    __Vectors                                0x08000000   Data           4  stm32f10x_vector.o(RESET)
    __main                                   0x08000131   Thumb Code     8  __main.o(!!!main)
    __scatterload                            0x08000139   Thumb Code     0  __scatter.o(!!!scatter)
    __scatterload_rt2                        0x08000139   Thumb Code    44  __scatter.o(!!!scatter)
    __scatterload_rt2_thumb_only             0x08000139   Thumb Code     0  __scatter.o(!!!scatter)
    __scatterload_null                       0x08000147   Thumb Code     0  __scatter.o(!!!scatter)
    __scatterload_copy                       0x0800016d   Thumb Code    26  __scatter_copy.o(!!handler_copy)
    __scatterload_zeroinit                   0x08000189   Thumb Code    28  __scatter_zi.o(!!handler_zi)
    __rt_lib_init                            0x080001a5   Thumb Code     0  libinit.o(.ARM.Collect$$libinit$$00000000)
    __rt_lib_init_alloca_1                   0x080001ab   Thumb Code     0  libinit2.o(.ARM.Collect$$libinit$$0000002A)
    __rt_lib_init_argv_1                     0x080001ab   Thumb Code     0  libinit2.o(.ARM.Collect$$libinit$$00000028)
    __rt_lib_init_atexit_1                   0x080001ab   Thumb Code     0  libinit2.o(.ARM.Collect$$libinit$$00000017)
    __rt_lib_init_clock_1                    0x080001ab   Thumb Code     0  libinit2.o(.ARM.Collect$$libinit$$0000001D)
    __rt_lib_init_cpp_1                      0x080001ab   Thumb Code     0  libinit2.o(.ARM.Collect$$libinit$$0000002E)
    __rt_lib_init_exceptions_1               0x080001ab   Thumb Code     0  libinit2.o(.ARM.Collect$$libinit$$0000002C)
    __rt_lib_init_fp_trap_1                  0x080001ab   Thumb Code     0  libinit2.o(.ARM.Collect$$libinit$$0000001B)
    __rt_lib_init_getenv_1                   0x080001ab   Thumb Code     0  libinit2.o(.ARM.Collect$$libinit$$0000001F)
    __rt_lib_init_heap_1                     0x080001ab   Thumb Code     0  libinit2.o(.ARM.Collect$$libinit$$00000006)
    __rt_lib_init_lc_collate_1               0x080001ab   Thumb Code     0  libinit2.o(.ARM.Collect$$libinit$$0000000D)
    __rt_lib_init_lc_ctype_1                 0x080001ab   Thumb Code     0  libinit2.o(.ARM.Collect$$libinit$$0000000F)
    __rt_lib_init_lc_monetary_1              0x080001ab   Thumb Code     0  libinit2.o(.ARM.Collect$$libinit$$00000011)
    __rt_lib_init_lc_numeric_1               0x080001ab   Thumb Code     0  libinit2.o(.ARM.Collect$$libinit$$00000013)
    __rt_lib_init_lc_time_1                  0x080001ab   Thumb Code     0  libinit2.o(.ARM.Collect$$libinit$$00000015)
    __rt_lib_init_rand_1                     0x080001ab   Thumb Code     0  libinit2.o(.ARM.Collect$$libinit$$0000000A)
    __rt_lib_init_return                     0x080001ab   Thumb Code     0  libinit2.o(.ARM.Collect$$libinit$$0000002F)
    __rt_lib_init_signal_1                   0x080001ab   Thumb Code     0  libinit2.o(.ARM.Collect$$libinit$$00000019)
    __rt_lib_init_stdio_1                    0x080001ab   Thumb Code     0  libinit2.o(.ARM.Collect$$libinit$$00000021)
    __rt_lib_init_user_alloc_1               0x080001ab   Thumb Code     0  libinit2.o(.ARM.Collect$$libinit$$00000008)
    __rt_lib_shutdown                        0x080001ad   Thumb Code     0  libshutdown.o(.ARM.Collect$$libshutdown$$00000000)
    __rt_lib_shutdown_fp_trap_1              0x080001af   Thumb Code     0  libshutdown2.o(.ARM.Collect$$libshutdown$$00000006)
    __rt_lib_shutdown_heap_1                 0x080001af   Thumb Code     0  libshutdown2.o(.ARM.Collect$$libshutdown$$0000000E)
    __rt_lib_shutdown_return                 0x080001af   Thumb Code     0  libshutdown2.o(.ARM.Collect$$libshutdown$$0000000F)
    __rt_lib_shutdown_signal_1               0x080001af   Thumb Code     0  libshutdown2.o(.ARM.Collect$$libshutdown$$00000009)
    __rt_lib_shutdown_stdio_1                0x080001af   Thumb Code     0  libshutdown2.o(.ARM.Collect$$libshutdown$$00000003)
    __rt_lib_shutdown_user_alloc_1           0x080001af   Thumb Code     0  libshutdown2.o(.ARM.Collect$$libshutdown$$0000000B)
    __rt_entry                               0x080001b1   Thumb Code     0  rtentry.o(.ARM.Collect$$rtentry$$00000000)
    __rt_entry_presh_1                       0x080001b1   Thumb Code     0  rtentry2.o(.ARM.Collect$$rtentry$$00000002)
    __rt_entry_sh                            0x080001b1   Thumb Code     0  rtentry4.o(.ARM.Collect$$rtentry$$00000004)
    __rt_entry_li                            0x080001b7   Thumb Code     0  rtentry2.o(.ARM.Collect$$rtentry$$0000000A)
    __rt_entry_postsh_1                      0x080001b7   Thumb Code     0  rtentry2.o(.ARM.Collect$$rtentry$$00000009)
    __rt_entry_main                          0x080001bb   Thumb Code     0  rtentry2.o(.ARM.Collect$$rtentry$$0000000D)
    __rt_entry_postli_1                      0x080001bb   Thumb Code     0  rtentry2.o(.ARM.Collect$$rtentry$$0000000C)
    __rt_exit                                0x080001c3   Thumb Code     0  rtexit.o(.ARM.Collect$$rtexit$$00000000)
    __rt_exit_ls                             0x080001c3   Thumb Code     0  rtexit2.o(.ARM.Collect$$rtexit$$00000003)
    __rt_exit_prels_1                        0x080001c3   Thumb Code     0  rtexit2.o(.ARM.Collect$$rtexit$$00000002)
    __rt_exit_exit                           0x080001c7   Thumb Code     0  rtexit2.o(.ARM.Collect$$rtexit$$00000004)
    WFI_SET                                  0x080001cd   Thumb Code     2  sys.o(.emb_text)
    __WFI                                    0x080001d1   Thumb Code     0  cortexm3_macro.o(.text)
    __WFE                                    0x080001d5   Thumb Code     0  cortexm3_macro.o(.text)
    __SEV                                    0x080001d9   Thumb Code     0  cortexm3_macro.o(.text)
    __ISB                                    0x080001dd   Thumb Code     0  cortexm3_macro.o(.text)
    __DSB                                    0x080001e3   Thumb Code     0  cortexm3_macro.o(.text)
    __DMB                                    0x080001e9   Thumb Code     0  cortexm3_macro.o(.text)
    __SVC                                    0x080001ef   Thumb Code     0  cortexm3_macro.o(.text)
    __MRS_CONTROL                            0x080001f3   Thumb Code     0  cortexm3_macro.o(.text)
    __MSR_CONTROL                            0x080001f9   Thumb Code     0  cortexm3_macro.o(.text)
    __MRS_PSP                                0x08000203   Thumb Code     0  cortexm3_macro.o(.text)
    __MSR_PSP                                0x08000209   Thumb Code     0  cortexm3_macro.o(.text)
    __MRS_MSP                                0x0800020f   Thumb Code     0  cortexm3_macro.o(.text)
    __MSR_MSP                                0x08000215   Thumb Code     0  cortexm3_macro.o(.text)
    __RESETPRIMASK                           0x0800021b   Thumb Code     0  cortexm3_macro.o(.text)
    __SETPRIMASK                             0x0800021f   Thumb Code     0  cortexm3_macro.o(.text)
    __READ_PRIMASK                           0x08000223   Thumb Code     0  cortexm3_macro.o(.text)
    __SETFAULTMASK                           0x08000229   Thumb Code     0  cortexm3_macro.o(.text)
    __RESETFAULTMASK                         0x0800022d   Thumb Code     0  cortexm3_macro.o(.text)
    __READ_FAULTMASK                         0x08000231   Thumb Code     0  cortexm3_macro.o(.text)
    __BASEPRICONFIG                          0x08000237   Thumb Code     0  cortexm3_macro.o(.text)
    __GetBASEPRI                             0x0800023d   Thumb Code     0  cortexm3_macro.o(.text)
    __REV_HalfWord                           0x08000243   Thumb Code     0  cortexm3_macro.o(.text)
    __REV_Word                               0x08000247   Thumb Code     0  cortexm3_macro.o(.text)
    Reset_Handler                            0x0800024d   Thumb Code     4  stm32f10x_vector.o(.text)
    __user_initial_stackheap                 0x08000251   Thumb Code     0  stm32f10x_vector.o(.text)
    GPIO_DeInit                              0x08000271   Thumb Code   188  stm32f10x_gpio.o(.text)
    GPIO_AFIODeInit                          0x0800032d   Thumb Code    20  stm32f10x_gpio.o(.text)
    GPIO_Init                                0x08000341   Thumb Code   268  stm32f10x_gpio.o(.text)
    GPIO_StructInit                          0x0800044d   Thumb Code    16  stm32f10x_gpio.o(.text)
    GPIO_ReadInputDataBit                    0x0800045d   Thumb Code    18  stm32f10x_gpio.o(.text)
    GPIO_ReadInputData                       0x0800046f   Thumb Code     8  stm32f10x_gpio.o(.text)
    GPIO_ReadOutputDataBit                   0x08000477   Thumb Code    18  stm32f10x_gpio.o(.text)
    GPIO_ReadOutputData                      0x08000489   Thumb Code     8  stm32f10x_gpio.o(.text)
    GPIO_SetBits                             0x08000491   Thumb Code     4  stm32f10x_gpio.o(.text)
    GPIO_ResetBits                           0x08000495   Thumb Code     4  stm32f10x_gpio.o(.text)
    GPIO_WriteBit                            0x08000499   Thumb Code    10  stm32f10x_gpio.o(.text)
    GPIO_Write                               0x080004a3   Thumb Code     4  stm32f10x_gpio.o(.text)
    GPIO_PinLockConfig                       0x080004a7   Thumb Code    18  stm32f10x_gpio.o(.text)
    GPIO_EventOutputConfig                   0x080004b9   Thumb Code    24  stm32f10x_gpio.o(.text)
    GPIO_EventOutputCmd                      0x080004d1   Thumb Code     6  stm32f10x_gpio.o(.text)
    GPIO_PinRemapConfig                      0x080004d7   Thumb Code   104  stm32f10x_gpio.o(.text)
    GPIO_EXTILineConfig                      0x0800053f   Thumb Code    60  stm32f10x_gpio.o(.text)
    RCC_DeInit                               0x0800058d   Thumb Code    62  stm32f10x_rcc.o(.text)
    RCC_HSEConfig                            0x080005cb   Thumb Code    70  stm32f10x_rcc.o(.text)
    RCC_GetFlagStatus                        0x08000611   Thumb Code    56  stm32f10x_rcc.o(.text)
    RCC_WaitForHSEStartUp                    0x08000649   Thumb Code    46  stm32f10x_rcc.o(.text)
    RCC_AdjustHSICalibrationValue            0x08000677   Thumb Code    18  stm32f10x_rcc.o(.text)
    RCC_HSICmd                               0x08000689   Thumb Code     6  stm32f10x_rcc.o(.text)
    RCC_PLLConfig                            0x0800068f   Thumb Code    22  stm32f10x_rcc.o(.text)
    RCC_PLLCmd                               0x080006a5   Thumb Code     6  stm32f10x_rcc.o(.text)
    RCC_SYSCLKConfig                         0x080006ab   Thumb Code    16  stm32f10x_rcc.o(.text)
    RCC_GetSYSCLKSource                      0x080006bb   Thumb Code    10  stm32f10x_rcc.o(.text)
    RCC_HCLKConfig                           0x080006c5   Thumb Code    16  stm32f10x_rcc.o(.text)
    RCC_PCLK1Config                          0x080006d5   Thumb Code    16  stm32f10x_rcc.o(.text)
    RCC_PCLK2Config                          0x080006e5   Thumb Code    18  stm32f10x_rcc.o(.text)
    RCC_ITConfig                             0x080006f7   Thumb Code    30  stm32f10x_rcc.o(.text)
    RCC_USBCLKConfig                         0x08000715   Thumb Code     8  stm32f10x_rcc.o(.text)
    RCC_ADCCLKConfig                         0x0800071d   Thumb Code    16  stm32f10x_rcc.o(.text)
    RCC_LSEConfig                            0x0800072d   Thumb Code    50  stm32f10x_rcc.o(.text)
    RCC_LSICmd                               0x0800075f   Thumb Code     6  stm32f10x_rcc.o(.text)
    RCC_RTCCLKConfig                         0x08000765   Thumb Code    12  stm32f10x_rcc.o(.text)
    RCC_RTCCLKCmd                            0x08000771   Thumb Code     8  stm32f10x_rcc.o(.text)
    RCC_GetClocksFreq                        0x08000779   Thumb Code   194  stm32f10x_rcc.o(.text)
    RCC_AHBPeriphClockCmd                    0x0800083b   Thumb Code    26  stm32f10x_rcc.o(.text)
    RCC_APB2PeriphClockCmd                   0x08000855   Thumb Code    26  stm32f10x_rcc.o(.text)
    RCC_APB1PeriphClockCmd                   0x0800086f   Thumb Code    26  stm32f10x_rcc.o(.text)
    RCC_APB2PeriphResetCmd                   0x08000889   Thumb Code    26  stm32f10x_rcc.o(.text)
    RCC_APB1PeriphResetCmd                   0x080008a3   Thumb Code    26  stm32f10x_rcc.o(.text)
    RCC_BackupResetCmd                       0x080008bd   Thumb Code     8  stm32f10x_rcc.o(.text)
    RCC_ClockSecuritySystemCmd               0x080008c5   Thumb Code     6  stm32f10x_rcc.o(.text)
    RCC_MCOConfig                            0x080008cb   Thumb Code     6  stm32f10x_rcc.o(.text)
    RCC_ClearFlag                            0x080008d1   Thumb Code    14  stm32f10x_rcc.o(.text)
    RCC_GetITStatus                          0x080008df   Thumb Code    20  stm32f10x_rcc.o(.text)
    RCC_ClearITPendingBit                    0x080008f3   Thumb Code     6  stm32f10x_rcc.o(.text)
    ADC_DeInit                               0x08000919   Thumb Code    90  stm32f10x_adc.o(.text)
    ADC_Init                                 0x08000973   Thumb Code    68  stm32f10x_adc.o(.text)
    ADC_StructInit                           0x080009b7   Thumb Code    18  stm32f10x_adc.o(.text)
    ADC_Cmd                                  0x080009c9   Thumb Code    22  stm32f10x_adc.o(.text)
    ADC_DMACmd                               0x080009df   Thumb Code    22  stm32f10x_adc.o(.text)
    ADC_ITConfig                             0x080009f5   Thumb Code    24  stm32f10x_adc.o(.text)
    ADC_ResetCalibration                     0x08000a0d   Thumb Code    10  stm32f10x_adc.o(.text)
    ADC_GetResetCalibrationStatus            0x08000a17   Thumb Code    20  stm32f10x_adc.o(.text)
    ADC_StartCalibration                     0x08000a2b   Thumb Code    10  stm32f10x_adc.o(.text)
    ADC_GetCalibrationStatus                 0x08000a35   Thumb Code    20  stm32f10x_adc.o(.text)
    ADC_SoftwareStartConvCmd                 0x08000a49   Thumb Code    22  stm32f10x_adc.o(.text)
    ADC_GetSoftwareStartConvStatus           0x08000a5f   Thumb Code    20  stm32f10x_adc.o(.text)
    ADC_DiscModeChannelCountConfig           0x08000a73   Thumb Code    22  stm32f10x_adc.o(.text)
    ADC_DiscModeCmd                          0x08000a89   Thumb Code    22  stm32f10x_adc.o(.text)
    ADC_RegularChannelConfig                 0x08000a9f   Thumb Code   180  stm32f10x_adc.o(.text)
    ADC_ExternalTrigConvCmd                  0x08000b53   Thumb Code    22  stm32f10x_adc.o(.text)
    ADC_GetConversionValue                   0x08000b69   Thumb Code     8  stm32f10x_adc.o(.text)
    ADC_GetDualModeConversionValue           0x08000b71   Thumb Code     6  stm32f10x_adc.o(.text)
    ADC_AutoInjectedConvCmd                  0x08000b77   Thumb Code    22  stm32f10x_adc.o(.text)
    ADC_InjectedDiscModeCmd                  0x08000b8d   Thumb Code    22  stm32f10x_adc.o(.text)
    ADC_ExternalTrigInjectedConvConfig       0x08000ba3   Thumb Code    14  stm32f10x_adc.o(.text)
    ADC_ExternalTrigInjectedConvCmd          0x08000bb1   Thumb Code    22  stm32f10x_adc.o(.text)
    ADC_SoftwareStartInjectedConvCmd         0x08000bc7   Thumb Code    22  stm32f10x_adc.o(.text)
    ADC_GetSoftwareStartInjectedConvCmdStatus 0x08000bdd   Thumb Code    20  stm32f10x_adc.o(.text)
    ADC_InjectedChannelConfig                0x08000bf1   Thumb Code   126  stm32f10x_adc.o(.text)
    ADC_InjectedSequencerLengthConfig        0x08000c6f   Thumb Code    22  stm32f10x_adc.o(.text)
    ADC_SetInjectedOffset                    0x08000c85   Thumb Code     4  stm32f10x_adc.o(.text)
    ADC_GetInjectedConversionValue           0x08000c89   Thumb Code    10  stm32f10x_adc.o(.text)
    ADC_AnalogWatchdogCmd                    0x08000c93   Thumb Code    14  stm32f10x_adc.o(.text)
    ADC_AnalogWatchdogThresholdsConfig       0x08000ca1   Thumb Code     6  stm32f10x_adc.o(.text)
    ADC_AnalogWatchdogSingleChannelConfig    0x08000ca7   Thumb Code    14  stm32f10x_adc.o(.text)
    ADC_TempSensorVrefintCmd                 0x08000cb5   Thumb Code    38  stm32f10x_adc.o(.text)
    ADC_GetFlagStatus                        0x08000cdb   Thumb Code    18  stm32f10x_adc.o(.text)
    ADC_ClearFlag                            0x08000ced   Thumb Code     6  stm32f10x_adc.o(.text)
    ADC_GetITStatus                          0x08000cf3   Thumb Code    62  stm32f10x_adc.o(.text)
    ADC_ClearITPendingBit                    0x08000d31   Thumb Code    10  stm32f10x_adc.o(.text)
    DMA_DeInit                               0x08000d3d   Thumb Code   326  stm32f10x_dma.o(.text)
    DMA_Init                                 0x08000e83   Thumb Code    60  stm32f10x_dma.o(.text)
    DMA_StructInit                           0x08000ebf   Thumb Code    26  stm32f10x_dma.o(.text)
    DMA_Cmd                                  0x08000ed9   Thumb Code    22  stm32f10x_dma.o(.text)
    DMA_ITConfig                             0x08000eef   Thumb Code    18  stm32f10x_dma.o(.text)
    DMA_GetCurrDataCounter                   0x08000f01   Thumb Code     8  stm32f10x_dma.o(.text)
    DMA_GetFlagStatus                        0x08000f09   Thumb Code    38  stm32f10x_dma.o(.text)
    DMA_ClearFlag                            0x08000f2f   Thumb Code    20  stm32f10x_dma.o(.text)
    DMA_GetITStatus                          0x08000f43   Thumb Code    38  stm32f10x_dma.o(.text)
    DMA_ClearITPendingBit                    0x08000f69   Thumb Code    20  stm32f10x_dma.o(.text)
    NVIC_DeInit                              0x08000f8d   Thumb Code    54  stm32f10x_nvic.o(.text)
    NVIC_SCBDeInit                           0x08000fc3   Thumb Code    92  stm32f10x_nvic.o(.text)
    NVIC_PriorityGroupConfig                 0x0800101f   Thumb Code    12  stm32f10x_nvic.o(.text)
    NVIC_Init                                0x0800102b   Thumb Code   154  stm32f10x_nvic.o(.text)
    NVIC_StructInit                          0x080010c5   Thumb Code    12  stm32f10x_nvic.o(.text)
    NVIC_SETPRIMASK                          0x080010d1   Thumb Code     8  stm32f10x_nvic.o(.text)
    NVIC_RESETPRIMASK                        0x080010d9   Thumb Code     8  stm32f10x_nvic.o(.text)
    NVIC_SETFAULTMASK                        0x080010e1   Thumb Code     8  stm32f10x_nvic.o(.text)
    NVIC_RESETFAULTMASK                      0x080010e9   Thumb Code     8  stm32f10x_nvic.o(.text)
    NVIC_BASEPRICONFIG                       0x080010f1   Thumb Code    12  stm32f10x_nvic.o(.text)
    NVIC_GetBASEPRI                          0x080010fd   Thumb Code     8  stm32f10x_nvic.o(.text)
    NVIC_GetCurrentPendingIRQChannel         0x08001105   Thumb Code    10  stm32f10x_nvic.o(.text)
    NVIC_GetIRQChannelPendingBitStatus       0x0800110f   Thumb Code    42  stm32f10x_nvic.o(.text)
    NVIC_SetIRQChannelPendingBit             0x08001139   Thumb Code     6  stm32f10x_nvic.o(.text)
    NVIC_ClearIRQChannelPendingBit           0x0800113f   Thumb Code    20  stm32f10x_nvic.o(.text)
    NVIC_GetCurrentActiveHandler             0x08001153   Thumb Code    10  stm32f10x_nvic.o(.text)
    NVIC_GetIRQChannelActiveBitStatus        0x0800115d   Thumb Code    42  stm32f10x_nvic.o(.text)
    NVIC_GetCPUID                            0x08001187   Thumb Code     8  stm32f10x_nvic.o(.text)
    NVIC_SetVectorTable                      0x0800118f   Thumb Code    14  stm32f10x_nvic.o(.text)
    NVIC_GenerateSystemReset                 0x0800119d   Thumb Code    12  stm32f10x_nvic.o(.text)
    NVIC_GenerateCoreReset                   0x080011a9   Thumb Code    12  stm32f10x_nvic.o(.text)
    NVIC_SystemLPConfig                      0x080011b5   Thumb Code    38  stm32f10x_nvic.o(.text)
    NVIC_SystemHandlerConfig                 0x080011db   Thumb Code    52  stm32f10x_nvic.o(.text)
    NVIC_SystemHandlerPriorityConfig         0x0800120f   Thumb Code    98  stm32f10x_nvic.o(.text)
    NVIC_GetSystemHandlerPendingBitStatus    0x08001271   Thumb Code    44  stm32f10x_nvic.o(.text)
    NVIC_SetSystemHandlerPendingBit          0x0800129d   Thumb Code    26  stm32f10x_nvic.o(.text)
    NVIC_ClearSystemHandlerPendingBit        0x080012b7   Thumb Code    30  stm32f10x_nvic.o(.text)
    NVIC_GetSystemHandlerActiveBitStatus     0x080012d5   Thumb Code    42  stm32f10x_nvic.o(.text)
    NVIC_GetFaultHandlerSources              0x080012ff   Thumb Code    66  stm32f10x_nvic.o(.text)
    NVIC_GetFaultAddress                     0x08001341   Thumb Code    28  stm32f10x_nvic.o(.text)
    TIM_DeInit                               0x08001379   Thumb Code   214  stm32f10x_tim.o(.text)
    TIM_TimeBaseInit                         0x0800144f   Thumb Code    50  stm32f10x_tim.o(.text)
    TIM_OC1Init                              0x08001481   Thumb Code   110  stm32f10x_tim.o(.text)
    TIM_OC2Init                              0x080014ef   Thumb Code   140  stm32f10x_tim.o(.text)
    TIM_OC3Init                              0x0800157b   Thumb Code   136  stm32f10x_tim.o(.text)
    TIM_OC4Init                              0x08001603   Thumb Code    98  stm32f10x_tim.o(.text)
    TIM_SetIC4Prescaler                      0x08001665   Thumb Code    22  stm32f10x_tim.o(.text)
    TIM_SetIC3Prescaler                      0x080016bd   Thumb Code    18  stm32f10x_tim.o(.text)
    TIM_SetIC2Prescaler                      0x0800170b   Thumb Code    22  stm32f10x_tim.o(.text)
    TIM_SetIC1Prescaler                      0x08001771   Thumb Code    18  stm32f10x_tim.o(.text)
    TIM_ICInit                               0x080017b5   Thumb Code   110  stm32f10x_tim.o(.text)
    TIM_PWMIConfig                           0x08001823   Thumb Code   124  stm32f10x_tim.o(.text)
    TIM_BDTRConfig                           0x0800189f   Thumb Code    32  stm32f10x_tim.o(.text)
    TIM_TimeBaseStructInit                   0x080018bf   Thumb Code    18  stm32f10x_tim.o(.text)
    TIM_OCStructInit                         0x080018d1   Thumb Code    20  stm32f10x_tim.o(.text)
    TIM_ICStructInit                         0x080018e5   Thumb Code    18  stm32f10x_tim.o(.text)
    TIM_BDTRStructInit                       0x080018f7   Thumb Code    18  stm32f10x_tim.o(.text)
    TIM_Cmd                                  0x08001909   Thumb Code    24  stm32f10x_tim.o(.text)
    TIM_CtrlPWMOutputs                       0x08001921   Thumb Code    30  stm32f10x_tim.o(.text)
    TIM_ITConfig                             0x0800193f   Thumb Code    24  stm32f10x_tim.o(.text)
    TIM_GenerateEvent                        0x08001957   Thumb Code     4  stm32f10x_tim.o(.text)
    TIM_DMAConfig                            0x0800195b   Thumb Code    10  stm32f10x_tim.o(.text)
    TIM_DMACmd                               0x08001965   Thumb Code    24  stm32f10x_tim.o(.text)
    TIM_InternalClockConfig                  0x0800197d   Thumb Code    12  stm32f10x_tim.o(.text)
    TIM_SelectInputTrigger                   0x08001989   Thumb Code    16  stm32f10x_tim.o(.text)
    TIM_ITRxExternalClockConfig              0x08001999   Thumb Code    24  stm32f10x_tim.o(.text)
    TIM_TIxExternalClockConfig               0x080019b1   Thumb Code    62  stm32f10x_tim.o(.text)
    TIM_ETRConfig                            0x080019ef   Thumb Code    24  stm32f10x_tim.o(.text)
    TIM_ETRClockMode1Config                  0x08001a07   Thumb Code    54  stm32f10x_tim.o(.text)
    TIM_ETRClockMode2Config                  0x08001a3d   Thumb Code    32  stm32f10x_tim.o(.text)
    TIM_PrescalerConfig                      0x08001a5d   Thumb Code     6  stm32f10x_tim.o(.text)
    TIM_CounterModeConfig                    0x08001a63   Thumb Code    16  stm32f10x_tim.o(.text)
    TIM_EncoderInterfaceConfig               0x08001a73   Thumb Code    56  stm32f10x_tim.o(.text)
    TIM_ForcedOC1Config                      0x08001aab   Thumb Code    16  stm32f10x_tim.o(.text)
    TIM_ForcedOC2Config                      0x08001abb   Thumb Code    20  stm32f10x_tim.o(.text)
    TIM_ForcedOC3Config                      0x08001acf   Thumb Code    16  stm32f10x_tim.o(.text)
    TIM_ForcedOC4Config                      0x08001adf   Thumb Code    20  stm32f10x_tim.o(.text)
    TIM_ARRPreloadConfig                     0x08001af3   Thumb Code    24  stm32f10x_tim.o(.text)
    TIM_SelectCOM                            0x08001b0b   Thumb Code    24  stm32f10x_tim.o(.text)
    TIM_SelectCCDMA                          0x08001b23   Thumb Code    24  stm32f10x_tim.o(.text)
    TIM_CCPreloadControl                     0x08001b3b   Thumb Code    24  stm32f10x_tim.o(.text)
    TIM_OC1PreloadConfig                     0x08001b53   Thumb Code    16  stm32f10x_tim.o(.text)
    TIM_OC2PreloadConfig                     0x08001b63   Thumb Code    20  stm32f10x_tim.o(.text)
    TIM_OC3PreloadConfig                     0x08001b77   Thumb Code    16  stm32f10x_tim.o(.text)
    TIM_OC4PreloadConfig                     0x08001b87   Thumb Code    20  stm32f10x_tim.o(.text)
    TIM_OC1FastConfig                        0x08001b9b   Thumb Code    16  stm32f10x_tim.o(.text)
    TIM_OC2FastConfig                        0x08001bab   Thumb Code    20  stm32f10x_tim.o(.text)
    TIM_OC3FastConfig                        0x08001bbf   Thumb Code    16  stm32f10x_tim.o(.text)
    TIM_OC4FastConfig                        0x08001bcf   Thumb Code    20  stm32f10x_tim.o(.text)
    TIM_ClearOC1Ref                          0x08001be3   Thumb Code    16  stm32f10x_tim.o(.text)
    TIM_ClearOC2Ref                          0x08001bf3   Thumb Code    18  stm32f10x_tim.o(.text)
    TIM_ClearOC3Ref                          0x08001c05   Thumb Code    16  stm32f10x_tim.o(.text)
    TIM_ClearOC4Ref                          0x08001c15   Thumb Code    18  stm32f10x_tim.o(.text)
    TIM_OC1PolarityConfig                    0x08001c27   Thumb Code    16  stm32f10x_tim.o(.text)
    TIM_OC1NPolarityConfig                   0x08001c37   Thumb Code    16  stm32f10x_tim.o(.text)
    TIM_OC2PolarityConfig                    0x08001c47   Thumb Code    20  stm32f10x_tim.o(.text)
    TIM_OC2NPolarityConfig                   0x08001c5b   Thumb Code    20  stm32f10x_tim.o(.text)
    TIM_OC3PolarityConfig                    0x08001c6f   Thumb Code    20  stm32f10x_tim.o(.text)
    TIM_OC3NPolarityConfig                   0x08001c83   Thumb Code    20  stm32f10x_tim.o(.text)
    TIM_OC4PolarityConfig                    0x08001c97   Thumb Code    20  stm32f10x_tim.o(.text)
    TIM_CCxCmd                               0x08001cab   Thumb Code    30  stm32f10x_tim.o(.text)
    TIM_CCxNCmd                              0x08001cc9   Thumb Code    30  stm32f10x_tim.o(.text)
    TIM_SelectOCxM                           0x08001ce7   Thumb Code   142  stm32f10x_tim.o(.text)
    TIM_UpdateDisableConfig                  0x08001d75   Thumb Code    24  stm32f10x_tim.o(.text)
    TIM_UpdateRequestConfig                  0x08001d8d   Thumb Code    24  stm32f10x_tim.o(.text)
    TIM_SelectHallSensor                     0x08001da5   Thumb Code    24  stm32f10x_tim.o(.text)
    TIM_SelectOnePulseMode                   0x08001dbd   Thumb Code    18  stm32f10x_tim.o(.text)
    TIM_SelectOutputTrigger                  0x08001dcf   Thumb Code    18  stm32f10x_tim.o(.text)
    TIM_SelectSlaveMode                      0x08001de1   Thumb Code    18  stm32f10x_tim.o(.text)
    TIM_SelectMasterSlaveMode                0x08001df3   Thumb Code    18  stm32f10x_tim.o(.text)
    TIM_SetCounter                           0x08001e05   Thumb Code     4  stm32f10x_tim.o(.text)
    TIM_SetAutoreload                        0x08001e09   Thumb Code     4  stm32f10x_tim.o(.text)
    TIM_SetCompare1                          0x08001e0d   Thumb Code     4  stm32f10x_tim.o(.text)
    TIM_SetCompare2                          0x08001e11   Thumb Code     4  stm32f10x_tim.o(.text)
    TIM_SetCompare3                          0x08001e15   Thumb Code     4  stm32f10x_tim.o(.text)
    TIM_SetCompare4                          0x08001e19   Thumb Code     6  stm32f10x_tim.o(.text)
    TIM_SetClockDivision                     0x08001e1f   Thumb Code    14  stm32f10x_tim.o(.text)
    TIM_GetCapture1                          0x08001e2d   Thumb Code     6  stm32f10x_tim.o(.text)
    TIM_GetCapture2                          0x08001e33   Thumb Code     6  stm32f10x_tim.o(.text)
    TIM_GetCapture3                          0x08001e39   Thumb Code     6  stm32f10x_tim.o(.text)
    TIM_GetCapture4                          0x08001e3f   Thumb Code     8  stm32f10x_tim.o(.text)
    TIM_GetCounter                           0x08001e47   Thumb Code     6  stm32f10x_tim.o(.text)
    TIM_GetPrescaler                         0x08001e4d   Thumb Code     6  stm32f10x_tim.o(.text)
    TIM_GetFlagStatus                        0x08001e53   Thumb Code    18  stm32f10x_tim.o(.text)
    TIM_ClearFlag                            0x08001e65   Thumb Code     6  stm32f10x_tim.o(.text)
    TIM_GetITStatus                          0x08001e6b   Thumb Code    34  stm32f10x_tim.o(.text)
    TIM_ClearITPendingBit                    0x08001e8d   Thumb Code     6  stm32f10x_tim.o(.text)
    NMIException                             0x08001e95   Thumb Code     2  stm32f10x_it.o(.text)
    HardFaultException                       0x08001e97   Thumb Code     4  stm32f10x_it.o(.text)
    MemManageException                       0x08001e9b   Thumb Code     4  stm32f10x_it.o(.text)
    BusFaultException                        0x08001e9f   Thumb Code     4  stm32f10x_it.o(.text)
    UsageFaultException                      0x08001ea3   Thumb Code     4  stm32f10x_it.o(.text)
    DebugMonitor                             0x08001ea7   Thumb Code     2  stm32f10x_it.o(.text)
    SVCHandler                               0x08001ea9   Thumb Code     2  stm32f10x_it.o(.text)
    PendSVC                                  0x08001eab   Thumb Code     2  stm32f10x_it.o(.text)
    SysTickHandler                           0x08001ead   Thumb Code     2  stm32f10x_it.o(.text)
    WWDG_IRQHandler                          0x08001eaf   Thumb Code     2  stm32f10x_it.o(.text)
    PVD_IRQHandler                           0x08001eb1   Thumb Code     2  stm32f10x_it.o(.text)
    TAMPER_IRQHandler                        0x08001eb3   Thumb Code     2  stm32f10x_it.o(.text)
    RTC_IRQHandler                           0x08001eb5   Thumb Code     2  stm32f10x_it.o(.text)
    FLASH_IRQHandler                         0x08001eb7   Thumb Code     2  stm32f10x_it.o(.text)
    RCC_IRQHandler                           0x08001eb9   Thumb Code     2  stm32f10x_it.o(.text)
    EXTI0_IRQHandler                         0x08001ebb   Thumb Code     2  stm32f10x_it.o(.text)
    EXTI1_IRQHandler                         0x08001ebd   Thumb Code     2  stm32f10x_it.o(.text)
    EXTI2_IRQHandler                         0x08001ebf   Thumb Code     2  stm32f10x_it.o(.text)
    EXTI3_IRQHandler                         0x08001ec1   Thumb Code     2  stm32f10x_it.o(.text)
    EXTI4_IRQHandler                         0x08001ec3   Thumb Code   352  stm32f10x_it.o(.text)
    DMA1_Channel1_IRQHandler                 0x08002023   Thumb Code     2  stm32f10x_it.o(.text)
    DMA1_Channel2_IRQHandler                 0x08002025   Thumb Code     2  stm32f10x_it.o(.text)
    DMA1_Channel3_IRQHandler                 0x08002027   Thumb Code     2  stm32f10x_it.o(.text)
    DMA1_Channel4_IRQHandler                 0x08002029   Thumb Code     2  stm32f10x_it.o(.text)
    DMA1_Channel5_IRQHandler                 0x0800202b   Thumb Code     2  stm32f10x_it.o(.text)
    DMA1_Channel6_IRQHandler                 0x0800202d   Thumb Code     2  stm32f10x_it.o(.text)
    DMA1_Channel7_IRQHandler                 0x0800202f   Thumb Code     2  stm32f10x_it.o(.text)
    ADC1_2_IRQHandler                        0x08002031   Thumb Code     2  stm32f10x_it.o(.text)
    USB_HP_CAN_TX_IRQHandler                 0x08002033   Thumb Code     2  stm32f10x_it.o(.text)
    USB_LP_CAN_RX0_IRQHandler                0x08002035   Thumb Code     2  stm32f10x_it.o(.text)
    CAN_RX1_IRQHandler                       0x08002037   Thumb Code     2  stm32f10x_it.o(.text)
    CAN_SCE_IRQHandler                       0x08002039   Thumb Code     2  stm32f10x_it.o(.text)
    EXTI9_5_IRQHandler                       0x0800203b   Thumb Code     2  stm32f10x_it.o(.text)
    TIM1_BRK_IRQHandler                      0x0800203d   Thumb Code     2  stm32f10x_it.o(.text)
    TIM1_UP_IRQHandler                       0x0800203f   Thumb Code     2  stm32f10x_it.o(.text)
    TIM1_TRG_COM_IRQHandler                  0x08002041   Thumb Code     2  stm32f10x_it.o(.text)
    TIM1_CC_IRQHandler                       0x08002043   Thumb Code     2  stm32f10x_it.o(.text)
    TIM2_IRQHandler                          0x08002045   Thumb Code    32  stm32f10x_it.o(.text)
    TIM3_IRQHandler                          0x08002065   Thumb Code     2  stm32f10x_it.o(.text)
    TIM4_IRQHandler                          0x08002067   Thumb Code     2  stm32f10x_it.o(.text)
    I2C1_EV_IRQHandler                       0x08002069   Thumb Code     2  stm32f10x_it.o(.text)
    I2C1_ER_IRQHandler                       0x0800206b   Thumb Code     2  stm32f10x_it.o(.text)
    I2C2_EV_IRQHandler                       0x0800206d   Thumb Code     2  stm32f10x_it.o(.text)
    I2C2_ER_IRQHandler                       0x0800206f   Thumb Code     2  stm32f10x_it.o(.text)
    SPI1_IRQHandler                          0x08002071   Thumb Code     2  stm32f10x_it.o(.text)
    SPI2_IRQHandler                          0x08002073   Thumb Code     2  stm32f10x_it.o(.text)
    USART1_IRQHandler                        0x08002075   Thumb Code     2  stm32f10x_it.o(.text)
    USART2_IRQHandler                        0x08002077   Thumb Code     2  stm32f10x_it.o(.text)
    USART3_IRQHandler                        0x08002079   Thumb Code     2  stm32f10x_it.o(.text)
    EXTI15_10_IRQHandler                     0x0800207b   Thumb Code     2  stm32f10x_it.o(.text)
    RTCAlarm_IRQHandler                      0x0800207d   Thumb Code     2  stm32f10x_it.o(.text)
    USBWakeUp_IRQHandler                     0x0800207f   Thumb Code     2  stm32f10x_it.o(.text)
    TIM8_BRK_IRQHandler                      0x08002081   Thumb Code     2  stm32f10x_it.o(.text)
    TIM8_UP_IRQHandler                       0x08002083   Thumb Code     2  stm32f10x_it.o(.text)
    TIM8_TRG_COM_IRQHandler                  0x08002085   Thumb Code     2  stm32f10x_it.o(.text)
    TIM8_CC_IRQHandler                       0x08002087   Thumb Code     2  stm32f10x_it.o(.text)
    ADC3_IRQHandler                          0x08002089   Thumb Code     2  stm32f10x_it.o(.text)
    FSMC_IRQHandler                          0x0800208b   Thumb Code     2  stm32f10x_it.o(.text)
    SDIO_IRQHandler                          0x0800208d   Thumb Code     2  stm32f10x_it.o(.text)
    TIM5_IRQHandler                          0x0800208f   Thumb Code     2  stm32f10x_it.o(.text)
    SPI3_IRQHandler                          0x08002091   Thumb Code     2  stm32f10x_it.o(.text)
    UART4_IRQHandler                         0x08002093   Thumb Code     2  stm32f10x_it.o(.text)
    UART5_IRQHandler                         0x08002095   Thumb Code     2  stm32f10x_it.o(.text)
    TIM6_IRQHandler                          0x08002097   Thumb Code     2  stm32f10x_it.o(.text)
    TIM7_IRQHandler                          0x08002099   Thumb Code     2  stm32f10x_it.o(.text)
    DMA2_Channel1_IRQHandler                 0x0800209b   Thumb Code     2  stm32f10x_it.o(.text)
    DMA2_Channel2_IRQHandler                 0x0800209d   Thumb Code     2  stm32f10x_it.o(.text)
    DMA2_Channel3_IRQHandler                 0x0800209f   Thumb Code     2  stm32f10x_it.o(.text)
    DMA2_Channel4_5_IRQHandler               0x080020a1   Thumb Code     2  stm32f10x_it.o(.text)
    main                                     0x080020bd   Thumb Code   202  main.o(.text)
    delay_init                               0x08002189   Thumb Code    46  delay.o(.text)
    delay_ms                                 0x080021b7   Thumb Code    54  delay.o(.text)
    delay_us                                 0x080021ed   Thumb Code    52  delay.o(.text)
    MY_NVIC_SetVectorTable                   0x08002225   Thumb Code    12  sys.o(.text)
    MY_NVIC_PriorityGroupConfig              0x08002231   Thumb Code    36  sys.o(.text)
    MY_NVIC_Init                             0x08002255   Thumb Code   148  sys.o(.text)
    Ex_NVIC_Config                           0x080022e9   Thumb Code   148  sys.o(.text)
    MYRCC_DeInit                             0x0800237d   Thumb Code    90  sys.o(.text)
    Sys_Standby                              0x080023d7   Thumb Code    70  sys.o(.text)
    Sys_Soft_Reset                           0x0800241d   Thumb Code    12  sys.o(.text)
    JTAG_Set                                 0x08002429   Thumb Code    44  sys.o(.text)
    Stm32_Clock_Init                         0x08002455   Thumb Code   130  sys.o(.text)
    _sys_exit                                0x08002509   Thumb Code     6  usart.o(.text)
    fputc                                    0x0800250f   Thumb Code    22  usart.o(.text)
    uart_init                                0x08002525   Thumb Code   184  usart.o(.text)
    LED_Init                                 0x080025f5   Thumb Code    44  led.o(.text)
    LED_ON                                   0x08002621   Thumb Code     8  led.o(.text)
    LED_OFF                                  0x08002629   Thumb Code     8  led.o(.text)
    logo                                     0x0800263d   Thumb Code    28  supersharkv1.0.o(.text)
    SuperShark_Init                          0x08002659   Thumb Code   132  supersharkv1.0.o(.text)
    BEEP_Init                                0x080026e1   Thumb Code    44  beep.o(.text)
    BEEP_ON                                  0x0800270d   Thumb Code     8  beep.o(.text)
    BEEP_OFF                                 0x08002715   Thumb Code     8  beep.o(.text)
    SPI_SSSet                                0x08002729   Thumb Code    18  lcd12864.o(.text)
    SPI_Send                                 0x0800273b   Thumb Code    58  lcd12864.o(.text)
    ClrScreen                                0x08002775   Thumb Code    22  lcd12864.o(.text)
    FontSet                                  0x0800278b   Thumb Code    68  lcd12864.o(.text)
    FontMode                                 0x080027cf   Thumb Code    40  lcd12864.o(.text)
    SetBackLight                             0x080027f7   Thumb Code    30  lcd12864.o(.text)
    LCD_Init                                 0x08002815   Thumb Code   218  lcd12864.o(.text)
    FontSet_cn                               0x080028ef   Thumb Code    64  lcd12864.o(.text)
    PutChar                                  0x0800292f   Thumb Code    46  lcd12864.o(.text)
    PutChar_cn                               0x0800295d   Thumb Code    54  lcd12864.o(.text)
    PutString_cn                             0x08002993   Thumb Code   132  lcd12864.o(.text)
    PutBitmap                                0x08002a17   Thumb Code   132  lcd12864.o(.text)
    PutString                                0x08002a9b   Thumb Code    76  lcd12864.o(.text)
    ShowVar                                  0x08002ae7   Thumb Code   114  lcd12864.o(.text)
    DMA_Configuration                        0x08002b59   Thumb Code    68  getsensor.o(.text)
    ADC1_Configuration                       0x08002b9d   Thumb Code   344  getsensor.o(.text)
    GPIO_Configuration                       0x08002cf5   Thumb Code   170  getsensor.o(.text)
    RCC_Configuration                        0x08002d9f   Thumb Code    28  getsensor.o(.text)
    Sensor_Init                              0x08002dbb   Thumb Code    38  getsensor.o(.text)
    filter                                   0x08002de1   Thumb Code    40  getsensor.o(.text)
    AnalogIn                                 0x08002e09   Thumb Code   108  getsensor.o(.text)
    DigitalIn                                0x08002e75   Thumb Code  1096  getsensor.o(.text)
    BatteryVoltage                           0x080032bd   Thumb Code    54  getsensor.o(.text)
    Key_Init                                 0x08003305   Thumb Code   114  key.o(.text)
    Remote_Init                              0x08003389   Thumb Code    68  remote.o(.text)
    Pulse_Width_Check                        0x080033cd   Thumb Code    36  remote.o(.text)
    Remote_Process                           0x080033f1   Thumb Code    60  remote.o(.text)
    servo_Configuration                      0x08003441   Thumb Code   228  driver.o(.text)
    speed_Configuration                      0x08003525   Thumb Code   286  driver.o(.text)
    SMotor                                   0x08003643   Thumb Code   118  driver.o(.text)
    DMotor                                   0x080036b9   Thumb Code   246  driver.o(.text)
    IIC_Init                                 0x080037d5   Thumb Code    58  myiic.o(.text)
    IIC_Start                                0x0800380f   Thumb Code    72  myiic.o(.text)
    IIC_Stop                                 0x08003857   Thumb Code    72  myiic.o(.text)
    IIC_Wait_Ack                             0x0800389f   Thumb Code    90  myiic.o(.text)
    IIC_Ack                                  0x080038f9   Thumb Code    78  myiic.o(.text)
    IIC_NAck                                 0x08003947   Thumb Code    78  myiic.o(.text)
    IIC_Send_Byte                            0x08003995   Thumb Code    98  myiic.o(.text)
    IIC_Read_Byte                            0x080039f7   Thumb Code   106  myiic.o(.text)
    Single_Write_HMC5883                     0x08003a71   Thumb Code    46  gy273.o(.text)
    Single_Read_HMC5883                      0x08003a9f   Thumb Code    66  gy273.o(.text)
    HMC5883_Get_Angle                        0x08003ae1   Thumb Code   406  gy273.o(.text)
    Init_HMC5883                             0x08003c77   Thumb Code    12  gy273.o(.text)
    Timer2_init                              0x08003c95   Thumb Code    94  timer.o(.text)
    StartTimer                               0x08003cf3   Thumb Code    16  timer.o(.text)
    GetTimer                                 0x08003d03   Thumb Code    20  timer.o(.text)
    SuperShark_Time                          0x08003d17   Thumb Code     2  timer.o(.text)
    __use_no_semihosting                     0x08003d1d   Thumb Code     2  use_no_semi_2.o(.text)
    __use_two_region_memory                  0x08003d1f   Thumb Code     2  heapauxi.o(.text)
    __rt_heap_escrow$2region                 0x08003d21   Thumb Code     2  heapauxi.o(.text)
    __rt_heap_expand$2region                 0x08003d23   Thumb Code     2  heapauxi.o(.text)
    __I$use$semihosting                      0x08003d25   Thumb Code     0  use_no_semi.o(.text)
    __use_no_semihosting_swi                 0x08003d25   Thumb Code     2  use_no_semi.o(.text)
    __read_errno                             0x08003d27   Thumb Code    10  _rserrno.o(.text)
    __set_errno                              0x08003d31   Thumb Code    12  _rserrno.o(.text)
    __aeabi_errno_addr                       0x08003d3d   Thumb Code    12  rt_errno_addr_intlibspace.o(.text)
    __errno$intlibspace                      0x08003d3d   Thumb Code     0  rt_errno_addr_intlibspace.o(.text)
    __rt_errno_addr$intlibspace              0x08003d3d   Thumb Code     0  rt_errno_addr_intlibspace.o(.text)
    __user_libspace                          0x08003d49   Thumb Code     8  libspace.o(.text)
    __user_perproc_libspace                  0x08003d49   Thumb Code     0  libspace.o(.text)
    __user_perthread_libspace                0x08003d49   Thumb Code     0  libspace.o(.text)
    __user_setup_stackheap                   0x08003d51   Thumb Code    74  sys_stackheap_outer.o(.text)
    exit                                     0x08003d9b   Thumb Code    12  exit.o(.text)
    __kernel_poly                            0x08003da7   Thumb Code   162  poly.o(i.__kernel_poly)
    atan                                     0x08003e49   Thumb Code   474  atan.o(i.atan)
    atan2                                    0x08004071   Thumb Code   306  atan2.o(i.atan2)
    __aeabi_d2f                              0x080041e9   Thumb Code     0  d2f.o(x$fpl$d2f)
    _d2f                                     0x080041e9   Thumb Code   142  d2f.o(x$fpl$d2f)
    __fpl_inf_d2f                            0x08004271   Thumb Code     0  d2f.o(x$fpl$d2f)
    __aeabi_dadd                             0x0800427d   Thumb Code     0  daddsub_clz.o(x$fpl$dadd)
    _dadd                                    0x0800427d   Thumb Code   424  daddsub_clz.o(x$fpl$dadd)
    __fpl_inf_dadd                           0x080043ef   Thumb Code     0  daddsub_clz.o(x$fpl$dadd)
    __fpl_dcheck_NaN2                        0x08004435   Thumb Code    10  dcheck.o(x$fpl$dcheck)
    __fpl_dcheck_NaN1                        0x08004445   Thumb Code    10  dcheck1.o(x$fpl$dcheck1)
    __fpl_dcmp_InfNaN                        0x08004455   Thumb Code   120  dcmpin.o(x$fpl$dcmpinfnan)
    __fpl_inf_dcmp                           0x08004477   Thumb Code     0  dcmpin.o(x$fpl$dcmpinfnan)
    __aeabi_ddiv                             0x080044cd   Thumb Code     0  ddiv.o(x$fpl$ddiv)
    _ddiv                                    0x080044cd   Thumb Code   428  ddiv.o(x$fpl$ddiv)
    __fpl_inf_ddiv                           0x08004641   Thumb Code     0  ddiv.o(x$fpl$ddiv)
    _ddiv_mantissas                          0x08004679   Thumb Code   324  ddiv.o(x$fpl$ddiv)
    __aeabi_i2d                              0x080048cd   Thumb Code     0  dflt_clz.o(x$fpl$dflt)
    _dflt                                    0x080048cd   Thumb Code    44  dflt_clz.o(x$fpl$dflt)
    __dflt_normalise                         0x080048db   Thumb Code     0  dflt_clz.o(x$fpl$dflt)
    __aeabi_dmul                             0x080048f9   Thumb Code     0  dmul.o(x$fpl$dmul)
    _dmul                                    0x080048f9   Thumb Code   440  dmul.o(x$fpl$dmul)
    __fpl_inf_dmul                           0x08004a83   Thumb Code     0  dmul.o(x$fpl$dmul)
    __aeabi_cdrcmple                         0x08004ac1   Thumb Code     0  drleqf.o(x$fpl$drleqf)
    _drcmple                                 0x08004ac1   Thumb Code   130  drleqf.o(x$fpl$drleqf)
    __aeabi_drsub                            0x08004b49   Thumb Code     0  daddsub_clz.o(x$fpl$drsb)
    _drsb                                    0x08004b49   Thumb Code    22  daddsub_clz.o(x$fpl$drsb)
    __aeabi_dsub                             0x08004b61   Thumb Code     0  daddsub_clz.o(x$fpl$dsub)
    _dsub                                    0x08004b61   Thumb Code   572  daddsub_clz.o(x$fpl$dsub)
    __fpl_inf_dsub                           0x08004d65   Thumb Code     0  daddsub_clz.o(x$fpl$dsub)
    __dunder                                 0x08004da9   Thumb Code   234  dunder.o(x$fpl$dunder)
    __dunder_d                               0x08004e93   Thumb Code     2  dunder.o(x$fpl$dunder)
    __aeabi_f2d                              0x08004e95   Thumb Code     0  f2d.o(x$fpl$f2d)
    _f2d                                     0x08004e95   Thumb Code    76  f2d.o(x$fpl$f2d)
    __fpl_inf_f2d                            0x08004ed9   Thumb Code     0  f2d.o(x$fpl$f2d)
    __aeabi_fadd                             0x08004ee5   Thumb Code     0  faddsub_clz.o(x$fpl$fadd)
    _fadd                                    0x08004ee5   Thumb Code   248  faddsub_clz.o(x$fpl$fadd)
    __fpl_inf_fadd                           0x08004fbf   Thumb Code     0  faddsub_clz.o(x$fpl$fadd)
    __fpl_fcheck_NaN2                        0x08004fe5   Thumb Code     6  fcheck.o(x$fpl$fcheck)
    __fpl_fcheck_NaN1                        0x08004ff1   Thumb Code     6  fcheck1.o(x$fpl$fcheck1)
    __aeabi_fdiv                             0x08004ffd   Thumb Code     0  fdiv.o(x$fpl$fdiv)
    _fdiv                                    0x08004ffd   Thumb Code   476  fdiv.o(x$fpl$fdiv)
    __fpl_inf_fdiv                           0x080051a1   Thumb Code     0  fdiv.o(x$fpl$fdiv)
    __aeabi_f2uiz                            0x080051e1   Thumb Code     0  ffixu.o(x$fpl$ffixu)
    _ffixu                                   0x080051e1   Thumb Code    82  ffixu.o(x$fpl$ffixu)
    __fpl_inf_ffixu                          0x0800522d   Thumb Code     0  ffixu.o(x$fpl$ffixu)
    __aeabi_i2f                              0x08005239   Thumb Code     0  fflt_clz.o(x$fpl$fflt)
    _fflt                                    0x08005239   Thumb Code    50  fflt_clz.o(x$fpl$fflt)
    __fflt_normalise                         0x08005245   Thumb Code     0  fflt_clz.o(x$fpl$fflt)
    __aeabi_ui2f                             0x0800526b   Thumb Code     0  fflt_clz.o(x$fpl$ffltu)
    _ffltu                                   0x0800526b   Thumb Code     8  fflt_clz.o(x$fpl$ffltu)
    __aeabi_fmul                             0x08005275   Thumb Code     0  fmul.o(x$fpl$fmul)
    _fmul                                    0x08005275   Thumb Code   258  fmul.o(x$fpl$fmul)
    __fpl_inf_fmul                           0x08005361   Thumb Code     0  fmul.o(x$fpl$fmul)
    __fpl_normalise2                         0x0800537d   Thumb Code    74  fnorm2_clz.o(x$fpl$fnorm2)
    __aeabi_frsub                            0x080053c7   Thumb Code     0  faddsub_clz.o(x$fpl$frsb)
    _frsb                                    0x080053c7   Thumb Code    20  faddsub_clz.o(x$fpl$frsb)
    __aeabi_fsub                             0x080053dd   Thumb Code     0  faddsub_clz.o(x$fpl$fsub)
    _fsub                                    0x080053dd   Thumb Code   282  faddsub_clz.o(x$fpl$fsub)
    __fpl_inf_fsub                           0x080054d7   Thumb Code     0  faddsub_clz.o(x$fpl$fsub)
    __funder                                 0x08005501   Thumb Code   132  funder.o(x$fpl$funder)
    __funder_d                               0x08005585   Thumb Code     2  funder.o(x$fpl$funder)
    __fpl_return_NaN                         0x08005587   Thumb Code   100  retnan.o(x$fpl$retnan)
    __ARM_scalbn                             0x080055eb   Thumb Code     0  scalbn.o(x$fpl$scalbn)
    scalbn                                   0x080055eb   Thumb Code    96  scalbn.o(x$fpl$scalbn)
    __fpl_inf_scalbn                         0x08005649   Thumb Code     0  scalbn.o(x$fpl$scalbn)
    __fpl_cmpreturn                          0x0800564b   Thumb Code    48  trapv.o(x$fpl$trapveneer)
    __I$use$fp                               0x0800567b   Thumb Code     0  usenofp.o(x$fpl$usenofp)
    gImage_logo                              0x0800568e   Data         576  lcd12864.o(.constdata)
    __mathlib_zero                           0x08005968   Data           8  qnan.o(.constdata)
    Region$$Table$$Base                      0x08005970   Number         0  anon$$obj.o(Region$$Table)
    Region$$Table$$Limit                     0x08005990   Number         0  anon$$obj.o(Region$$Table)
    TIM2_num                                 0x20000000   Data           4  stm32f10x_it.o(.data)
    X_Witch                                  0x20000008   Data           1  lcd12864.o(.data)
    Y_Witch                                  0x20000009   Data           1  lcd12864.o(.data)
    X_Witch_cn                               0x2000000a   Data           1  lcd12864.o(.data)
    Y_Witch_cn                               0x2000000b   Data           1  lcd12864.o(.data)
    Dis_Zero                                 0x2000000c   Data           1  lcd12864.o(.data)
    Remote_Odr                               0x20000010   Data           4  remote.o(.data)
    Remote_Cnt                               0x20000014   Data           1  remote.o(.data)
    Remote_Rdy                               0x20000015   Data           1  remote.o(.data)
    AD_Value                                 0x20000018   Data         100  getsensor.o(.bss)
    After_filter                             0x2000007c   Data          32  getsensor.o(.bss)
    __libspace_start                         0x2000009c   Data          96  libspace.o(.bss)
    __temporary_stack_top$libspace           0x200000fc   Data           0  libspace.o(.bss)



==============================================================================

Memory Map of the image

  Image Entry point : 0x0800024d

  Load Region LR_1 (Base: 0x08000000, Size: 0x000059a8, Max: 0xffffffff, ABSOLUTE)

    Execution Region ER_RO (Base: 0x08000000, Size: 0x00005990, Max: 0xffffffff, ABSOLUTE)

    Base Addr    Size         Type   Attr      Idx    E Section Name        Object

    0x08000000   0x00000130   Data   RO            4    RESET               stm32f10x_vector.o
    0x08000130   0x00000008   Code   RO           42  * !!!main             __main.o(c_w.l)
    0x08000138   0x00000034   Code   RO          212    !!!scatter          __scatter.o(c_w.l)
    0x0800016c   0x0000001a   Code   RO          213    !!handler_copy      __scatter_copy.o(c_w.l)
    0x08000186   0x00000002   PAD
    0x08000188   0x0000001c   Code   RO          214    !!handler_zi        __scatter_zi.o(c_w.l)
    0x080001a4   0x00000006   Code   RO          116    .ARM.Collect$$libinit$$00000000  libinit.o(c_w.l)
    0x080001aa   0x00000000   Code   RO          123    .ARM.Collect$$libinit$$00000006  libinit2.o(c_w.l)
    0x080001aa   0x00000000   Code   RO          125    .ARM.Collect$$libinit$$00000008  libinit2.o(c_w.l)
    0x080001aa   0x00000000   Code   RO          127    .ARM.Collect$$libinit$$0000000A  libinit2.o(c_w.l)
    0x080001aa   0x00000000   Code   RO          130    .ARM.Collect$$libinit$$0000000D  libinit2.o(c_w.l)
    0x080001aa   0x00000000   Code   RO          132    .ARM.Collect$$libinit$$0000000F  libinit2.o(c_w.l)
    0x080001aa   0x00000000   Code   RO          134    .ARM.Collect$$libinit$$00000011  libinit2.o(c_w.l)
    0x080001aa   0x00000000   Code   RO          136    .ARM.Collect$$libinit$$00000013  libinit2.o(c_w.l)
    0x080001aa   0x00000000   Code   RO          138    .ARM.Collect$$libinit$$00000015  libinit2.o(c_w.l)
    0x080001aa   0x00000000   Code   RO          140    .ARM.Collect$$libinit$$00000017  libinit2.o(c_w.l)
    0x080001aa   0x00000000   Code   RO          142    .ARM.Collect$$libinit$$00000019  libinit2.o(c_w.l)
    0x080001aa   0x00000000   Code   RO          144    .ARM.Collect$$libinit$$0000001B  libinit2.o(c_w.l)
    0x080001aa   0x00000000   Code   RO          146    .ARM.Collect$$libinit$$0000001D  libinit2.o(c_w.l)
    0x080001aa   0x00000000   Code   RO          148    .ARM.Collect$$libinit$$0000001F  libinit2.o(c_w.l)
    0x080001aa   0x00000000   Code   RO          150    .ARM.Collect$$libinit$$00000021  libinit2.o(c_w.l)
    0x080001aa   0x00000000   Code   RO          154    .ARM.Collect$$libinit$$00000028  libinit2.o(c_w.l)
    0x080001aa   0x00000000   Code   RO          156    .ARM.Collect$$libinit$$0000002A  libinit2.o(c_w.l)
    0x080001aa   0x00000000   Code   RO          158    .ARM.Collect$$libinit$$0000002C  libinit2.o(c_w.l)
    0x080001aa   0x00000000   Code   RO          160    .ARM.Collect$$libinit$$0000002E  libinit2.o(c_w.l)
    0x080001aa   0x00000002   Code   RO          161    .ARM.Collect$$libinit$$0000002F  libinit2.o(c_w.l)
    0x080001ac   0x00000002   Code   RO          175    .ARM.Collect$$libshutdown$$00000000  libshutdown.o(c_w.l)
    0x080001ae   0x00000000   Code   RO          182    .ARM.Collect$$libshutdown$$00000003  libshutdown2.o(c_w.l)
    0x080001ae   0x00000000   Code   RO          185    .ARM.Collect$$libshutdown$$00000006  libshutdown2.o(c_w.l)
    0x080001ae   0x00000000   Code   RO          188    .ARM.Collect$$libshutdown$$00000009  libshutdown2.o(c_w.l)
    0x080001ae   0x00000000   Code   RO          190    .ARM.Collect$$libshutdown$$0000000B  libshutdown2.o(c_w.l)
    0x080001ae   0x00000000   Code   RO          193    .ARM.Collect$$libshutdown$$0000000E  libshutdown2.o(c_w.l)
    0x080001ae   0x00000002   Code   RO          194    .ARM.Collect$$libshutdown$$0000000F  libshutdown2.o(c_w.l)
    0x080001b0   0x00000000   Code   RO           62    .ARM.Collect$$rtentry$$00000000  rtentry.o(c_w.l)
    0x080001b0   0x00000000   Code   RO           82    .ARM.Collect$$rtentry$$00000002  rtentry2.o(c_w.l)
    0x080001b0   0x00000006   Code   RO           97    .ARM.Collect$$rtentry$$00000004  rtentry4.o(c_w.l)
    0x080001b6   0x00000000   Code   RO           84    .ARM.Collect$$rtentry$$00000009  rtentry2.o(c_w.l)
    0x080001b6   0x00000004   Code   RO           85    .ARM.Collect$$rtentry$$0000000A  rtentry2.o(c_w.l)
    0x080001ba   0x00000000   Code   RO           87    .ARM.Collect$$rtentry$$0000000C  rtentry2.o(c_w.l)
    0x080001ba   0x00000008   Code   RO           88    .ARM.Collect$$rtentry$$0000000D  rtentry2.o(c_w.l)
    0x080001c2   0x00000000   Code   RO          119    .ARM.Collect$$rtexit$$00000000  rtexit.o(c_w.l)
    0x080001c2   0x00000000   Code   RO          164    .ARM.Collect$$rtexit$$00000002  rtexit2.o(c_w.l)
    0x080001c2   0x00000004   Code   RO          165    .ARM.Collect$$rtexit$$00000003  rtexit2.o(c_w.l)
    0x080001c6   0x00000004   Code   RO          166    .ARM.Collect$$rtexit$$00000004  rtexit2.o(c_w.l)
    0x080001ca   0x00000002   PAD
    0x080001cc   0x00000002   Code   RO           18    .emb_text           sys.o
    0x080001ce   0x00000002   PAD
    0x080001d0   0x0000007a   Code   RO            1    .text               cortexm3_macro.o
    0x0800024a   0x00000002   PAD
    0x0800024c   0x00000024   Code   RO            5  * .text               stm32f10x_vector.o
    0x08000270   0x0000031c   Code   RO            6    .text               stm32f10x_gpio.o
    0x0800058c   0x0000038c   Code   RO            7    .text               stm32f10x_rcc.o
    0x08000918   0x00000422   Code   RO            9    .text               stm32f10x_adc.o
    0x08000d3a   0x00000002   PAD
    0x08000d3c   0x00000250   Code   RO           10    .text               stm32f10x_dma.o
    0x08000f8c   0x000003ec   Code   RO           11    .text               stm32f10x_nvic.o
    0x08001378   0x00000b1a   Code   RO           12    .text               stm32f10x_tim.o
    0x08001e92   0x00000002   PAD
    0x08001e94   0x00000228   Code   RO           13    .text               stm32f10x_it.o
    0x080020bc   0x000000ca   Code   RO           15    .text               main.o
    0x08002186   0x00000002   PAD
    0x08002188   0x0000009c   Code   RO           16    .text               delay.o
    0x08002224   0x000002e4   Code   RO           19    .text               sys.o
    0x08002508   0x000000ec   Code   RO           20    .text               usart.o
    0x080025f4   0x00000048   Code   RO           22    .text               led.o
    0x0800263c   0x000000a4   Code   RO           23    .text               supersharkv1.0.o
    0x080026e0   0x00000048   Code   RO           24    .text               beep.o
    0x08002728   0x00000430   Code   RO           25    .text               lcd12864.o
    0x08002b58   0x000007ac   Code   RO           28    .text               getsensor.o
    0x08003304   0x00000084   Code   RO           30    .text               key.o
    0x08003388   0x000000b8   Code   RO           31    .text               remote.o
    0x08003440   0x00000394   Code   RO           33    .text               driver.o
    0x080037d4   0x0000029c   Code   RO           34    .text               myiic.o
    0x08003a70   0x00000224   Code   RO           35    .text               gy273.o
    0x08003c94   0x00000088   Code   RO           37    .text               timer.o
    0x08003d1c   0x00000002   Code   RO           40    .text               use_no_semi_2.o(c_w.l)
    0x08003d1e   0x00000006   Code   RO           41    .text               heapauxi.o(c_w.l)
    0x08003d24   0x00000002   Code   RO           61    .text               use_no_semi.o(c_w.l)
    0x08003d26   0x00000016   Code   RO           64    .text               _rserrno.o(c_w.l)
    0x08003d3c   0x0000000c   Code   RO          101    .text               rt_errno_addr_intlibspace.o(c_w.l)
    0x08003d48   0x00000008   Code   RO          109    .text               libspace.o(c_w.l)
    0x08003d50   0x0000004a   Code   RO          111    .text               sys_stackheap_outer.o(c_w.l)
    0x08003d9a   0x0000000c   Code   RO          112    .text               exit.o(c_w.l)
    0x08003da6   0x000000a2   Code   RO          108    i.__kernel_poly     poly.o(m_ws.l)
    0x08003e48   0x00000228   Code   RO           78    i.atan              atan.o(m_ws.l)
    0x08004070   0x00000178   Code   RO           60    i.atan2             atan2.o(m_ws.l)
    0x080041e8   0x00000094   Code   RO           43    x$fpl$d2f           d2f.o(fz_ws.l)
    0x0800427c   0x000001b8   Code   RO           44    x$fpl$dadd          daddsub_clz.o(fz_ws.l)
    0x08004434   0x00000010   Code   RO           65    x$fpl$dcheck        dcheck.o(fz_ws.l)
    0x08004444   0x00000010   Code   RO           66    x$fpl$dcheck1       dcheck1.o(fz_ws.l)
    0x08004454   0x00000078   Code   RO          117    x$fpl$dcmpinfnan    dcmpin.o(fz_ws.l)
    0x080044cc   0x00000400   Code   RO           68    x$fpl$ddiv          ddiv.o(fz_ws.l)
    0x080048cc   0x0000002c   Code   RO           70    x$fpl$dflt          dflt_clz.o(fz_ws.l)
    0x080048f8   0x000001c8   Code   RO           47    x$fpl$dmul          dmul.o(fz_ws.l)
    0x08004ac0   0x00000088   Code   RO          102    x$fpl$drleqf        drleqf.o(fz_ws.l)
    0x08004b48   0x00000016   Code   RO           45    x$fpl$drsb          daddsub_clz.o(fz_ws.l)
    0x08004b5e   0x00000002   PAD
    0x08004b60   0x00000248   Code   RO           46    x$fpl$dsub          daddsub_clz.o(fz_ws.l)
    0x08004da8   0x000000ec   Code   RO           71    x$fpl$dunder        dunder.o(fz_ws.l)
    0x08004e94   0x00000050   Code   RO           48    x$fpl$f2d           f2d.o(fz_ws.l)
    0x08004ee4   0x00000100   Code   RO           49    x$fpl$fadd          faddsub_clz.o(fz_ws.l)
    0x08004fe4   0x0000000c   Code   RO           72    x$fpl$fcheck        fcheck.o(fz_ws.l)
    0x08004ff0   0x0000000c   Code   RO           73    x$fpl$fcheck1       fcheck1.o(fz_ws.l)
    0x08004ffc   0x000001e4   Code   RO           53    x$fpl$fdiv          fdiv.o(fz_ws.l)
    0x080051e0   0x00000058   Code   RO           54    x$fpl$ffixu         ffixu.o(fz_ws.l)
    0x08005238   0x00000032   Code   RO           57    x$fpl$fflt          fflt_clz.o(fz_ws.l)
    0x0800526a   0x00000008   Code   RO           56    x$fpl$ffltu         fflt_clz.o(fz_ws.l)
    0x08005272   0x00000002   PAD
    0x08005274   0x00000108   Code   RO           58    x$fpl$fmul          fmul.o(fz_ws.l)
    0x0800537c   0x0000004a   Code   RO           74    x$fpl$fnorm2        fnorm2_clz.o(fz_ws.l)
    0x080053c6   0x00000014   Code   RO           50    x$fpl$frsb          faddsub_clz.o(fz_ws.l)
    0x080053da   0x00000002   PAD
    0x080053dc   0x00000124   Code   RO           51    x$fpl$fsub          faddsub_clz.o(fz_ws.l)
    0x08005500   0x00000086   Code   RO           75    x$fpl$funder        funder.o(fz_ws.l)
    0x08005586   0x00000064   Code   RO          103    x$fpl$retnan        retnan.o(fz_ws.l)
    0x080055ea   0x00000060   Code   RO          107    x$fpl$scalbn        scalbn.o(fz_ws.l)
    0x0800564a   0x00000030   Code   RO          118    x$fpl$trapveneer    trapv.o(fz_ws.l)
    0x0800567a   0x00000000   Code   RO           76    x$fpl$usenofp       usenofp.o(fz_ws.l)
    0x0800567a   0x00000014   Data   RO            8    .constdata          stm32f10x_rcc.o
    0x0800568e   0x00000240   Data   RO           26    .constdata          lcd12864.o
    0x080058ce   0x00000002   PAD
    0x080058d0   0x00000098   Data   RO           79    .constdata          atan.o(m_ws.l)
    0x08005968   0x00000008   Data   RO           80    .constdata          qnan.o(m_ws.l)
    0x08005970   0x00000020   Data   RO          210    Region$$Table       anon$$obj.o


    Execution Region ER_RW (Base: 0x20000000, Size: 0x00000018, Max: 0xffffffff, ABSOLUTE)

    Base Addr    Size         Type   Attr      Idx    E Section Name        Object

    0x20000000   0x00000004   Data   RW           14    .data               stm32f10x_it.o
    0x20000004   0x00000004   Data   RW           17    .data               delay.o
    0x20000008   0x00000005   Data   RW           27    .data               lcd12864.o
    0x2000000d   0x00000003   PAD
    0x20000010   0x00000006   Data   RW           32    .data               remote.o


    Execution Region ER_ZI (Base: 0x20000018, Size: 0x000008e8, Max: 0xffffffff, ABSOLUTE)

    Base Addr    Size         Type   Attr      Idx    E Section Name        Object

    0x20000018   0x00000084   Zero   RW           29    .bss                getsensor.o
    0x2000009c   0x00000060   Zero   RW          110    .bss                libspace.o(c_w.l)
    0x200000fc   0x00000004   PAD
    0x20000100   0x00000400   Zero   RW            3    HEAP                stm32f10x_vector.o
    0x20000500   0x00000400   Zero   RW            2    STACK               stm32f10x_vector.o


==============================================================================

Image component sizes


      Code (inc. data)   RO Data    RW Data    ZI Data      Debug   Object Name

        72         12          0          0          0          0   beep.o
       122          0          0          0          0          0   cortexm3_macro.o
       156          4          0          4          0          0   delay.o
       916         38          0          0          0          0   driver.o
      1964        126          0          0        132          0   getsensor.o
       548         18          0          0          0          0   gy273.o
       132         18          0          0          0          0   key.o
      1072         56        576          5          0          0   lcd12864.o
        72         12          0          0          0          0   led.o
       202          0          0          0          0          0   main.o
       668         16          0          0          0          0   myiic.o
       184         20          0          6          0          0   remote.o
      1058         26          0          0          0          0   stm32f10x_adc.o
       592         16          0          0          0          0   stm32f10x_dma.o
       796         18          0          0          0          0   stm32f10x_gpio.o
       552         26          0          4          0          0   stm32f10x_it.o
      1004         28          0          0          0          0   stm32f10x_nvic.o
       908         32         20          0          0          0   stm32f10x_rcc.o
      2842         16          0          0          0          0   stm32f10x_tim.o
        36         22        304          0       2048          0   stm32f10x_vector.o
       164          4          0          0          0          0   supersharkv1.0.o
       742         50          0          0          0          0   sys.o
       136          4          0          0          0          0   timer.o
       236         24          0          0          0          0   usart.o

    ----------------------------------------------------------------------
     15184        586        934         24       2180          0   Object Totals
         0          0         32          0          0          0   (incl. Generated)
        10          0          2          5          0          0   (incl. Padding)

    ----------------------------------------------------------------------

      Code (inc. data)   RO Data    RW Data    ZI Data      Debug   Library Member Name

         8          0          0          0          0          0   __main.o
        52          8          0          0          0          0   __scatter.o
        26          0          0          0          0          0   __scatter_copy.o
        28          0          0          0          0          0   __scatter_zi.o
        22          0          0          0          0          0   _rserrno.o
       552         78        152          0          0          0   atan.o
       376         70          0          0          0          0   atan2.o
       148          6          0          0          0          0   d2f.o
      1046         28          0          0          0          0   daddsub_clz.o
        16          6          0          0          0          0   dcheck.o
        16          6          0          0          0          0   dcheck1.o
       120          0          0          0          0          0   dcmpin.o
      1024        272          0          0          0          0   ddiv.o
        44          0          0          0          0          0   dflt_clz.o
       456         16          0          0          0          0   dmul.o
       136          6          0          0          0          0   drleqf.o
       236          0          0          0          0          0   dunder.o
        12          0          0          0          0          0   exit.o
        80          4          0          0          0          0   f2d.o
       568         18          0          0          0          0   faddsub_clz.o
        12          6          0          0          0          0   fcheck.o
        12          6          0          0          0          0   fcheck1.o
       484         76          0          0          0          0   fdiv.o
        88          6          0          0          0          0   ffixu.o
        58          0          0          0          0          0   fflt_clz.o
       264          6          0          0          0          0   fmul.o
        74          0          0          0          0          0   fnorm2_clz.o
       134          0          0          0          0          0   funder.o
         6          0          0          0          0          0   heapauxi.o
         6          0          0          0          0          0   libinit.o
         2          0          0          0          0          0   libinit2.o
         2          0          0          0          0          0   libshutdown.o
         2          0          0          0          0          0   libshutdown2.o
         8          4          0          0         96          0   libspace.o
       162          0          0          0          0          0   poly.o
         0          0          8          0          0          0   qnan.o
       100          0          0          0          0          0   retnan.o
        12          6          0          0          0          0   rt_errno_addr_intlibspace.o
         0          0          0          0          0          0   rtentry.o
        12          0          0          0          0          0   rtentry2.o
         6          0          0          0          0          0   rtentry4.o
         0          0          0          0          0          0   rtexit.o
         8          0          0          0          0          0   rtexit2.o
        96          0          0          0          0          0   scalbn.o
        74          0          0          0          0          0   sys_stackheap_outer.o
        48          0          0          0          0          0   trapv.o
         2          0          0          0          0          0   use_no_semi.o
         2          0          0          0          0          0   use_no_semi_2.o
         0          0          0          0          0          0   usenofp.o

    ----------------------------------------------------------------------
      6650        628        160          0        100          0   Library Totals
        10          0          0          0          4          0   (incl. Padding)

    ----------------------------------------------------------------------

      Code (inc. data)   RO Data    RW Data    ZI Data      Debug   Library Name

       290         18          0          0         96          0   c_w.l
      5260        462          0          0          0          0   fz_ws.l
      1090        148        160          0          0          0   m_ws.l

    ----------------------------------------------------------------------
      6650        628        160          0        100          0   Library Totals

    ----------------------------------------------------------------------

==============================================================================


      Code (inc. data)   RO Data    RW Data    ZI Data      Debug   

     21834       1214       1094         24       2280          0   Grand Totals
     21834       1214       1094         24       2280          0   ELF Image Totals
     21834       1214       1094         24          0          0   ROM Totals

==============================================================================

    Total RO  Size (Code + RO Data)                22928 (  22.39kB)
    Total RW  Size (RW Data + ZI Data)              2304 (   2.25kB)
    Total ROM Size (Code + RO Data + RW Data)      22952 (  22.41kB)

==============================================================================

